05-23 15:28:46.882   279   279 E HWComposer: getLayerReleaseFence: Invalid display
05-23 15:28:46.923   313   843 I gralloc : Registering handle 0xa73bc840 coming from the same process
05-23 15:28:46.923   313   843 I gralloc : gralloc_unregister_buffer hnd=0xa73bc900, share_fd=42, share_attr_fd=43, magic=51647890, format=1, internal_format=1, byte_stride=960, flags=4, usage=0x10200, size=230400, width=240, height=240, internalWidth=240, internalHeight=240, stride=240, base=0xa8624000, writeOwner=0, attr_base=0xffffffff, yuv_info=1, fd=-1, buf_idx=0, offset=0, min_pgsz=4096, phyaddr=0
05-23 15:28:46.925   313  2005 I SPRDAVCEncoder: H264EncStrmEncode[17983] 1ms, in {0xa8624000-0x10070000, 240x240, 5}, out {0xa894e000-179, 1}, wh{0, 0}, xy{0, 0}
05-23 15:28:46.926   279   279 E HWComposer: getLayerReleaseFence: Invalid display
05-23 15:28:46.967   313   843 I gralloc : Registering handle 0xa73bc900 coming from the same process
05-23 15:28:46.967   313   843 I gralloc : gralloc_unregister_buffer hnd=0xa73bc600, share_fd=36, share_attr_fd=37, magic=51647890, format=1, internal_format=1, byte_stride=960, flags=4, usage=0x10200, size=230400, width=240, height=240, internalWidth=240, internalHeight=240, stride=240, base=0xa88fa000, writeOwner=0, attr_base=0xffffffff, yuv_info=1, fd=-1, buf_idx=0, offset=0, min_pgsz=4096, phyaddr=0
05-23 15:28:46.970   279   279 E HWComposer: getLayerReleaseFence: Invalid display
05-23 15:28:46.972   313  2005 I SPRDAVCEncoder: H264EncStrmEncode[17984] 1ms, in {0xa88fa000-0x10070000, 240x240, 5}, out {0xa894e000-1922, 1}, wh{0, 0}, xy{0, 0}
05-23 15:28:47.008   313   843 I gralloc : Registering handle 0xa73bc600 coming from the same process
05-23 15:28:47.008   313   843 I gralloc : gralloc_unregister_buffer hnd=0xa73bc6c0, share_fd=44, share_attr_fd=45, magic=51647890, format=1, internal_format=1, byte_stride=960, flags=4, usage=0x10200, size=230400, width=240, height=240, internalWidth=240, internalHeight=240, stride=240, base=0xa8624000, writeOwner=0, attr_base=0xffffffff, yuv_info=1, fd=-1, buf_idx=0, offset=0, min_pgsz=4096, phyaddr=0
05-23 15:28:47.010   279   279 E HWComposer: getLayerReleaseFence: Invalid display
05-23 15:28:47.012   313  2005 I SPRDAVCEncoder: H264EncStrmEncode[17985] 3ms, in {0xa8624000-0x10070000, 240x240, 5}, out {0xa894e000-264, 1}, wh{0, 0}, xy{0, 0}
05-23 15:28:47.051   313   843 I gralloc : Registering handle 0xa73bc6c0 coming from the same process
05-23 15:28:47.052   313   843 I gralloc : gralloc_unregister_buffer hnd=0xa73bc780, share_fd=38, share_attr_fd=39, magic=51647890, format=1, internal_format=1, byte_stride=960, flags=4, usage=0x10200, size=230400, width=240, height=240, internalWidth=240, internalHeight=240, stride=240, base=0xa88fa000, writeOwner=0, attr_base=0xffffffff, yuv_info=1, fd=-1, buf_idx=0, offset=0, min_pgsz=4096, phyaddr=0
05-23 15:28:47.054   279   279 E HWComposer: getLayerReleaseFence: Invalid display
05-23 15:28:47.055   313  2005 I SPRDAVCEncoder: H264EncStrmEncode[17986] 1ms, in {0xa88fa000-0x10070000, 240x240, 5}, out {0xa894e000-524, 1}, wh{0, 0}, xy{0, 0}
05-23 15:28:47.093   313   843 I gralloc : Registering handle 0xa73bc780 coming from the same process
05-23 15:28:47.093   313   843 I gralloc : gralloc_unregister_buffer hnd=0xa73bc840, share_fd=40, share_attr_fd=41, magic=51647890, format=1, internal_format=1, byte_stride=960, flags=4, usage=0x10200, size=230400, width=240, height=240, internalWidth=240, internalHeight=240, stride=240, base=0xa8624000, writeOwner=0, attr_base=0xffffffff, yuv_info=1, fd=-1, buf_idx=0, offset=0, min_pgsz=4096, phyaddr=0
05-23 15:28:47.095   313  2005 I SPRDAVCEncoder: H264EncStrmEncode[17987] 0ms, in {0xa8624000-0x10070000, 240x240, 5}, out {0xa894e000-265, 1}, wh{0, 0}, xy{0, 0}
05-23 15:28:47.095   279   279 E HWComposer: getLayerReleaseFence: Invalid display
05-23 15:28:47.139   313   843 I gralloc : Registering handle 0xa73bc840 coming from the same process
05-23 15:28:47.139   313   843 I gralloc : gralloc_unregister_buffer hnd=0xa73bc900, share_fd=42, share_attr_fd=43, magic=51647890, format=1, internal_format=1, byte_stride=960, flags=4, usage=0x10200, size=230400, width=240, height=240, internalWidth=240, internalHeight=240, stride=240, base=0xa88fa000, writeOwner=0, attr_base=0xffffffff, yuv_info=1, fd=-1, buf_idx=0, offset=0, min_pgsz=4096, phyaddr=0
05-23 15:28:47.141   313  2005 I SPRDAVCEncoder: H264EncStrmEncode[17988] 1ms, in {0xa88fa000-0x10070000, 240x240, 5}, out {0xa894e000-1815, 1}, wh{0, 0}, xy{0, 0}
05-23 15:28:47.142   279   279 E HWComposer: getLayerReleaseFence: Invalid display
05-23 15:28:47.180   313   843 I gralloc : Registering handle 0xa73bc900 coming from the same process
05-23 15:28:47.180   313   843 I gralloc : gralloc_unregister_buffer hnd=0xa73bc600, share_fd=36, share_attr_fd=37, magic=51647890, format=1, internal_format=1, byte_stride=960, flags=4, usage=0x10200, size=230400, width=240, height=240, internalWidth=240, internalHeight=240, stride=240, base=0xa8624000, writeOwner=0, attr_base=0xffffffff, yuv_info=1, fd=-1, buf_idx=0, offset=0, min_pgsz=4096, phyaddr=0
05-23 15:28:47.182   313  2005 I SPRDAVCEncoder: H264EncStrmEncode[17989] 1ms, in {0xa8624000-0x10070000, 240x240, 5}, out {0xa894e000-274, 1}, wh{0, 0}, xy{0, 0}
05-23 15:28:47.183   279   279 E HWComposer: getLayerReleaseFence: Invalid display
05-23 15:28:47.218   799   900 I sysui_multi_action: [757,1093,758,4,793,1002,1094,605552640,1095,4]
05-23 15:28:47.224   313   843 I gralloc : Registering handle 0xa73bc600 coming from the same process
05-23 15:28:47.224   313   843 I gralloc : gralloc_unregister_buffer hnd=0xa73bc6c0, share_fd=44, share_attr_fd=45, magic=51647890, format=1, internal_format=1, byte_stride=960, flags=4, usage=0x10200, size=230400, width=240, height=240, internalWidth=240, internalHeight=240, stride=240, base=0xa88fa000, writeOwner=0, attr_base=0xffffffff, yuv_info=1, fd=-1, buf_idx=0, offset=0, min_pgsz=4096, phyaddr=0
05-23 15:28:47.226   313  2005 I SPRDAVCEncoder: H264EncStrmEncode[17990] 0ms, in {0xa88fa000-0x10070000, 240x240, 5}, out {0xa894e000-194, 1}, wh{0, 0}, xy{0, 0}
05-23 15:28:47.227   279   279 E HWComposer: getLayerReleaseFence: Invalid display
05-23 15:28:47.266   313   843 I gralloc : Registering handle 0xa73bc6c0 coming from the same process
05-23 15:28:47.266   313   843 I gralloc : gralloc_unregister_buffer hnd=0xa73bc780, share_fd=38, share_attr_fd=39, magic=51647890, format=1, internal_format=1, byte_stride=960, flags=4, usage=0x10200, size=230400, width=240, height=240, internalWidth=240, internalHeight=240, stride=240, base=0xa8624000, writeOwner=0, attr_base=0xffffffff, yuv_info=1, fd=-1, buf_idx=0, offset=0, min_pgsz=4096, phyaddr=0
05-23 15:28:47.268   313  2005 I SPRDAVCEncoder: H264EncStrmEncode[17991] 1ms, in {0xa8624000-0x10070000, 240x240, 5}, out {0xa894e000-179, 1}, wh{0, 0}, xy{0, 0}
05-23 15:28:47.269   279   279 E HWComposer: getLayerReleaseFence: Invalid display
05-23 15:28:47.309   313   843 I gralloc : Registering handle 0xa73bc780 coming from the same process
05-23 15:28:47.309   313   843 I gralloc : gralloc_unregister_buffer hnd=0xa73bc840, share_fd=40, share_attr_fd=41, magic=51647890, format=1, internal_format=1, byte_stride=960, flags=4, usage=0x10200, size=230400, width=240, height=240, internalWidth=240, internalHeight=240, stride=240, base=0xa88fa000, writeOwner=0, attr_base=0xffffffff, yuv_info=1, fd=-1, buf_idx=0, offset=0, min_pgsz=4096, phyaddr=0
05-23 15:28:47.312   279   279 E HWComposer: getLayerReleaseFence: Invalid display
05-23 15:28:47.314   313  2005 I SPRDAVCEncoder: H264EncStrmEncode[17992] 2ms, in {0xa88fa000-0x10070000, 240x240, 5}, out {0xa894e000-1627, 1}, wh{0, 0}, xy{0, 0}
05-23 15:28:47.351   313   843 I gralloc : Registering handle 0xa73bc840 coming from the same process
05-23 15:28:47.351   313   843 I gralloc : gralloc_unregister_buffer hnd=0xa73bc900, share_fd=42, share_attr_fd=43, magic=51647890, format=1, internal_format=1, byte_stride=960, flags=4, usage=0x10200, size=230400, width=240, height=240, internalWidth=240, internalHeight=240, stride=240, base=0xa8624000, writeOwner=0, attr_base=0xffffffff, yuv_info=1, fd=-1, buf_idx=0, offset=0, min_pgsz=4096, phyaddr=0
05-23 15:28:47.353   313  2005 I SPRDAVCEncoder: H264EncStrmEncode[17993] 1ms, in {0xa8624000-0x10070000, 240x240, 5}, out {0xa894e000-259, 1}, wh{0, 0}, xy{0, 0}
05-23 15:28:47.354   279   279 E HWComposer: getLayerReleaseFence: Invalid display
05-23 15:28:47.373   318   928 E LIBGPS  : read socet_client error: Try again
05-23 15:28:47.395   313   843 I gralloc : Registering handle 0xa73bc900 coming from the same process
05-23 15:28:47.395   313   843 I gralloc : gralloc_unregister_buffer hnd=0xa73bc600, share_fd=36, share_attr_fd=37, magic=51647890, format=1, internal_format=1, byte_stride=960, flags=4, usage=0x10200, size=230400, width=240, height=240, internalWidth=240, internalHeight=240, stride=240, base=0xa88fa000, writeOwner=0, attr_base=0xffffffff, yuv_info=1, fd=-1, buf_idx=0, offset=0, min_pgsz=4096, phyaddr=0
05-23 15:28:47.397   279   279 E HWComposer: getLayerReleaseFence: Invalid display
05-23 15:28:47.399   313  2005 I SPRDAVCEncoder: H264EncStrmEncode[17994] 2ms, in {0xa88fa000-0x10070000, 240x240, 5}, out {0xa894e000-191, 1}, wh{0, 0}, xy{0, 0}
05-23 15:28:47.437   313   843 I gralloc : Registering handle 0xa73bc600 coming from the same process
05-23 15:28:47.437   313   843 I gralloc : gralloc_unregister_buffer hnd=0xa73bc6c0, share_fd=44, share_attr_fd=45, magic=51647890, format=1, internal_format=1, byte_stride=960, flags=4, usage=0x10200, size=230400, width=240, height=240, internalWidth=240, internalHeight=240, stride=240, base=0xa8624000, writeOwner=0, attr_base=0xffffffff, yuv_info=1, fd=-1, buf_idx=0, offset=0, min_pgsz=4096, phyaddr=0
05-23 15:28:47.439   279   279 E HWComposer: getLayerReleaseFence: Invalid display
05-23 15:28:47.441   313  2005 I SPRDAVCEncoder: H264EncStrmEncode[17995] 2ms, in {0xa8624000-0x10070000, 240x240, 5}, out {0xa894e000-177, 1}, wh{0, 0}, xy{0, 0}
05-23 15:28:47.480   313   843 I gralloc : Registering handle 0xa73bc6c0 coming from the same process
05-23 15:28:47.480   313   843 I gralloc : gralloc_unregister_buffer hnd=0xa73bc780, share_fd=38, share_attr_fd=39, magic=51647890, format=1, internal_format=1, byte_stride=960, flags=4, usage=0x10200, size=230400, width=240, height=240, internalWidth=240, internalHeight=240, stride=240, base=0xa88fa000, writeOwner=0, attr_base=0xffffffff, yuv_info=1, fd=-1, buf_idx=0, offset=0, min_pgsz=4096, phyaddr=0
05-23 15:28:47.482   313  2005 I SPRDAVCEncoder: H264EncStrmEncode[17996] 1ms, in {0xa88fa000-0x10070000, 240x240, 5}, out {0xa894e000-1709, 1}, wh{0, 0}, xy{0, 0}
05-23 15:28:47.483   279   279 E HWComposer: getLayerReleaseFence: Invalid display
05-23 15:28:47.521   313   843 I gralloc : Registering handle 0xa73bc780 coming from the same process
05-23 15:28:47.522   313   843 I gralloc : gralloc_unregister_buffer hnd=0xa73bc840, share_fd=40, share_attr_fd=41, magic=51647890, format=1, internal_format=1, byte_stride=960, flags=4, usage=0x10200, size=230400, width=240, height=240, internalWidth=240, internalHeight=240, stride=240, base=0xa8624000, writeOwner=0, attr_base=0xffffffff, yuv_info=1, fd=-1, buf_idx=0, offset=0, min_pgsz=4096, phyaddr=0
05-23 15:28:47.525   279   279 E HWComposer: getLayerReleaseFence: Invalid display
05-23 15:28:47.525   313  2005 I SPRDAVCEncoder: H264EncStrmEncode[17997] 2ms, in {0xa8624000-0x10070000, 240x240, 5}, out {0xa894e000-243, 1}, wh{0, 0}, xy{0, 0}
05-23 15:28:47.566   313   843 I gralloc : Registering handle 0xa73bc840 coming from the same process
05-23 15:28:47.566   313   843 I gralloc : gralloc_unregister_buffer hnd=0xa73bc900, share_fd=42, share_attr_fd=43, magic=51647890, format=1, internal_format=1, byte_stride=960, flags=4, usage=0x10200, size=230400, width=240, height=240, internalWidth=240, internalHeight=240, stride=240, base=0xa88fa000, writeOwner=0, attr_base=0xffffffff, yuv_info=1, fd=-1, buf_idx=0, offset=0, min_pgsz=4096, phyaddr=0
05-23 15:28:47.569   279   279 E HWComposer: getLayerReleaseFence: Invalid display
05-23 15:28:47.570   313  2005 I SPRDAVCEncoder: H264EncStrmEncode[17998] 2ms, in {0xa88fa000-0x10070000, 240x240, 5}, out {0xa894e000-186, 1}, wh{0, 0}, xy{0, 0}
05-23 15:28:47.608   313   843 I gralloc : Registering handle 0xa73bc900 coming from the same process
05-23 15:28:47.608   313   843 I gralloc : gralloc_unregister_buffer hnd=0xa73bc600, share_fd=36, share_attr_fd=37, magic=51647890, format=1, internal_format=1, byte_stride=960, flags=4, usage=0x10200, size=230400, width=240, height=240, internalWidth=240, internalHeight=240, stride=240, base=0xa8624000, writeOwner=0, attr_base=0xffffffff, yuv_info=1, fd=-1, buf_idx=0, offset=0, min_pgsz=4096, phyaddr=0
05-23 15:28:47.610   313  2005 I SPRDAVCEncoder: H264EncStrmEncode[17999] 1ms, in {0xa8624000-0x10070000, 240x240, 5}, out {0xa894e000-179, 1}, wh{0, 0}, xy{0, 0}
05-23 15:28:47.611   279   279 E HWComposer: getLayerReleaseFence: Invalid display
05-23 15:28:47.651   313   843 I gralloc : Registering handle 0xa73bc600 coming from the same process
05-23 15:28:47.651   313   843 I gralloc : gralloc_unregister_buffer hnd=0xa73bc6c0, share_fd=44, share_attr_fd=45, magic=51647890, format=1, internal_format=1, byte_stride=960, flags=4, usage=0x10200, size=230400, width=240, height=240, internalWidth=240, internalHeight=240, stride=240, base=0xa88fa000, writeOwner=0, attr_base=0xffffffff, yuv_info=1, fd=-1, buf_idx=0, offset=0, min_pgsz=4096, phyaddr=0
05-23 15:28:47.653   313  2005 I SPRDAVCEncoder: H264EncStrmEncode[18000] 0ms, in {0xa88fa000-0x10070000, 240x240, 5}, out {0xa894e000-8818, 0}, wh{0, 0}, xy{0, 0}
05-23 15:28:47.655   279   279 E HWComposer: getLayerReleaseFence: Invalid display
05-23 15:28:47.691  1215  1215 D jx      : WatchDialmanaget onTouchEvent
05-23 15:28:47.692  1215  1215 D jx      : onInterceptTouchEvent mTouchState=0
05-23 15:28:47.692   272 11610 D PowerHAL: POWER_HINT_INTERACTION: data=0x00, subtype=0, duration=500
05-23 15:28:47.693   272 11610 D PowerHAL: ###Enter interaction_other scene bgn###
05-23 15:28:47.693   272 11610 D PowerHAL: Enter common_set: enable:1, duration: 500, /sys/devices/system/cpu/cpuhotplug/cluster0_core_min_limit: 4
05-23 15:28:47.693   272 11610 D PowerHAL: Enter common_set: enable:1, duration: 500, /sys/devices/system/cpu/cpuhotplug/cluster0_core_max_limit: 4
05-23 15:28:47.693   272 11610 D PowerHAL: Enter common_subsys_set: enable:1, duration: 500, subsys:cpufreq: conf_2:5
05-23 15:28:47.693   272 11610 D PowerHAL: Enter common_subsys_set_current_config:
05-23 15:28:47.695   272 11610 D PowerHAL: ###Enter interaction_other scene end###
05-23 15:28:47.695   313   843 I gralloc : Registering handle 0xa73bc6c0 coming from the same process
05-23 15:28:47.695   272 11610 D PowerHAL: POWER_HINT_INTERACTION: data=0x10000, subtype=1, duration=500
05-23 15:28:47.695   272 11610 D PowerHAL: ###Enter interaction_touch scene bgn###
05-23 15:28:47.695   272 11610 D PowerHAL: Enter common_subsys_set: enable:1, duration: 500, subsys:cpufreq: conf_2:5
05-23 15:28:47.695   272 11610 D PowerHAL: ###Enter interaction_touch scene end###
05-23 15:28:47.695   313   843 I gralloc : gralloc_unregister_buffer hnd=0xa73bc780, share_fd=38, share_attr_fd=39, magic=51647890, format=1, internal_format=1, byte_stride=960, flags=4, usage=0x10200, size=230400, width=240, height=240, internalWidth=240, internalHeight=240, stride=240, base=0xa8624000, writeOwner=0, attr_base=0xffffffff, yuv_info=1, fd=-1, buf_idx=0, offset=0, min_pgsz=4096, phyaddr=0
05-23 15:28:47.698   279   279 E HWComposer: getLayerReleaseFence: Invalid display
05-23 15:28:47.698   313  2005 I SPRDAVCEncoder: H264EncStrmEncode[18001] 2ms, in {0xa8624000-0x10070000, 240x240, 5}, out {0xa894e000-669, 1}, wh{0, 0}, xy{0, 0}
05-23 15:28:47.717  1215  1215 D jx      : WatchDialmanaget onTouchEvent
05-23 15:28:47.717  1215  1215 D jx      : onInterceptTouchEvent mTouchState=0
05-23 15:28:47.732  1215  1215 D jx      : WatchDialmanaget onTouchEvent
05-23 15:28:47.732  1215  1215 D jx      : onInterceptTouchEvent mTouchState=0
05-23 15:28:47.737   313   843 I gralloc : Registering handle 0xa73bc780 coming from the same process
05-23 15:28:47.737   313   843 I gralloc : gralloc_unregister_buffer hnd=0xa73bc840, share_fd=40, share_attr_fd=41, magic=51647890, format=1, internal_format=1, byte_stride=960, flags=4, usage=0x10200, size=230400, width=240, height=240, internalWidth=240, internalHeight=240, stride=240, base=0xa88fa000, writeOwner=0, attr_base=0xffffffff, yuv_info=1, fd=-1, buf_idx=0, offset=0, min_pgsz=4096, phyaddr=0
05-23 15:28:47.738   313  2005 I SPRDAVCEncoder: H264EncStrmEncode[18002] 0ms, in {0xa88fa000-0x10070000, 240x240, 5}, out {0xa894e000-236, 1}, wh{0, 0}, xy{0, 0}
05-23 15:28:47.739   279   279 E HWComposer: getLayerReleaseFence: Invalid display
05-23 15:28:47.760  1215  1215 D jx      : WatchDialmanaget onTouchEvent
05-23 15:28:47.760  1215  1215 D jx      : onInterceptTouchEvent mTouchState=0
05-23 15:28:47.775  1215  1215 D jx      : WatchDialmanaget onTouchEvent
05-23 15:28:47.775  1215  1215 D jx      : determineScrollingStart touchSlop:12
05-23 15:28:47.779   313   843 I gralloc : Registering handle 0xa73bc840 coming from the same process
05-23 15:28:47.779   313   843 I gralloc : gralloc_unregister_buffer hnd=0xa73bc900, share_fd=42, share_attr_fd=43, magic=51647890, format=1, internal_format=1, byte_stride=960, flags=4, usage=0x10200, size=230400, width=240, height=240, internalWidth=240, internalHeight=240, stride=240, base=0xa8624000, writeOwner=0, attr_base=0xffffffff, yuv_info=1, fd=-1, buf_idx=0, offset=0, min_pgsz=4096, phyaddr=0
05-23 15:28:47.781   313  2005 I SPRDAVCEncoder: H264EncStrmEncode[18003] 0ms, in {0xa8624000-0x10070000, 240x240, 5}, out {0xa894e000-209, 1}, wh{0, 0}, xy{0, 0}
05-23 15:28:47.782   279   279 E HWComposer: getLayerReleaseFence: Invalid display
05-23 15:28:47.791   272 11610 D PowerHAL: POWER_HINT_INTERACTION: data=0x00, subtype=0, duration=500
05-23 15:28:47.791  1215  1215 D jx      : onInterceptTouchEvent mTouchState=1
05-23 15:28:47.791   272 11610 D PowerHAL: ###Enter interaction_other scene bgn###
05-23 15:28:47.791   272 11610 D PowerHAL: Enter common_set: enable:1, duration: 500, /sys/devices/system/cpu/cpuhotplug/cluster0_core_min_limit: 4
05-23 15:28:47.791   272 11610 D PowerHAL: Enter common_set: enable:1, duration: 500, /sys/devices/system/cpu/cpuhotplug/cluster0_core_max_limit: 4
05-23 15:28:47.791   272 11610 D PowerHAL: Enter common_subsys_set: enable:1, duration: 500, subsys:cpufreq: conf_2:5
05-23 15:28:47.791   272 11610 D PowerHAL: ###Enter interaction_other scene end###
05-23 15:28:47.791   272 11610 D PowerHAL: POWER_HINT_INTERACTION: data=0x10000, subtype=1, duration=500
05-23 15:28:47.791   272 11610 D PowerHAL: ###Enter interaction_touch scene bgn###
05-23 15:28:47.792   272 11610 D PowerHAL: Enter common_subsys_set: enable:1, duration: 500, subsys:cpufreq: conf_2:5
05-23 15:28:47.792   272 11610 D PowerHAL: ###Enter interaction_touch scene end###
05-23 15:28:47.803  1215  1215 D jx      : onTouchEvent ACTION_MOVE deltaX:84.425476
05-23 15:28:47.807   598   723 D InputReader: processEventsLocked: type=1 Count=3 code=330 value=0 deviceId=5
05-23 15:28:47.807  1215  1215 D WatchDialManager: onScrollProgressChanged:0.65
05-23 15:28:47.813  1215  1215 D jx      : onTouchEvent velocityX:-3114
05-23 15:28:47.813  1215  1215 D jx      : onTouchEvent mFlingThresholdVelocity:375
05-23 15:28:47.813  1215  1215 D jx      : onTouchEvent mTotalMotionX:113.51584
05-23 15:28:47.820   313   843 I gralloc : Registering handle 0xa73bc900 coming from the same process
05-23 15:28:47.820   313   843 I gralloc : gralloc_unregister_buffer hnd=0xa73bc600, share_fd=36, share_attr_fd=37, magic=51647890, format=1, internal_format=1, byte_stride=960, flags=4, usage=0x10200, size=230400, width=240, height=240, internalWidth=240, internalHeight=240, stride=240, base=0xa88fa000, writeOwner=0, attr_base=0xffffffff, yuv_info=1, fd=-1, buf_idx=0, offset=0, min_pgsz=4096, phyaddr=0
05-23 15:28:47.821  1215  1215 D WatchDialManager: onScrollProgressChanged:0.59166664
05-23 15:28:47.822   313  2005 I SPRDAVCEncoder: H264EncStrmEncode[18004] 0ms, in {0xa88fa000-0x10070000, 240x240, 5}, out {0xa894e000-12864, 1}, wh{0, 0}, xy{0, 0}
05-23 15:28:47.823   279   279 E HWComposer: getLayerReleaseFence: Invalid display
05-23 15:28:47.833   313   843 I gralloc : Registering handle 0xa73bc600 coming from the same process
05-23 15:28:47.833   313   843 I gralloc : gralloc_unregister_buffer hnd=0xa73bc6c0, share_fd=44, share_attr_fd=45, magic=51647890, format=1, internal_format=1, byte_stride=960, flags=4, usage=0x10200, size=230400, width=240, height=240, internalWidth=240, internalHeight=240, stride=240, base=0xa8624000, writeOwner=0, attr_base=0xffffffff, yuv_info=1, fd=-1, buf_idx=0, offset=0, min_pgsz=4096, phyaddr=0
05-23 15:28:47.834   313  2005 I SPRDAVCEncoder: H264EncStrmEncode[18005] 0ms, in {0xa8624000-0x10070000, 240x240, 5}, out {0xa894e000-2967, 1}, wh{0, 0}, xy{0, 0}
05-23 15:28:47.835   279   279 E HWComposer: getLayerReleaseFence: Invalid display
05-23 15:28:47.857  1215  1215 D WatchDialManager: onScrollProgressChanged:0.375
05-23 15:28:47.878   313   843 I gralloc : Registering handle 0xa73bc6c0 coming from the same process
05-23 15:28:47.878   313   843 I gralloc : gralloc_unregister_buffer hnd=0xa73bc780, share_fd=38, share_attr_fd=39, magic=51647890, format=1, internal_format=1, byte_stride=960, flags=4, usage=0x10200, size=230400, width=240, height=240, internalWidth=240, internalHeight=240, stride=240, base=0xa88fa000, writeOwner=0, attr_base=0xffffffff, yuv_info=1, fd=-1, buf_idx=0, offset=0, min_pgsz=4096, phyaddr=0
05-23 15:28:47.880   313  2005 I SPRDAVCEncoder: H264EncStrmEncode[18006] 1ms, in {0xa88fa000-0x10070000, 240x240, 5}, out {0xa894e000-16566, 1}, wh{0, 0}, xy{0, 0}
05-23 15:28:47.880  1045  1099 I CPVoiceAgent: select: retrun 0
05-23 15:28:47.881   279   279 E HWComposer: getLayerReleaseFence: Invalid display
05-23 15:28:47.887  1215  1215 D WatchDialManager: onScrollProgressChanged:0.12916666
05-23 15:28:47.905   313   843 I gralloc : Registering handle 0xa73bc780 coming from the same process
05-23 15:28:47.905   313   843 I gralloc : gralloc_unregister_buffer hnd=0xa73bc840, share_fd=40, share_attr_fd=41, magic=51647890, format=1, internal_format=1, byte_stride=960, flags=4, usage=0x10200, size=230400, width=240, height=240, internalWidth=240, internalHeight=240, stride=240, base=0xa8624000, writeOwner=0, attr_base=0xffffffff, yuv_info=1, fd=-1, buf_idx=0, offset=0, min_pgsz=4096, phyaddr=0
05-23 15:28:47.907   313  2005 I SPRDAVCEncoder: H264EncStrmEncode[18007] 1ms, in {0xa8624000-0x10070000, 240x240, 5}, out {0xa894e000-18385, 1}, wh{0, 0}, xy{0, 0}
05-23 15:28:47.908   279   279 E HWComposer: getLayerReleaseFence: Invalid display
05-23 15:28:47.914  1215  1215 D WatchDialManager: onScrollProgressChanged:0.033333335
05-23 15:28:47.934   313   843 I gralloc : Registering handle 0xa73bc840 coming from the same process
05-23 15:28:47.934   313   843 I gralloc : gralloc_unregister_buffer hnd=0xa73bc900, share_fd=42, share_attr_fd=43, magic=51647890, format=1, internal_format=1, byte_stride=960, flags=4, usage=0x10200, size=230400, width=240, height=240, internalWidth=240, internalHeight=240, stride=240, base=0xa88fa000, writeOwner=0, attr_base=0xffffffff, yuv_info=1, fd=-1, buf_idx=0, offset=0, min_pgsz=4096, phyaddr=0
05-23 15:28:47.936   313  2005 I SPRDAVCEncoder: H264EncStrmEncode[18008] 1ms, in {0xa88fa000-0x10070000, 240x240, 5}, out {0xa894e000-7838, 1}, wh{0, 0}, xy{0, 0}
05-23 15:28:47.937   279   279 E HWComposer: getLayerReleaseFence: Invalid display
05-23 15:28:47.942  1215  1215 D WatchDialManager: onScrollProgressChanged:0.004166667
05-23 15:28:47.962   313   843 I gralloc : Registering handle 0xa73bc900 coming from the same process
05-23 15:28:47.963   313   843 I gralloc : gralloc_unregister_buffer hnd=0xa73bc600, share_fd=36, share_attr_fd=37, magic=51647890, format=1, internal_format=1, byte_stride=960, flags=4, usage=0x10200, size=230400, width=240, height=240, internalWidth=240, internalHeight=240, stride=240, base=0xa8624000, writeOwner=0, attr_base=0xffffffff, yuv_info=1, fd=-1, buf_idx=0, offset=0, min_pgsz=4096, phyaddr=0
05-23 15:28:47.964   313  2005 I SPRDAVCEncoder: H264EncStrmEncode[18009] 1ms, in {0xa8624000-0x10070000, 240x240, 5}, out {0xa894e000-4974, 1}, wh{0, 0}, xy{0, 0}
05-23 15:28:47.966   279   279 E HWComposer: getLayerReleaseFence: Invalid display
05-23 15:28:47.971  1215  1215 D WatchDialManager: onScrollProgressChanged:0.0
05-23 15:28:47.991   313   843 I gralloc : Registering handle 0xa73bc600 coming from the same process
05-23 15:28:47.991   313   843 I gralloc : gralloc_unregister_buffer hnd=0xa73bc6c0, share_fd=44, share_attr_fd=45, magic=51647890, format=1, internal_format=1, byte_stride=960, flags=4, usage=0x10200, size=230400, width=240, height=240, internalWidth=240, internalHeight=240, stride=240, base=0xa88fa000, writeOwner=0, attr_base=0xffffffff, yuv_info=1, fd=-1, buf_idx=0, offset=0, min_pgsz=4096, phyaddr=0
05-23 15:28:47.993   313  2005 I SPRDAVCEncoder: H264EncStrmEncode[18010] 0ms, in {0xa88fa000-0x10070000, 240x240, 5}, out {0xa894e000-3983, 1}, wh{0, 0}, xy{0, 0}
05-23 15:28:47.994   279   279 E HWComposer: getLayerReleaseFence: Invalid display
05-23 15:28:48.005   313   843 I gralloc : Registering handle 0xa73bc6c0 coming from the same process
05-23 15:28:48.005   313   843 I gralloc : gralloc_unregister_buffer hnd=0xa73bc780, share_fd=38, share_attr_fd=39, magic=51647890, format=1, internal_format=1, byte_stride=960, flags=4, usage=0x10200, size=230400, width=240, height=240, internalWidth=240, internalHeight=240, stride=240, base=0xa8624000, writeOwner=0, attr_base=0xffffffff, yuv_info=1, fd=-1, buf_idx=0, offset=0, min_pgsz=4096, phyaddr=0
05-23 15:28:48.006   313  2005 I SPRDAVCEncoder: H264EncStrmEncode[18011] 0ms, in {0xa8624000-0x10070000, 240x240, 5}, out {0xa894e000-600, 1}, wh{0, 0}, xy{0, 0}
05-23 15:28:48.007   279   279 E HWComposer: getLayerReleaseFence: Invalid display
05-23 15:28:48.035   313   843 I gralloc : Registering handle 0xa73bc780 coming from the same process
05-23 15:28:48.035   313   843 I gralloc : gralloc_unregister_buffer hnd=0xa73bc840, share_fd=40, share_attr_fd=41, magic=51647890, format=1, internal_format=1, byte_stride=960, flags=4, usage=0x10200, size=230400, width=240, height=240, internalWidth=240, internalHeight=240, stride=240, base=0xa88fa000, writeOwner=0, attr_base=0xffffffff, yuv_info=1, fd=-1, buf_idx=0, offset=0, min_pgsz=4096, phyaddr=0
05-23 15:28:48.036   313  2005 I SPRDAVCEncoder: H264EncStrmEncode[18012] 0ms, in {0xa88fa000-0x10070000, 240x240, 5}, out {0xa894e000-287, 1}, wh{0, 0}, xy{0, 0}
05-23 15:28:48.037   279   279 E HWComposer: getLayerReleaseFence: Invalid display
05-23 15:28:48.055  1215  1215 I Launcher: curFramePage = 1
05-23 15:28:48.056  1215  1215 D WatchDialManager: onHide
05-23 15:28:48.064   313   843 I gralloc : Registering handle 0xa73bc840 coming from the same process
05-23 15:28:48.064   313   843 I gralloc : gralloc_unregister_buffer hnd=0xa73bc900, share_fd=42, share_attr_fd=43, magic=51647890, format=1, internal_format=1, byte_stride=960, flags=4, usage=0x10200, size=230400, width=240, height=240, internalWidth=240, internalHeight=240, stride=240, base=0xa8624000, writeOwner=0, attr_base=0xffffffff, yuv_info=1, fd=-1, buf_idx=0, offset=0, min_pgsz=4096, phyaddr=0
05-23 15:28:48.066   313  2005 I SPRDAVCEncoder: H264EncStrmEncode[18013] 0ms, in {0xa8624000-0x10070000, 240x240, 5}, out {0xa894e000-243, 1}, wh{0, 0}, xy{0, 0}
05-23 15:28:48.066   279   279 E HWComposer: getLayerReleaseFence: Invalid display
05-23 15:28:48.165   313  2009 I gralloc : Registering handle 0xa73bc900 coming from the same process
05-23 15:28:48.165   313  2009 I gralloc : gralloc_unregister_buffer hnd=0xa73bc600, share_fd=36, share_attr_fd=37, magic=51647890, format=1, internal_format=1, byte_stride=960, flags=4, usage=0x10200, size=230400, width=240, height=240, internalWidth=240, internalHeight=240, stride=240, base=0xa88fa000, writeOwner=0, attr_base=0xffffffff, yuv_info=1, fd=-1, buf_idx=0, offset=0, min_pgsz=4096, phyaddr=0
05-23 15:28:48.167   313  2005 I SPRDAVCEncoder: H264EncStrmEncode[18014] 1ms, in {0xa8624000-0x10070000, 240x240, 5}, out {0xa894e000-239, 1}, wh{0, 0}, xy{0, 0}
05-23 15:28:48.167   598   739 D WifiNetworkMonitor: EVENT_WIFI_RSSI_CHANGED
05-23 15:28:48.167   598   739 E WifiNetworkMonitor: Not any Obervers!!!
05-23 15:28:48.265   313  2009 I gralloc : Registering handle 0xa73bc600 coming from the same process
05-23 15:28:48.266   313  2009 I gralloc : gralloc_unregister_buffer hnd=0xa73bc6c0, share_fd=44, share_attr_fd=45, magic=51647890, format=1, internal_format=1, byte_stride=960, flags=4, usage=0x10200, size=230400, width=240, height=240, internalWidth=240, internalHeight=240, stride=240, base=0xa8624000, writeOwner=0, attr_base=0xffffffff, yuv_info=1, fd=-1, buf_idx=0, offset=0, min_pgsz=4096, phyaddr=0
05-23 15:28:48.267   313  2005 I SPRDAVCEncoder: H264EncStrmEncode[18015] 0ms, in {0xa8624000-0x10070000, 240x240, 5}, out {0xa894e000-239, 1}, wh{0, 0}, xy{0, 0}
05-23 15:28:48.290   272   384 D PowerHAL: ##Timing deboost
05-23 15:28:48.290   272   384 D PowerHAL: Enter common_set: enable:0, duration: 0, /sys/devices/system/cpu/cpuhotplug/cluster0_core_min_limit:
05-23 15:28:48.290   272   384 D PowerHAL: Enter common_clear:
05-23 15:28:48.291   272   384 D PowerHAL: ##Timing deboost
05-23 15:28:48.291   272   384 D PowerHAL: Enter common_set: enable:0, duration: 0, /sys/devices/system/cpu/cpuhotplug/cluster0_core_max_limit:
05-23 15:28:48.291   272   384 D PowerHAL: Enter common_clear:
05-23 15:28:48.291   272   384 D PowerHAL: ##Timing deboost
05-23 15:28:48.291   272   384 D PowerHAL: Enter common_subsys_set: enable:0, duration: 0, subsys:cpufreq:
05-23 15:28:48.291   272   384 D PowerHAL: Enter common_subsys_clear: cpufreq
05-23 15:28:48.366   313  2009 I gralloc : Registering handle 0xa73bc6c0 coming from the same process
05-23 15:28:48.366   313  2009 I gralloc : gralloc_unregister_buffer hnd=0xa73bc780, share_fd=38, share_attr_fd=39, magic=51647890, format=1, internal_format=1, byte_stride=960, flags=4, usage=0x10200, size=230400, width=240, height=240, internalWidth=240, internalHeight=240, stride=240, base=0xa88fa000, writeOwner=0, attr_base=0xffffffff, yuv_info=1, fd=-1, buf_idx=0, offset=0, min_pgsz=4096, phyaddr=0
05-23 15:28:48.368   313  2005 I SPRDAVCEncoder: H264EncStrmEncode[18016] 0ms, in {0xa8624000-0x10070000, 240x240, 5}, out {0xa894e000-239, 1}, wh{0, 0}, xy{0, 0}
05-23 15:28:48.467   313  2009 I gralloc : Registering handle 0xa73bc780 coming from the same process
05-23 15:28:48.467   313  2009 I gralloc : gralloc_unregister_buffer hnd=0xa73bc840, share_fd=40, share_attr_fd=41, magic=51647890, format=1, internal_format=1, byte_stride=960, flags=4, usage=0x10200, size=230400, width=240, height=240, internalWidth=240, internalHeight=240, stride=240, base=0xa8624000, writeOwner=0, attr_base=0xffffffff, yuv_info=1, fd=-1, buf_idx=0, offset=0, min_pgsz=4096, phyaddr=0
05-23 15:28:48.468   313  2005 I SPRDAVCEncoder: H264EncStrmEncode[18017] 1ms, in {0xa8624000-0x10070000, 240x240, 5}, out {0xa894e000-239, 1}, wh{0, 0}, xy{0, 0}
05-23 15:28:48.567   313  2009 I gralloc : Registering handle 0xa73bc840 coming from the same process
05-23 15:28:48.567   313  2009 I gralloc : gralloc_unregister_buffer hnd=0xa73bc900, share_fd=34, share_attr_fd=35, magic=51647890, format=1, internal_format=1, byte_stride=960, flags=4, usage=0x10200, size=230400, width=240, height=240, internalWidth=240, internalHeight=240, stride=240, base=0xa8624000, writeOwner=0, attr_base=0xffffffff, yuv_info=1, fd=-1, buf_idx=0, offset=0, min_pgsz=4096, phyaddr=0
05-23 15:28:48.569   313  2005 I SPRDAVCEncoder: H264EncStrmEncode[18018] 1ms, in {0xa8624000-0x10070000, 240x240, 5}, out {0xa894e000-239, 1}, wh{0, 0}, xy{0, 0}
05-23 15:28:48.625  1215  1215 D jx      : onInterceptTouchEvent mTouchState=0
05-23 15:28:48.625   272 11610 D PowerHAL: POWER_HINT_INTERACTION: data=0x00, subtype=0, duration=500
05-23 15:28:48.625   272 11610 D PowerHAL: ###Enter interaction_other scene bgn###
05-23 15:28:48.626   272 11610 D PowerHAL: Enter common_set: enable:1, duration: 500, /sys/devices/system/cpu/cpuhotplug/cluster0_core_min_limit: 4
05-23 15:28:48.626   272 11610 D PowerHAL: Enter common_set: enable:1, duration: 500, /sys/devices/system/cpu/cpuhotplug/cluster0_core_max_limit: 4
05-23 15:28:48.626   272 11610 D PowerHAL: Enter common_subsys_set: enable:1, duration: 500, subsys:cpufreq: conf_2:5
05-23 15:28:48.626   272 11610 D PowerHAL: Enter common_subsys_set_current_config:
05-23 15:28:48.628   272 11610 D PowerHAL: ###Enter interaction_other scene end###
05-23 15:28:48.628   272  1543 D PowerHAL: POWER_HINT_INTERACTION: data=0x10000, subtype=1, duration=500
05-23 15:28:48.628   272  1543 D PowerHAL: ###Enter interaction_touch scene bgn###
05-23 15:28:48.628   272  1543 D PowerHAL: Enter common_subsys_set: enable:1, duration: 500, subsys:cpufreq: conf_2:5
05-23 15:28:48.628   272  1543 D PowerHAL: ###Enter interaction_touch scene end###
05-23 15:28:48.658  1215  1215 D jx      : onInterceptTouchEvent mTouchState=0
05-23 15:28:48.668   313  2009 I gralloc : Registering handle 0xa73bc900 coming from the same process
05-23 15:28:48.668   313  2009 I gralloc : gralloc_unregister_buffer hnd=0xa73bc600, share_fd=36, share_attr_fd=37, magic=51647890, format=1, internal_format=1, byte_stride=960, flags=4, usage=0x10200, size=230400, width=240, height=240, internalWidth=240, internalHeight=240, stride=240, base=0xa8624000, writeOwner=0, attr_base=0xffffffff, yuv_info=1, fd=-1, buf_idx=0, offset=0, min_pgsz=4096, phyaddr=0
05-23 15:28:48.669   313  2005 I SPRDAVCEncoder: H264EncStrmEncode[18019] 0ms, in {0xa8624000-0x10070000, 240x240, 5}, out {0xa894e000-239, 1}, wh{0, 0}, xy{0, 0}
05-23 15:28:48.673  1215  1215 D jx      : onInterceptTouchEvent mTouchState=0
05-23 15:28:48.692  1215  1215 I chatty  : uid=1000(system) com.jx.launcher identical 1 line
05-23 15:28:48.701  1215  1215 D jx      : onInterceptTouchEvent mTouchState=0
05-23 15:28:48.715  1215  1215 D jx      : determineScrollingStart touchSlop:12
05-23 15:28:48.716  1215  1215 D jx      : onInterceptTouchEvent mTouchState=0
05-23 15:28:48.725   272 11610 D PowerHAL: POWER_HINT_INTERACTION: data=0x00, subtype=0, duration=500
05-23 15:28:48.725   272 11610 D PowerHAL: ###Enter interaction_other scene bgn###
05-23 15:28:48.725   272 11610 D PowerHAL: Enter common_set: enable:1, duration: 500, /sys/devices/system/cpu/cpuhotplug/cluster0_core_min_limit: 4
05-23 15:28:48.725   272 11610 D PowerHAL: Enter common_set: enable:1, duration: 500, /sys/devices/system/cpu/cpuhotplug/cluster0_core_max_limit: 4
05-23 15:28:48.726   272 11610 D PowerHAL: Enter common_subsys_set: enable:1, duration: 500, subsys:cpufreq: conf_2:5
05-23 15:28:48.726   272 11610 D PowerHAL: ###Enter interaction_other scene end###
05-23 15:28:48.726   272  1543 D PowerHAL: POWER_HINT_INTERACTION: data=0x10000, subtype=1, duration=500
05-23 15:28:48.726   272  1543 D PowerHAL: ###Enter interaction_touch scene bgn###
05-23 15:28:48.726   272  1543 D PowerHAL: Enter common_subsys_set: enable:1, duration: 500, subsys:cpufreq: conf_2:5
05-23 15:28:48.726   272  1543 D PowerHAL: ###Enter interaction_touch scene end###
05-23 15:28:48.744  1215  1215 D jx      : determineScrollingStart touchSlop:12
05-23 15:28:48.748  1215  1215 I Launcher: getSignalValue =-1
05-23 15:28:48.750   313   843 I gralloc : Registering handle 0xa73bc600 coming from the same process
05-23 15:28:48.750   313   843 I gralloc : gralloc_unregister_buffer hnd=0xa73bc6c0, share_fd=42, share_attr_fd=43, magic=51647890, format=1, internal_format=1, byte_stride=960, flags=4, usage=0x10200, size=230400, width=240, height=240, internalWidth=240, internalHeight=240, stride=240, base=0xa8624000, writeOwner=0, attr_base=0xffffffff, yuv_info=1, fd=-1, buf_idx=0, offset=0, min_pgsz=4096, phyaddr=0
05-23 15:28:48.753   279   279 E HWComposer: getLayerReleaseFence: Invalid display
05-23 15:28:48.753   313  2005 I SPRDAVCEncoder: H264EncStrmEncode[18020] 3ms, in {0xa88fa000-0x10070000, 240x240, 5}, out {0xa894e000-239, 1}, wh{0, 0}, xy{0, 0}
05-23 15:28:48.769  1215  1215 D jx      : onInterceptTouchEvent mTouchState=1
05-23 15:28:48.777  1215  1215 D jx      : onTouchEvent ACTION_MOVE deltaX:14.151672
05-23 15:28:48.787  1215  1215 D jx      : onTouchEvent ACTION_MOVE deltaX:5.9971924
05-23 15:28:48.790   313   843 I gralloc : Registering handle 0xa73bc6c0 coming from the same process
05-23 15:28:48.790   313   843 I gralloc : gralloc_unregister_buffer hnd=0xa73bc780, share_fd=38, share_attr_fd=39, magic=51647890, format=1, internal_format=1, byte_stride=960, flags=4, usage=0x10200, size=230400, width=240, height=240, internalWidth=240, internalHeight=240, stride=240, base=0xa8624000, writeOwner=0, attr_base=0xffffffff, yuv_info=1, fd=-1, buf_idx=0, offset=0, min_pgsz=4096, phyaddr=0
05-23 15:28:48.792   279   279 E HWComposer: getLayerReleaseFence: Invalid display
05-23 15:28:48.793   313  2005 I SPRDAVCEncoder: H264EncStrmEncode[18021] 2ms, in {0xa8624000-0x10070000, 240x240, 5}, out {0xa894e000-239, 1}, wh{0, 0}, xy{0, 0}
05-23 15:28:48.802   313   843 I gralloc : Registering handle 0xa73bc780 coming from the same process
05-23 15:28:48.803   313   843 I gralloc : gralloc_unregister_buffer hnd=0xa73bc840, share_fd=40, share_attr_fd=41, magic=51647890, format=1, internal_format=1, byte_stride=960, flags=4, usage=0x10200, size=230400, width=240, height=240, internalWidth=240, internalHeight=240, stride=240, base=0xa8624000, writeOwner=0, attr_base=0xffffffff, yuv_info=1, fd=-1, buf_idx=0, offset=0, min_pgsz=4096, phyaddr=0
05-23 15:28:48.804   313  2005 I SPRDAVCEncoder: H264EncStrmEncode[18022] 0ms, in {0xa88fa000-0x10070000, 240x240, 5}, out {0xa894e000-2066, 1}, wh{0, 0}, xy{0, 0}
05-23 15:28:48.805   279   279 E HWComposer: getLayerReleaseFence: Invalid display
05-23 15:28:48.825   598   723 D InputReader: processEventsLocked: type=1 Count=3 code=330 value=0 deviceId=5
05-23 15:28:48.830  1215  1215 D jx      : onTouchEvent ACTION_MOVE deltaX:5.451721
05-23 15:28:48.831  1215  1215 D jx      : onTouchEvent velocityX:-193
05-23 15:28:48.831  1215  1215 D jx      : onTouchEvent mFlingThresholdVelocity:375
05-23 15:28:48.831  1215  1215 D jx      : onTouchEvent mTotalMotionX:44.42218
05-23 15:28:48.847   313   843 I gralloc : Registering handle 0xa73bc840 coming from the same process
05-23 15:28:48.848   313   843 I gralloc : gralloc_unregister_buffer hnd=0xa73bc900, share_fd=34, share_attr_fd=35, magic=51647890, format=1, internal_format=1, byte_stride=960, flags=4, usage=0x10200, size=230400, width=240, height=240, internalWidth=240, internalHeight=240, stride=240, base=0xa8624000, writeOwner=0, attr_base=0xffffffff, yuv_info=1, fd=-1, buf_idx=0, offset=0, min_pgsz=4096, phyaddr=0
05-23 15:28:48.850   279   279 E HWComposer: getLayerReleaseFence: Invalid display
05-23 15:28:48.852   313  2005 I SPRDAVCEncoder: H264EncStrmEncode[18023] 3ms, in {0xa8624000-0x10070000, 240x240, 5}, out {0xa894e000-4542, 1}, wh{0, 0}, xy{0, 0}
05-23 15:28:48.876   313   843 I gralloc : Registering handle 0xa73bc900 coming from the same process
05-23 15:28:48.876   313   843 I gralloc : gralloc_unregister_buffer hnd=0xa73bc600, share_fd=44, share_attr_fd=45, magic=51647890, format=1, internal_format=1, byte_stride=960, flags=4, usage=0x10200, size=230400, width=240, height=240, internalWidth=240, internalHeight=240, stride=240, base=0xa88fa000, writeOwner=0, attr_base=0xffffffff, yuv_info=1, fd=-1, buf_idx=0, offset=0, min_pgsz=4096, phyaddr=0
05-23 15:28:48.878   279   279 E HWComposer: getLayerReleaseFence: Invalid display
05-23 15:28:48.880   313  2005 I SPRDAVCEncoder: H264EncStrmEncode[18024] 3ms, in {0xa88fa000-0x10070000, 240x240, 5}, out {0xa894e000-4768, 1}, wh{0, 0}, xy{0, 0}
05-23 15:28:48.888   313   843 I gralloc : Registering handle 0xa73bc600 coming from the same process
05-23 15:28:48.889   313   843 I gralloc : gralloc_unregister_buffer hnd=0xa73bc6c0, share_fd=42, share_attr_fd=43, magic=51647890, format=1, internal_format=1, byte_stride=960, flags=4, usage=0x10200, size=230400, width=240, height=240, internalWidth=240, internalHeight=240, stride=240, base=0xa8624000, writeOwner=0, attr_base=0xffffffff, yuv_info=1, fd=-1, buf_idx=0, offset=0, min_pgsz=4096, phyaddr=0
05-23 15:28:48.890   279   279 E HWComposer: getLayerReleaseFence: Invalid display
05-23 15:28:48.891   313  2005 I SPRDAVCEncoder: H264EncStrmEncode[18025] 1ms, in {0xa8624000-0x10070000, 240x240, 5}, out {0xa894e000-19415, 1}, wh{0, 0}, xy{0, 0}
05-23 15:28:48.933   313   843 I gralloc : Registering handle 0xa73bc6c0 coming from the same process
05-23 15:28:48.933   313   843 I gralloc : gralloc_unregister_buffer hnd=0xa73bc780, share_fd=38, share_attr_fd=39, magic=51647890, format=1, internal_format=1, byte_stride=960, flags=4, usage=0x10200, size=230400, width=240, height=240, internalWidth=240, internalHeight=240, stride=240, base=0xa88fa000, writeOwner=0, attr_base=0xffffffff, yuv_info=1, fd=-1, buf_idx=0, offset=0, min_pgsz=4096, phyaddr=0
05-23 15:28:48.936   279   279 E HWComposer: getLayerReleaseFence: Invalid display
05-23 15:28:48.938   313  2005 I SPRDAVCEncoder: H264EncStrmEncode[18026] 2ms, in {0xa88fa000-0x10070000, 240x240, 5}, out {0xa894e000-20839, 1}, wh{0, 0}, xy{0, 0}
05-23 15:28:48.961   313   843 I gralloc : Registering handle 0xa73bc780 coming from the same process
05-23 15:28:48.961   313   843 I gralloc : gralloc_unregister_buffer hnd=0xa73bc840, share_fd=40, share_attr_fd=41, magic=51647890, format=1, internal_format=1, byte_stride=960, flags=4, usage=0x10200, size=230400, width=240, height=240, internalWidth=240, internalHeight=240, stride=240, base=0xa8624000, writeOwner=0, attr_base=0xffffffff, yuv_info=1, fd=-1, buf_idx=0, offset=0, min_pgsz=4096, phyaddr=0
05-23 15:28:48.963   279   279 E HWComposer: getLayerReleaseFence: Invalid display
05-23 15:28:48.966   313  2005 I SPRDAVCEncoder: H264EncStrmEncode[18027] 1ms, in {0xa8624000-0x10070000, 240x240, 5}, out {0xa894e000-21703, 1}, wh{0, 0}, xy{0, 0}
05-23 15:28:48.989   313   843 I gralloc : Registering handle 0xa73bc840 coming from the same process
05-23 15:28:48.989   313   843 I gralloc : gralloc_unregister_buffer hnd=0xa73bc900, share_fd=36, share_attr_fd=37, magic=51647890, format=1, internal_format=1, byte_stride=960, flags=4, usage=0x10200, size=230400, width=240, height=240, internalWidth=240, internalHeight=240, stride=240, base=0xa88fa000, writeOwner=0, attr_base=0xffffffff, yuv_info=1, fd=-1, buf_idx=0, offset=0, min_pgsz=4096, phyaddr=0
05-23 15:28:48.991   279   279 E HWComposer: getLayerReleaseFence: Invalid display
05-23 15:28:48.994   313  2005 I SPRDAVCEncoder: H264EncStrmEncode[18028] 0ms, in {0xa88fa000-0x10070000, 240x240, 5}, out {0xa894e000-8722, 1}, wh{0, 0}, xy{0, 0}
05-23 15:28:49.003   313   843 I gralloc : Registering handle 0xa73bc900 coming from the same process
05-23 15:28:49.003   313   843 I gralloc : gralloc_unregister_buffer hnd=0xa73bc600, share_fd=44, share_attr_fd=45, magic=51647890, format=1, internal_format=1, byte_stride=960, flags=4, usage=0x10200, size=230400, width=240, height=240, internalWidth=240, internalHeight=240, stride=240, base=0xa8624000, writeOwner=0, attr_base=0xffffffff, yuv_info=1, fd=-1, buf_idx=0, offset=0, min_pgsz=4096, phyaddr=0
05-23 15:28:49.005   279   279 E HWComposer: getLayerReleaseFence: Invalid display
05-23 15:28:49.006   313  2005 I SPRDAVCEncoder: H264EncStrmEncode[18029] 1ms, in {0xa8624000-0x10070000, 240x240, 5}, out {0xa894e000-2622, 1}, wh{0, 0}, xy{0, 0}
05-23 15:28:49.048   313   843 I gralloc : Registering handle 0xa73bc600 coming from the same process
05-23 15:28:49.048   313   843 I gralloc : gralloc_unregister_buffer hnd=0xa73bc6c0, share_fd=42, share_attr_fd=43, magic=51647890, format=1, internal_format=1, byte_stride=960, flags=4, usage=0x10200, size=230400, width=240, height=240, internalWidth=240, internalHeight=240, stride=240, base=0xa88fa000, writeOwner=0, attr_base=0xffffffff, yuv_info=1, fd=-1, buf_idx=0, offset=0, min_pgsz=4096, phyaddr=0
05-23 15:28:49.050   313  2005 I SPRDAVCEncoder: H264EncStrmEncode[18030] 1ms, in {0xa88fa000-0x10070000, 240x240, 5}, out {0xa894e000-1815, 1}, wh{0, 0}, xy{0, 0}
05-23 15:28:49.052   279   279 E HWComposer: getLayerReleaseFence: Invalid display
05-23 15:28:49.075   313   843 I gralloc : Registering handle 0xa73bc6c0 coming from the same process
05-23 15:28:49.075   313   843 I gralloc : gralloc_unregister_buffer hnd=0xa73bc780, share_fd=38, share_attr_fd=39, magic=51647890, format=1, internal_format=1, byte_stride=960, flags=4, usage=0x10200, size=230400, width=240, height=240, internalWidth=240, internalHeight=240, stride=240, base=0xa8624000, writeOwner=0, attr_base=0xffffffff, yuv_info=1, fd=-1, buf_idx=0, offset=0, min_pgsz=4096, phyaddr=0
05-23 15:28:49.077   279   279 E HWComposer: getLayerReleaseFence: Invalid display
05-23 15:28:49.079   313  2005 I SPRDAVCEncoder: H264EncStrmEncode[18031] 3ms, in {0xa8624000-0x10070000, 240x240, 5}, out {0xa894e000-4364, 1}, wh{0, 0}, xy{0, 0}
05-23 15:28:49.104   313   843 I gralloc : Registering handle 0xa73bc780 coming from the same process
05-23 15:28:49.104   313   843 I gralloc : gralloc_unregister_buffer hnd=0xa73bc840, share_fd=40, share_attr_fd=41, magic=51647890, format=1, internal_format=1, byte_stride=960, flags=4, usage=0x10200, size=230400, width=240, height=240, internalWidth=240, internalHeight=240, stride=240, base=0xa88fa000, writeOwner=0, attr_base=0xffffffff, yuv_info=1, fd=-1, buf_idx=0, offset=0, min_pgsz=4096, phyaddr=0
05-23 15:28:49.106   279   279 E HWComposer: getLayerReleaseFence: Invalid display
05-23 15:28:49.108   313  2005 I SPRDAVCEncoder: H264EncStrmEncode[18032] 3ms, in {0xa88fa000-0x10070000, 240x240, 5}, out {0xa894e000-3928, 1}, wh{0, 0}, xy{0, 0}
05-23 15:28:49.132   313   843 I gralloc : Registering handle 0xa73bc840 coming from the same process
05-23 15:28:49.132   313   843 I gralloc : gralloc_unregister_buffer hnd=0xa73bc900, share_fd=36, share_attr_fd=37, magic=51647890, format=1, internal_format=1, byte_stride=960, flags=4, usage=0x10200, size=230400, width=240, height=240, internalWidth=240, internalHeight=240, stride=240, base=0xa8624000, writeOwner=0, attr_base=0xffffffff, yuv_info=1, fd=-1, buf_idx=0, offset=0, min_pgsz=4096, phyaddr=0
05-23 15:28:49.134   313  2005 I SPRDAVCEncoder: H264EncStrmEncode[18033] 1ms, in {0xa8624000-0x10070000, 240x240, 5}, out {0xa894e000-655, 1}, wh{0, 0}, xy{0, 0}
05-23 15:28:49.135   279   279 E HWComposer: getLayerReleaseFence: Invalid display
05-23 15:28:49.146   313   843 I gralloc : Registering handle 0xa73bc900 coming from the same process
05-23 15:28:49.146   313   843 I gralloc : gralloc_unregister_buffer hnd=0xa73bc600, share_fd=44, share_attr_fd=45, magic=51647890, format=1, internal_format=1, byte_stride=960, flags=4, usage=0x10200, size=230400, width=240, height=240, internalWidth=240, internalHeight=240, stride=240, base=0xa88fa000, writeOwner=0, attr_base=0xffffffff, yuv_info=1, fd=-1, buf_idx=0, offset=0, min_pgsz=4096, phyaddr=0
05-23 15:28:49.147   313  2005 I SPRDAVCEncoder: H264EncStrmEncode[18034] 0ms, in {0xa88fa000-0x10070000, 240x240, 5}, out {0xa894e000-312, 1}, wh{0, 0}, xy{0, 0}
05-23 15:28:49.148   279   279 E HWComposer: getLayerReleaseFence: Invalid display
05-23 15:28:49.175   313   843 I gralloc : Registering handle 0xa73bc600 coming from the same process
05-23 15:28:49.175   313   843 I gralloc : gralloc_unregister_buffer hnd=0xa73bc6c0, share_fd=42, share_attr_fd=43, magic=51647890, format=1, internal_format=1, byte_stride=960, flags=4, usage=0x10200, size=230400, width=240, height=240, internalWidth=240, internalHeight=240, stride=240, base=0xa8624000, writeOwner=0, attr_base=0xffffffff, yuv_info=1, fd=-1, buf_idx=0, offset=0, min_pgsz=4096, phyaddr=0
05-23 15:28:49.177   313  2005 I SPRDAVCEncoder: H264EncStrmEncode[18035] 0ms, in {0xa8624000-0x10070000, 240x240, 5}, out {0xa894e000-257, 1}, wh{0, 0}, xy{0, 0}
05-23 15:28:49.178   279   279 E HWComposer: getLayerReleaseFence: Invalid display
05-23 15:28:49.197  1215  1215 I Launcher: curFramePage = 2
05-23 15:28:49.218   313   843 I gralloc : Registering handle 0xa73bc6c0 coming from the same process
05-23 15:28:49.218   313   843 I gralloc : gralloc_unregister_buffer hnd=0xa73bc780, share_fd=38, share_attr_fd=39, magic=51647890, format=1, internal_format=1, byte_stride=960, flags=4, usage=0x10200, size=230400, width=240, height=240, internalWidth=240, internalHeight=240, stride=240, base=0xa88fa000, writeOwner=0, attr_base=0xffffffff, yuv_info=1, fd=-1, buf_idx=0, offset=0, min_pgsz=4096, phyaddr=0
05-23 15:28:49.219   313  2005 I SPRDAVCEncoder: H264EncStrmEncode[18036] 1ms, in {0xa88fa000-0x10070000, 240x240, 5}, out {0xa894e000-251, 1}, wh{0, 0}, xy{0, 0}
05-23 15:28:49.220   279   279 E HWComposer: getLayerReleaseFence: Invalid display
05-23 15:28:49.225   272   384 D PowerHAL: ##Timing deboost
05-23 15:28:49.225   272   384 D PowerHAL: Enter common_set: enable:0, duration: 0, /sys/devices/system/cpu/cpuhotplug/cluster0_core_min_limit:
05-23 15:28:49.225   272   384 D PowerHAL: Enter common_clear:
05-23 15:28:49.225   272   384 D PowerHAL: ##Timing deboost
05-23 15:28:49.225   272   384 D PowerHAL: Enter common_set: enable:0, duration: 0, /sys/devices/system/cpu/cpuhotplug/cluster0_core_max_limit:
05-23 15:28:49.225   272   384 D PowerHAL: Enter common_clear:
