05-23 15:28:45.299   313   650 I gralloc : gralloc_unregister_buffer hnd=0xa73bc600, share_fd=36, share_attr_fd=37, magic=51647890, format=1, internal_format=1, byte_stride=960, flags=4, usage=0x10200, size=230400, width=240, height=240, internalWidth=240, internalHeight=240, stride=240, base=0xa88fa000, writeOwner=0, attr_base=0xffffffff, yuv_info=1, fd=-1, buf_idx=0, offset=0, min_pgsz=4096, phyaddr=0
05-23 15:28:45.300   313  2005 I SPRDAVCEncoder: H264EncStrmEncode[17944] 1ms, in {0xa88fa000-0x10070000, 240x240, 5}, out {0xa894e000-494, 1}, wh{0, 0}, xy{0, 0}
05-23 15:28:45.302   279   279 E HWComposer: getLayerReleaseFence: Invalid display
05-23 15:28:45.315   263   263 D memtrack_sprd: sprd_get_memory, pid:1981, type:1, allocated_records:0, num records:2
05-23 15:28:45.315   263   263 D memtrack_sprd: sprd_get_memory, pid:1981, type:1, allocated_records:2, num records:2
05-23 15:28:45.315   263   263 D memtrack_sprd: sprd_get_memory, pid:1981, type:2, allocated_records:0, num records:2
05-23 15:28:45.315   263   263 D memtrack_sprd: sprd_get_memory, pid:1981, type:2, allocated_records:2, num records:2
05-23 15:28:45.343   313   650 I gralloc : Registering handle 0xa73bc600 coming from the same process
05-23 15:28:45.343   313   650 I gralloc : gralloc_unregister_buffer hnd=0xa73bc6c0, share_fd=44, share_attr_fd=45, magic=51647890, format=1, internal_format=1, byte_stride=960, flags=4, usage=0x10200, size=230400, width=240, height=240, internalWidth=240, internalHeight=240, stride=240, base=0xa8624000, writeOwner=0, attr_base=0xffffffff, yuv_info=1, fd=-1, buf_idx=0, offset=0, min_pgsz=4096, phyaddr=0
05-23 15:28:45.345   313  2005 I SPRDAVCEncoder: H264EncStrmEncode[17945] 1ms, in {0xa8624000-0x10070000, 240x240, 5}, out {0xa894e000-191, 1}, wh{0, 0}, xy{0, 0}
05-23 15:28:45.346   279   279 E HWComposer: getLayerReleaseFence: Invalid display
05-23 15:28:45.385   313   650 I gralloc : Registering handle 0xa73bc6c0 coming from the same process
05-23 15:28:45.386   313   650 I gralloc : gralloc_unregister_buffer hnd=0xa73bc780, share_fd=38, share_attr_fd=39, magic=51647890, format=1, internal_format=1, byte_stride=960, flags=4, usage=0x10200, size=230400, width=240, height=240, internalWidth=240, internalHeight=240, stride=240, base=0xa88fa000, writeOwner=0, attr_base=0xffffffff, yuv_info=1, fd=-1, buf_idx=0, offset=0, min_pgsz=4096, phyaddr=0
05-23 15:28:45.388   313  2005 I SPRDAVCEncoder: H264EncStrmEncode[17946] 1ms, in {0xa88fa000-0x10070000, 240x240, 5}, out {0xa894e000-177, 1}, wh{0, 0}, xy{0, 0}
05-23 15:28:45.389   279   279 E HWComposer: getLayerReleaseFence: Invalid display
05-23 15:28:45.392  1215  1215 I Launcher: curFramePage = 0
05-23 15:28:45.394  1215  1215 D WatchDialManager: onShow
05-23 15:28:45.412   313   650 I gralloc : Registering handle 0xa73bc780 coming from the same process
05-23 15:28:45.412   313   650 I gralloc : gralloc_unregister_buffer hnd=0xa73bc840, share_fd=40, share_attr_fd=41, magic=51647890, format=1, internal_format=1, byte_stride=960, flags=4, usage=0x10200, size=230400, width=240, height=240, internalWidth=240, internalHeight=240, stride=240, base=0xa8624000, writeOwner=0, attr_base=0xffffffff, yuv_info=1, fd=-1, buf_idx=0, offset=0, min_pgsz=4096, phyaddr=0
05-23 15:28:45.414   279   279 E HWComposer: getLayerReleaseFence: Invalid display
05-23 15:28:45.415   313  2005 I SPRDAVCEncoder: H264EncStrmEncode[17947] 1ms, in {0xa8624000-0x10070000, 240x240, 5}, out {0xa894e000-2457, 1}, wh{0, 0}, xy{0, 0}
05-23 15:28:45.422  1215  1215 I Launcher: getSignalValue =-1
05-23 15:28:45.430   263   263 D memtrack_sprd: sprd_get_memory, pid:1999, type:1, allocated_records:0, num records:2
05-23 15:28:45.431   263   263 D memtrack_sprd: sprd_get_memory, pid:1999, type:1, allocated_records:2, num records:2
05-23 15:28:45.431   263   263 D memtrack_sprd: sprd_get_memory, pid:1999, type:2, allocated_records:0, num records:2
05-23 15:28:45.431   263   263 D memtrack_sprd: sprd_get_memory, pid:1999, type:2, allocated_records:2, num records:2
05-23 15:28:45.440   263   263 D memtrack_sprd: sprd_get_memory, pid:14604, type:1, allocated_records:0, num records:2
05-23 15:28:45.440   263   263 D memtrack_sprd: sprd_get_memory, pid:14604, type:1, allocated_records:2, num records:2
05-23 15:28:45.440   263   263 D memtrack_sprd: sprd_get_memory, pid:14604, type:2, allocated_records:0, num records:2
05-23 15:28:45.440   263   263 D memtrack_sprd: sprd_get_memory, pid:14604, type:2, allocated_records:2, num records:2
05-23 15:28:45.442   313   650 I gralloc : Registering handle 0xa73bc840 coming from the same process
05-23 15:28:45.442   313   650 I gralloc : gralloc_unregister_buffer hnd=0xa73bc900, share_fd=42, share_attr_fd=43, magic=51647890, format=1, internal_format=1, byte_stride=960, flags=4, usage=0x10200, size=230400, width=240, height=240, internalWidth=240, internalHeight=240, stride=240, base=0xa88fa000, writeOwner=0, attr_base=0xffffffff, yuv_info=1, fd=-1, buf_idx=0, offset=0, min_pgsz=4096, phyaddr=0
05-23 15:28:45.443   313  2005 I SPRDAVCEncoder: H264EncStrmEncode[17948] 1ms, in {0xa88fa000-0x10070000, 240x240, 5}, out {0xa894e000-1785, 1}, wh{0, 0}, xy{0, 0}
05-23 15:28:45.445   279   279 E HWComposer: getLayerReleaseFence: Invalid display
05-23 15:28:45.457   263   263 D memtrack_sprd: sprd_get_memory, pid:15539, type:1, allocated_records:0, num records:2
05-23 15:28:45.457   263   263 D memtrack_sprd: sprd_get_memory, pid:15539, type:1, allocated_records:2, num records:2
05-23 15:28:45.458   263   263 D memtrack_sprd: sprd_get_memory, pid:15539, type:2, allocated_records:0, num records:2
05-23 15:28:45.458   263   263 D memtrack_sprd: sprd_get_memory, pid:15539, type:2, allocated_records:2, num records:2
05-23 15:28:45.467   263   263 D memtrack_sprd: sprd_get_memory, pid:15605, type:1, allocated_records:0, num records:2
05-23 15:28:45.467   263   263 D memtrack_sprd: sprd_get_memory, pid:15605, type:1, allocated_records:2, num records:2
05-23 15:28:45.467   263   263 D memtrack_sprd: sprd_get_memory, pid:15605, type:2, allocated_records:0, num records:2
05-23 15:28:45.467   263   263 D memtrack_sprd: sprd_get_memory, pid:15605, type:2, allocated_records:2, num records:2
05-23 15:28:45.471   313   650 I gralloc : Registering handle 0xa73bc900 coming from the same process
05-23 15:28:45.471   313   650 I gralloc : gralloc_unregister_buffer hnd=0xa73bc600, share_fd=36, share_attr_fd=37, magic=51647890, format=1, internal_format=1, byte_stride=960, flags=4, usage=0x10200, size=230400, width=240, height=240, internalWidth=240, internalHeight=240, stride=240, base=0xa8624000, writeOwner=0, attr_base=0xffffffff, yuv_info=1, fd=-1, buf_idx=0, offset=0, min_pgsz=4096, phyaddr=0
05-23 15:28:45.472   313  2005 I SPRDAVCEncoder: H264EncStrmEncode[17949] 1ms, in {0xa8624000-0x10070000, 240x240, 5}, out {0xa894e000-275, 1}, wh{0, 0}, xy{0, 0}
05-23 15:28:45.474   279   279 E HWComposer: getLayerReleaseFence: Invalid display
05-23 15:28:45.486   598   820 I am_meminfo: [161497088,44642304,44576768,68894720,180667392]
05-23 15:28:45.512   313   650 I gralloc : Registering handle 0xa73bc600 coming from the same process
05-23 15:28:45.512   313   650 I gralloc : gralloc_unregister_buffer hnd=0xa73bc6c0, share_fd=44, share_attr_fd=45, magic=51647890, format=1, internal_format=1, byte_stride=960, flags=4, usage=0x10200, size=230400, width=240, height=240, internalWidth=240, internalHeight=240, stride=240, base=0xa88fa000, writeOwner=0, attr_base=0xffffffff, yuv_info=1, fd=-1, buf_idx=0, offset=0, min_pgsz=4096, phyaddr=0
05-23 15:28:45.514   313  2005 I SPRDAVCEncoder: H264EncStrmEncode[17950] 0ms, in {0xa88fa000-0x10070000, 240x240, 5}, out {0xa894e000-192, 1}, wh{0, 0}, xy{0, 0}
05-23 15:28:45.514   279   279 E HWComposer: getLayerReleaseFence: Invalid display
05-23 15:28:45.537   272   384 D PowerHAL: ##Timing deboost
05-23 15:28:45.537   272   384 D PowerHAL: Enter common_set: enable:0, duration: 0, /sys/devices/system/cpu/cpuhotplug/cluster0_core_min_limit:
05-23 15:28:45.537   272   384 D PowerHAL: Enter common_clear:
05-23 15:28:45.537   272   384 D PowerHAL: ##Timing deboost
05-23 15:28:45.537   272   384 D PowerHAL: Enter common_set: enable:0, duration: 0, /sys/devices/system/cpu/cpuhotplug/cluster0_core_max_limit:
05-23 15:28:45.537   272   384 D PowerHAL: Enter common_clear:
05-23 15:28:45.537   272   384 D PowerHAL: ##Timing deboost
05-23 15:28:45.537   272   384 D PowerHAL: Enter common_subsys_set: enable:0, duration: 0, subsys:cpufreq:
05-23 15:28:45.537   272   384 D PowerHAL: Enter common_subsys_clear: cpufreq
05-23 15:28:45.555   313   650 I gralloc : Registering handle 0xa73bc6c0 coming from the same process
05-23 15:28:45.555   313   650 I gralloc : gralloc_unregister_buffer hnd=0xa73bc780, share_fd=38, share_attr_fd=39, magic=51647890, format=1, internal_format=1, byte_stride=960, flags=4, usage=0x10200, size=230400, width=240, height=240, internalWidth=240, internalHeight=240, stride=240, base=0xa8624000, writeOwner=0, attr_base=0xffffffff, yuv_info=1, fd=-1, buf_idx=0, offset=0, min_pgsz=4096, phyaddr=0
05-23 15:28:45.557   313  2005 I SPRDAVCEncoder: H264EncStrmEncode[17951] 0ms, in {0xa8624000-0x10070000, 240x240, 5}, out {0xa894e000-181, 1}, wh{0, 0}, xy{0, 0}
05-23 15:28:45.557   279   279 E HWComposer: getLayerReleaseFence: Invalid display
05-23 15:28:45.563 15637 15637 D ip_monitor-297: 192.168.0.1 dev wlan0 lladdr 34:f7:16:b6:7a:34 STALE
05-23 15:28:45.598   313   650 I gralloc : Registering handle 0xa73bc780 coming from the same process
05-23 15:28:45.599   313   650 I gralloc : gralloc_unregister_buffer hnd=0xa73bc840, share_fd=40, share_attr_fd=41, magic=51647890, format=1, internal_format=1, byte_stride=960, flags=4, usage=0x10200, size=230400, width=240, height=240, internalWidth=240, internalHeight=240, stride=240, base=0xa88fa000, writeOwner=0, attr_base=0xffffffff, yuv_info=1, fd=-1, buf_idx=0, offset=0, min_pgsz=4096, phyaddr=0
05-23 15:28:45.600   313  2005 I SPRDAVCEncoder: H264EncStrmEncode[17952] 1ms, in {0xa88fa000-0x10070000, 240x240, 5}, out {0xa894e000-1774, 1}, wh{0, 0}, xy{0, 0}
05-23 15:28:45.601   279   279 E HWComposer: getLayerReleaseFence: Invalid display
05-23 15:28:45.641   313   650 I gralloc : Registering handle 0xa73bc840 coming from the same process
05-23 15:28:45.641   313   650 I gralloc : gralloc_unregister_buffer hnd=0xa73bc900, share_fd=42, share_attr_fd=43, magic=51647890, format=1, internal_format=1, byte_stride=960, flags=4, usage=0x10200, size=230400, width=240, height=240, internalWidth=240, internalHeight=240, stride=240, base=0xa8624000, writeOwner=0, attr_base=0xffffffff, yuv_info=1, fd=-1, buf_idx=0, offset=0, min_pgsz=4096, phyaddr=0
05-23 15:28:45.642   313  2005 I SPRDAVCEncoder: H264EncStrmEncode[17953] 0ms, in {0xa8624000-0x10070000, 240x240, 5}, out {0xa894e000-264, 1}, wh{0, 0}, xy{0, 0}
05-23 15:28:45.644   279   279 E HWComposer: getLayerReleaseFence: Invalid display
05-23 15:28:45.654   272   272 D PowerHAL: POWER_HINT_INTERACTION: data=0x00, subtype=0, duration=500
05-23 15:28:45.654   272   272 D PowerHAL: ###Enter interaction_other scene bgn###
05-23 15:28:45.654   272   272 D PowerHAL: Enter common_set: enable:1, duration: 500, /sys/devices/system/cpu/cpuhotplug/cluster0_core_min_limit: 4
05-23 15:28:45.655  1215  1215 D jx      : WatchDialmanaget onTouchEvent
05-23 15:28:45.655   272   272 D PowerHAL: Enter common_set: enable:1, duration: 500, /sys/devices/system/cpu/cpuhotplug/cluster0_core_max_limit: 4
05-23 15:28:45.655   272   272 D PowerHAL: Enter common_subsys_set: enable:1, duration: 500, subsys:cpufreq: conf_2:5
05-23 15:28:45.655  1215  1215 D jx      : onInterceptTouchEvent mTouchState=0
05-23 15:28:45.655   272   272 D PowerHAL: Enter common_subsys_set_current_config:
05-23 15:28:45.655   272   272 D PowerHAL: ###Enter interaction_other scene end###
05-23 15:28:45.655   272   272 D PowerHAL: POWER_HINT_INTERACTION: data=0x10000, subtype=1, duration=500
05-23 15:28:45.655   272   272 D PowerHAL: ###Enter interaction_touch scene bgn###
05-23 15:28:45.655   272   272 D PowerHAL: Enter common_subsys_set: enable:1, duration: 500, subsys:cpufreq: conf_2:5
05-23 15:28:45.655   272   272 D PowerHAL: ###Enter interaction_touch scene end###
05-23 15:28:45.681  1215  1215 D jx      : WatchDialmanaget onTouchEvent
05-23 15:28:45.681  1215  1215 D jx      : onInterceptTouchEvent mTouchState=0
05-23 15:28:45.685   313   650 I gralloc : Registering handle 0xa73bc900 coming from the same process
05-23 15:28:45.685   313   650 I gralloc : gralloc_unregister_buffer hnd=0xa73bc600, share_fd=36, share_attr_fd=37, magic=51647890, format=1, internal_format=1, byte_stride=960, flags=4, usage=0x10200, size=230400, width=240, height=240, internalWidth=240, internalHeight=240, stride=240, base=0xa88fa000, writeOwner=0, attr_base=0xffffffff, yuv_info=1, fd=-1, buf_idx=0, offset=0, min_pgsz=4096, phyaddr=0
05-23 15:28:45.687   313  2005 I SPRDAVCEncoder: H264EncStrmEncode[17954] 0ms, in {0xa88fa000-0x10070000, 240x240, 5}, out {0xa894e000-192, 1}, wh{0, 0}, xy{0, 0}
05-23 15:28:45.688   279   279 E HWComposer: getLayerReleaseFence: Invalid display
05-23 15:28:45.694  1215  1215 D jx      : WatchDialmanaget onTouchEvent
05-23 15:28:45.695  1215  1215 D jx      : onInterceptTouchEvent mTouchState=0
05-23 15:28:45.723  1215  1215 D jx      : WatchDialmanaget onTouchEvent
05-23 15:28:45.723  1215  1215 D jx      : onInterceptTouchEvent mTouchState=0
05-23 15:28:45.727   313   650 I gralloc : Registering handle 0xa73bc600 coming from the same process
05-23 15:28:45.727   313   650 I gralloc : gralloc_unregister_buffer hnd=0xa73bc6c0, share_fd=44, share_attr_fd=45, magic=51647890, format=1, internal_format=1, byte_stride=960, flags=4, usage=0x10200, size=230400, width=240, height=240, internalWidth=240, internalHeight=240, stride=240, base=0xa8624000, writeOwner=0, attr_base=0xffffffff, yuv_info=1, fd=-1, buf_idx=0, offset=0, min_pgsz=4096, phyaddr=0
05-23 15:28:45.728   313  2005 I SPRDAVCEncoder: H264EncStrmEncode[17955] 0ms, in {0xa8624000-0x10070000, 240x240, 5}, out {0xa894e000-179, 1}, wh{0, 0}, xy{0, 0}
05-23 15:28:45.729   279   279 E HWComposer: getLayerReleaseFence: Invalid display
05-23 15:28:45.737  1215  1215 D jx      : WatchDialmanaget onTouchEvent
05-23 15:28:45.737  1215  1215 D jx      : onInterceptTouchEvent mTouchState=0
05-23 15:28:45.751  1215  1215 D jx      : WatchDialmanaget onTouchEvent
05-23 15:28:45.752  1215  1215 D jx      : onInterceptTouchEvent mTouchState=0
05-23 15:28:45.756   272   272 D PowerHAL: POWER_HINT_INTERACTION: data=0x00, subtype=0, duration=500
05-23 15:28:45.756   272   272 D PowerHAL: ###Enter interaction_other scene bgn###
05-23 15:28:45.756   272   272 D PowerHAL: Enter common_set: enable:1, duration: 500, /sys/devices/system/cpu/cpuhotplug/cluster0_core_min_limit: 4
05-23 15:28:45.756   272   272 D PowerHAL: Enter common_set: enable:1, duration: 500, /sys/devices/system/cpu/cpuhotplug/cluster0_core_max_limit: 4
05-23 15:28:45.756   272   272 D PowerHAL: Enter common_subsys_set: enable:1, duration: 500, subsys:cpufreq: conf_2:5
05-23 15:28:45.756   272   272 D PowerHAL: ###Enter interaction_other scene end###
05-23 15:28:45.756   272   272 D PowerHAL: POWER_HINT_INTERACTION: data=0x10000, subtype=1, duration=500
05-23 15:28:45.756   272   272 D PowerHAL: ###Enter interaction_touch scene bgn###
05-23 15:28:45.756   272   272 D PowerHAL: Enter common_subsys_set: enable:1, duration: 500, subsys:cpufreq: conf_2:5
05-23 15:28:45.756   272   272 D PowerHAL: ###Enter interaction_touch scene end###
05-23 15:28:45.767  1215  1215 D jx      : WatchDialmanaget onTouchEvent
05-23 15:28:45.767  1215  1215 D jx      : onInterceptTouchEvent mTouchState=0
05-23 15:28:45.769   313   650 I gralloc : Registering handle 0xa73bc6c0 coming from the same process
05-23 15:28:45.769   313   650 I gralloc : gralloc_unregister_buffer hnd=0xa73bc780, share_fd=38, share_attr_fd=39, magic=51647890, format=1, internal_format=1, byte_stride=960, flags=4, usage=0x10200, size=230400, width=240, height=240, internalWidth=240, internalHeight=240, stride=240, base=0xa88fa000, writeOwner=0, attr_base=0xffffffff, yuv_info=1, fd=-1, buf_idx=0, offset=0, min_pgsz=4096, phyaddr=0
05-23 15:28:45.770   313  2005 I SPRDAVCEncoder: H264EncStrmEncode[17956] 0ms, in {0xa88fa000-0x10070000, 240x240, 5}, out {0xa894e000-1729, 1}, wh{0, 0}, xy{0, 0}
05-23 15:28:45.771   279   279 E HWComposer: getLayerReleaseFence: Invalid display
05-23 15:28:45.780  1215  1215 D jx      : WatchDialmanaget onTouchEvent
05-23 15:28:45.780  1215  1215 D jx      : onInterceptTouchEvent mTouchState=0
05-23 15:28:45.794  1215  1215 D jx      : WatchDialmanaget onTouchEvent
05-23 15:28:45.794  1215  1215 D jx      : onInterceptTouchEvent mTouchState=0
05-23 15:28:45.811   313   650 I gralloc : Registering handle 0xa73bc780 coming from the same process
05-23 15:28:45.811   313   650 I gralloc : gralloc_unregister_buffer hnd=0xa73bc840, share_fd=40, share_attr_fd=41, magic=51647890, format=1, internal_format=1, byte_stride=960, flags=4, usage=0x10200, size=230400, width=240, height=240, internalWidth=240, internalHeight=240, stride=240, base=0xa8624000, writeOwner=0, attr_base=0xffffffff, yuv_info=1, fd=-1, buf_idx=0, offset=0, min_pgsz=4096, phyaddr=0
05-23 15:28:45.812   313  2005 I SPRDAVCEncoder: H264EncStrmEncode[17957] 0ms, in {0xa8624000-0x10070000, 240x240, 5}, out {0xa894e000-249, 1}, wh{0, 0}, xy{0, 0}
05-23 15:28:45.813   279   279 E HWComposer: getLayerReleaseFence: Invalid display
05-23 15:28:45.817   263   263 D memtrack_sprd: sprd_get_memory, pid:11554, type:1, allocated_records:0, num records:2
05-23 15:28:45.817   263   263 D memtrack_sprd: sprd_get_memory, pid:11554, type:1, allocated_records:2, num records:2
05-23 15:28:45.818   263   263 D memtrack_sprd: sprd_get_memory, pid:11554, type:2, allocated_records:0, num records:2
05-23 15:28:45.818   263   263 D memtrack_sprd: sprd_get_memory, pid:11554, type:2, allocated_records:2, num records:2
05-23 15:28:45.823  1215  1215 D jx      : WatchDialmanaget onTouchEvent
05-23 15:28:45.823  1215  1215 D jx      : onInterceptTouchEvent mTouchState=0
05-23 15:28:45.832 11554 12165 I zygote  : Explicit concurrent copying GC freed 5036(257KB) AllocSpace objects, 2(40KB) LOS objects, 30% free, 1172KB/1684KB, paused 87us total 12.576ms
05-23 15:28:45.837  1215  1215 D jx      : WatchDialmanaget onTouchEvent
05-23 15:28:45.837  1215  1215 D jx      : onInterceptTouchEvent mTouchState=0
05-23 15:28:45.851  1215  1215 D jx      : WatchDialmanaget onTouchEvent
05-23 15:28:45.852  1215  1215 D jx      : onInterceptTouchEvent mTouchState=0
05-23 15:28:45.854   313   650 I gralloc : Registering handle 0xa73bc840 coming from the same process
05-23 15:28:45.854   313   650 I gralloc : gralloc_unregister_buffer hnd=0xa73bc900, share_fd=42, share_attr_fd=43, magic=51647890, format=1, internal_format=1, byte_stride=960, flags=4, usage=0x10200, size=230400, width=240, height=240, internalWidth=240, internalHeight=240, stride=240, base=0xa88fa000, writeOwner=0, attr_base=0xffffffff, yuv_info=1, fd=-1, buf_idx=0, offset=0, min_pgsz=4096, phyaddr=0
05-23 15:28:45.856   313  2005 I SPRDAVCEncoder: H264EncStrmEncode[17958] 0ms, in {0xa88fa000-0x10070000, 240x240, 5}, out {0xa894e000-193, 1}, wh{0, 0}, xy{0, 0}
05-23 15:28:45.857   279   279 E HWComposer: getLayerReleaseFence: Invalid display
05-23 15:28:45.857   272  1543 D PowerHAL: POWER_HINT_INTERACTION: data=0x00, subtype=0, duration=500
05-23 15:28:45.857   272  1543 D PowerHAL: ###Enter interaction_other scene bgn###
05-23 15:28:45.857   272  1543 D PowerHAL: Enter common_set: enable:1, duration: 500, /sys/devices/system/cpu/cpuhotplug/cluster0_core_min_limit: 4
05-23 15:28:45.857   272  1543 D PowerHAL: Enter common_set: enable:1, duration: 500, /sys/devices/system/cpu/cpuhotplug/cluster0_core_max_limit: 4
05-23 15:28:45.857   272  1543 D PowerHAL: Enter common_subsys_set: enable:1, duration: 500, subsys:cpufreq: conf_2:5
05-23 15:28:45.857   272  1543 D PowerHAL: ###Enter interaction_other scene end###
05-23 15:28:45.857   272  1543 D PowerHAL: POWER_HINT_INTERACTION: data=0x10000, subtype=1, duration=500
05-23 15:28:45.857   272  1543 D PowerHAL: ###Enter interaction_touch scene bgn###
05-23 15:28:45.857   272  1543 D PowerHAL: Enter common_subsys_set: enable:1, duration: 500, subsys:cpufreq: conf_2:5
05-23 15:28:45.858   272  1543 D PowerHAL: ###Enter interaction_touch scene end###
05-23 15:28:45.865  1215  1215 D jx      : WatchDialmanaget onTouchEvent
05-23 15:28:45.866  1215  1215 D jx      : onInterceptTouchEvent mTouchState=0
05-23 15:28:45.880  1215  1215 D jx      : WatchDialmanaget onTouchEvent
05-23 15:28:45.880  1215  1215 D jx      : onInterceptTouchEvent mTouchState=0
05-23 15:28:45.894  1215  1215 D jx      : WatchDialmanaget onTouchEvent
05-23 15:28:45.894  1215  1215 D jx      : onInterceptTouchEvent mTouchState=0
05-23 15:28:45.897   313   650 I gralloc : Registering handle 0xa73bc900 coming from the same process
05-23 15:28:45.897   313   650 I gralloc : gralloc_unregister_buffer hnd=0xa73bc600, share_fd=36, share_attr_fd=37, magic=51647890, format=1, internal_format=1, byte_stride=960, flags=4, usage=0x10200, size=230400, width=240, height=240, internalWidth=240, internalHeight=240, stride=240, base=0xa8624000, writeOwner=0, attr_base=0xffffffff, yuv_info=1, fd=-1, buf_idx=0, offset=0, min_pgsz=4096, phyaddr=0
05-23 15:28:45.898   313  2005 I SPRDAVCEncoder: H264EncStrmEncode[17959] 0ms, in {0xa8624000-0x10070000, 240x240, 5}, out {0xa894e000-176, 1}, wh{0, 0}, xy{0, 0}
05-23 15:28:45.899   279   279 E HWComposer: getLayerReleaseFence: Invalid display
05-23 15:28:45.922  1215  1215 D jx      : WatchDialmanaget onTouchEvent
05-23 15:28:45.923  1215  1215 D jx      : onInterceptTouchEvent mTouchState=0
05-23 15:28:45.937  1215  1215 D jx      : WatchDialmanaget onTouchEvent
05-23 15:28:45.937  1215  1215 D jx      : onInterceptTouchEvent mTouchState=0
05-23 15:28:45.941   313   650 I gralloc : Registering handle 0xa73bc600 coming from the same process
05-23 15:28:45.941   313   650 I gralloc : gralloc_unregister_buffer hnd=0xa73bc6c0, share_fd=44, share_attr_fd=45, magic=51647890, format=1, internal_format=1, byte_stride=960, flags=4, usage=0x10200, size=230400, width=240, height=240, internalWidth=240, internalHeight=240, stride=240, base=0xa88fa000, writeOwner=0, attr_base=0xffffffff, yuv_info=1, fd=-1, buf_idx=0, offset=0, min_pgsz=4096, phyaddr=0
05-23 15:28:45.943   313  2005 I SPRDAVCEncoder: H264EncStrmEncode[17960] 0ms, in {0xa88fa000-0x10070000, 240x240, 5}, out {0xa894e000-1785, 1}, wh{0, 0}, xy{0, 0}
05-23 15:28:45.944   279   279 E HWComposer: getLayerReleaseFence: Invalid display
05-23 15:28:45.951  1215  1215 D jx      : WatchDialmanaget onTouchEvent
05-23 15:28:45.951  1215  1215 D jx      : onInterceptTouchEvent mTouchState=0
05-23 15:28:45.956   272  1543 D PowerHAL: POWER_HINT_INTERACTION: data=0x00, subtype=0, duration=500
05-23 15:28:45.956   272  1543 D PowerHAL: ###Enter interaction_other scene bgn###
05-23 15:28:45.956   272  1543 D PowerHAL: Enter common_set: enable:1, duration: 500, /sys/devices/system/cpu/cpuhotplug/cluster0_core_min_limit: 4
05-23 15:28:45.956   272  1543 D PowerHAL: Enter common_set: enable:1, duration: 500, /sys/devices/system/cpu/cpuhotplug/cluster0_core_max_limit: 4
05-23 15:28:45.956   272  1543 D PowerHAL: Enter common_subsys_set: enable:1, duration: 500, subsys:cpufreq: conf_2:5
05-23 15:28:45.956   272  1543 D PowerHAL: ###Enter interaction_other scene end###
05-23 15:28:45.956   272  1543 D PowerHAL: POWER_HINT_INTERACTION: data=0x10000, subtype=1, duration=500
05-23 15:28:45.956   272  1543 D PowerHAL: ###Enter interaction_touch scene bgn###
05-23 15:28:45.956   272  1543 D PowerHAL: Enter common_subsys_set: enable:1, duration: 500, subsys:cpufreq: conf_2:5
05-23 15:28:45.956   272  1543 D PowerHAL: ###Enter interaction_touch scene end###
05-23 15:28:45.965  1215  1215 D jx      : WatchDialmanaget onTouchEvent
05-23 15:28:45.965  1215  1215 D jx      : onInterceptTouchEvent mTouchState=0
05-23 15:28:45.979  1215  1215 D jx      : WatchDialmanaget onTouchEvent
05-23 15:28:45.980  1215  1215 D jx      : onInterceptTouchEvent mTouchState=0
05-23 15:28:45.982   313   650 I gralloc : Registering handle 0xa73bc6c0 coming from the same process
05-23 15:28:45.982   313   650 I gralloc : gralloc_unregister_buffer hnd=0xa73bc780, share_fd=38, share_attr_fd=39, magic=51647890, format=1, internal_format=1, byte_stride=960, flags=4, usage=0x10200, size=230400, width=240, height=240, internalWidth=240, internalHeight=240, stride=240, base=0xa8624000, writeOwner=0, attr_base=0xffffffff, yuv_info=1, fd=-1, buf_idx=0, offset=0, min_pgsz=4096, phyaddr=0
05-23 15:28:45.983   313  2005 I SPRDAVCEncoder: H264EncStrmEncode[17961] 0ms, in {0xa8624000-0x10070000, 240x240, 5}, out {0xa894e000-298, 1}, wh{0, 0}, xy{0, 0}
05-23 15:28:45.984   279   279 E HWComposer: getLayerReleaseFence: Invalid display
05-23 15:28:46.008  1215  1215 D jx      : WatchDialmanaget onTouchEvent
05-23 15:28:46.008  1215  1215 D jx      : onInterceptTouchEvent mTouchState=0
05-23 15:28:46.022  1215  1215 D jx      : WatchDialmanaget onTouchEvent
05-23 15:28:46.022  1215  1215 D jx      : onInterceptTouchEvent mTouchState=0
05-23 15:28:46.028   313   650 I gralloc : Registering handle 0xa73bc780 coming from the same process
05-23 15:28:46.028   313   650 I gralloc : gralloc_unregister_buffer hnd=0xa73bc840, share_fd=40, share_attr_fd=41, magic=51647890, format=1, internal_format=1, byte_stride=960, flags=4, usage=0x10200, size=230400, width=240, height=240, internalWidth=240, internalHeight=240, stride=240, base=0xa88fa000, writeOwner=0, attr_base=0xffffffff, yuv_info=1, fd=-1, buf_idx=0, offset=0, min_pgsz=4096, phyaddr=0
05-23 15:28:46.029   279   279 E HWComposer: getLayerReleaseFence: Invalid display
05-23 15:28:46.031   313  2005 I SPRDAVCEncoder: H264EncStrmEncode[17962] 0ms, in {0xa88fa000-0x10070000, 240x240, 5}, out {0xa894e000-350, 1}, wh{0, 0}, xy{0, 0}
05-23 15:28:46.036  1215  1215 D jx      : WatchDialmanaget onTouchEvent
05-23 15:28:46.036  1215  1215 D jx      : onInterceptTouchEvent mTouchState=0
05-23 15:28:46.051  1215  1215 D jx      : WatchDialmanaget onTouchEvent
05-23 15:28:46.051  1215  1215 D jx      : onInterceptTouchEvent mTouchState=0
05-23 15:28:46.057   272  1543 D PowerHAL: POWER_HINT_INTERACTION: data=0x00, subtype=0, duration=500
05-23 15:28:46.057   272  1543 D PowerHAL: ###Enter interaction_other scene bgn###
05-23 15:28:46.057   272  1543 D PowerHAL: Enter common_set: enable:1, duration: 500, /sys/devices/system/cpu/cpuhotplug/cluster0_core_min_limit: 4
05-23 15:28:46.057   272  1543 D PowerHAL: Enter common_set: enable:1, duration: 500, /sys/devices/system/cpu/cpuhotplug/cluster0_core_max_limit: 4
05-23 15:28:46.057   272  1543 D PowerHAL: Enter common_subsys_set: enable:1, duration: 500, subsys:cpufreq: conf_2:5
05-23 15:28:46.057   272  1543 D PowerHAL: ###Enter interaction_other scene end###
05-23 15:28:46.057   272  1543 D PowerHAL: POWER_HINT_INTERACTION: data=0x10000, subtype=1, duration=500
05-23 15:28:46.057   272  1543 D PowerHAL: ###Enter interaction_touch scene bgn###
05-23 15:28:46.057   272  1543 D PowerHAL: Enter common_subsys_set: enable:1, duration: 500, subsys:cpufreq: conf_2:5
05-23 15:28:46.057   272  1543 D PowerHAL: ###Enter interaction_touch scene end###
05-23 15:28:46.066  1215  1215 D jx      : WatchDialmanaget onTouchEvent
05-23 15:28:46.066  1215  1215 D jx      : onInterceptTouchEvent mTouchState=0
05-23 15:28:46.069   313   650 I gralloc : Registering handle 0xa73bc840 coming from the same process
05-23 15:28:46.069   313   650 I gralloc : gralloc_unregister_buffer hnd=0xa73bc900, share_fd=42, share_attr_fd=43, magic=51647890, format=1, internal_format=1, byte_stride=960, flags=4, usage=0x10200, size=230400, width=240, height=240, internalWidth=240, internalHeight=240, stride=240, base=0xa8624000, writeOwner=0, attr_base=0xffffffff, yuv_info=1, fd=-1, buf_idx=0, offset=0, min_pgsz=4096, phyaddr=0
05-23 15:28:46.071   313  2005 I SPRDAVCEncoder: H264EncStrmEncode[17963] 1ms, in {0xa8624000-0x10070000, 240x240, 5}, out {0xa894e000-220, 1}, wh{0, 0}, xy{0, 0}
05-23 15:28:46.073   279   279 E HWComposer: getLayerReleaseFence: Invalid display
05-23 15:28:46.079  1215  1215 D jx      : WatchDialmanaget onTouchEvent
05-23 15:28:46.079  1215  1215 D jx      : onInterceptTouchEvent mTouchState=0
05-23 15:28:46.108  1215  1215 D jx      : WatchDialmanaget onTouchEvent
05-23 15:28:46.108  1215  1215 D jx      : onInterceptTouchEvent mTouchState=0
05-23 15:28:46.112   313   650 I gralloc : Registering handle 0xa73bc900 coming from the same process
05-23 15:28:46.112   313   650 I gralloc : gralloc_unregister_buffer hnd=0xa73bc600, share_fd=36, share_attr_fd=37, magic=51647890, format=1, internal_format=1, byte_stride=960, flags=4, usage=0x10200, size=230400, width=240, height=240, internalWidth=240, internalHeight=240, stride=240, base=0xa88fa000, writeOwner=0, attr_base=0xffffffff, yuv_info=1, fd=-1, buf_idx=0, offset=0, min_pgsz=4096, phyaddr=0
05-23 15:28:46.114   313  2005 I SPRDAVCEncoder: H264EncStrmEncode[17964] 0ms, in {0xa88fa000-0x10070000, 240x240, 5}, out {0xa894e000-1868, 1}, wh{0, 0}, xy{0, 0}
05-23 15:28:46.114   279   279 E HWComposer: getLayerReleaseFence: Invalid display
05-23 15:28:46.122  1215  1215 D jx      : WatchDialmanaget onTouchEvent
05-23 15:28:46.122  1215  1215 D jx      : onInterceptTouchEvent mTouchState=0
05-23 15:28:46.136  1215  1215 D jx      : WatchDialmanaget onTouchEvent
05-23 15:28:46.136  1215  1215 D jx      : onInterceptTouchEvent mTouchState=0
05-23 15:28:46.150  1215  1215 D jx      : WatchDialmanaget onTouchEvent
05-23 15:28:46.151  1215  1215 D jx      : onInterceptTouchEvent mTouchState=0
05-23 15:28:46.152   313   650 I gralloc : Registering handle 0xa73bc600 coming from the same process
05-23 15:28:46.152   313   650 I gralloc : gralloc_unregister_buffer hnd=0xa73bc6c0, share_fd=44, share_attr_fd=45, magic=51647890, format=1, internal_format=1, byte_stride=960, flags=4, usage=0x10200, size=230400, width=240, height=240, internalWidth=240, internalHeight=240, stride=240, base=0xa8624000, writeOwner=0, attr_base=0xffffffff, yuv_info=1, fd=-1, buf_idx=0, offset=0, min_pgsz=4096, phyaddr=0
05-23 15:28:46.154   313  2005 I SPRDAVCEncoder: H264EncStrmEncode[17965] 0ms, in {0xa8624000-0x10070000, 240x240, 5}, out {0xa894e000-261, 1}, wh{0, 0}, xy{0, 0}
05-23 15:28:46.154   279   279 E HWComposer: getLayerReleaseFence: Invalid display
05-23 15:28:46.157   272  1543 D PowerHAL: POWER_HINT_INTERACTION: data=0x00, subtype=0, duration=500
05-23 15:28:46.157   272  1543 D PowerHAL: ###Enter interaction_other scene bgn###
05-23 15:28:46.157   272  1543 D PowerHAL: Enter common_set: enable:1, duration: 500, /sys/devices/system/cpu/cpuhotplug/cluster0_core_min_limit: 4
05-23 15:28:46.157   272  1543 D PowerHAL: Enter common_set: enable:1, duration: 500, /sys/devices/system/cpu/cpuhotplug/cluster0_core_max_limit: 4
05-23 15:28:46.157   272  1543 D PowerHAL: Enter common_subsys_set: enable:1, duration: 500, subsys:cpufreq: conf_2:5
05-23 15:28:46.157   272  1543 D PowerHAL: ###Enter interaction_other scene end###
05-23 15:28:46.157   272 11610 D PowerHAL: POWER_HINT_INTERACTION: data=0x10000, subtype=1, duration=500
05-23 15:28:46.157   272 11610 D PowerHAL: ###Enter interaction_touch scene bgn###
05-23 15:28:46.157   272 11610 D PowerHAL: Enter common_subsys_set: enable:1, duration: 500, subsys:cpufreq: conf_2:5
05-23 15:28:46.157   272 11610 D PowerHAL: ###Enter interaction_touch scene end###
05-23 15:28:46.164  1215  1215 D jx      : WatchDialmanaget onTouchEvent
05-23 15:28:46.164  1215  1215 D jx      : onInterceptTouchEvent mTouchState=0
05-23 15:28:46.179  1215  1215 D jx      : WatchDialmanaget onTouchEvent
05-23 15:28:46.179  1215  1215 D jx      : onInterceptTouchEvent mTouchState=0
05-23 15:28:46.196   313   843 I gralloc : Registering handle 0xa73bc6c0 coming from the same process
05-23 15:28:46.197   313   843 I gralloc : gralloc_unregister_buffer hnd=0xa73bc780, share_fd=38, share_attr_fd=39, magic=51647890, format=1, internal_format=1, byte_stride=960, flags=4, usage=0x10200, size=230400, width=240, height=240, internalWidth=240, internalHeight=240, stride=240, base=0xa88fa000, writeOwner=0, attr_base=0xffffffff, yuv_info=1, fd=-1, buf_idx=0, offset=0, min_pgsz=4096, phyaddr=0
05-23 15:28:46.198   313  2005 I SPRDAVCEncoder: H264EncStrmEncode[17966] 0ms, in {0xa88fa000-0x10070000, 240x240, 5}, out {0xa894e000-193, 1}, wh{0, 0}, xy{0, 0}
05-23 15:28:46.199   279   279 E HWComposer: getLayerReleaseFence: Invalid display
05-23 15:28:46.207  1215  1215 D jx      : WatchDialmanaget onTouchEvent
05-23 15:28:46.207  1215  1215 D jx      : onInterceptTouchEvent mTouchState=0
05-23 15:28:46.216   799   900 I sysui_multi_action: [757,1093,758,4,793,1975,1094,605552640,1095,4]
05-23 15:28:46.221  1215  1215 D jx      : WatchDialmanaget onTouchEvent
05-23 15:28:46.221  1215  1215 D jx      : onInterceptTouchEvent mTouchState=0
05-23 15:28:46.236  1215  1215 D jx      : WatchDialmanaget onTouchEvent
05-23 15:28:46.236  1215  1215 D jx      : onInterceptTouchEvent mTouchState=0
05-23 15:28:46.238   313   843 I gralloc : Registering handle 0xa73bc780 coming from the same process
05-23 15:28:46.238   313   843 I gralloc : gralloc_unregister_buffer hnd=0xa73bc840, share_fd=40, share_attr_fd=41, magic=51647890, format=1, internal_format=1, byte_stride=960, flags=4, usage=0x10200, size=230400, width=240, height=240, internalWidth=240, internalHeight=240, stride=240, base=0xa8624000, writeOwner=0, attr_base=0xffffffff, yuv_info=1, fd=-1, buf_idx=0, offset=0, min_pgsz=4096, phyaddr=0
05-23 15:28:46.239   313  2005 I SPRDAVCEncoder: H264EncStrmEncode[17967] 0ms, in {0xa8624000-0x10070000, 240x240, 5}, out {0xa894e000-181, 1}, wh{0, 0}, xy{0, 0}
05-23 15:28:46.241   279   279 E HWComposer: getLayerReleaseFence: Invalid display
05-23 15:28:46.250  1215  1215 D jx      : WatchDialmanaget onTouchEvent
05-23 15:28:46.250  1215  1215 D jx      : onInterceptTouchEvent mTouchState=0
05-23 15:28:46.257   272 11610 D PowerHAL: POWER_HINT_INTERACTION: data=0x00, subtype=0, duration=500
05-23 15:28:46.257   272 11610 D PowerHAL: ###Enter interaction_other scene bgn###
05-23 15:28:46.257   272 11610 D PowerHAL: Enter common_set: enable:1, duration: 500, /sys/devices/system/cpu/cpuhotplug/cluster0_core_min_limit: 4
05-23 15:28:46.257   272 11610 D PowerHAL: Enter common_set: enable:1, duration: 500, /sys/devices/system/cpu/cpuhotplug/cluster0_core_max_limit: 4
05-23 15:28:46.257   272 11610 D PowerHAL: Enter common_subsys_set: enable:1, duration: 500, subsys:cpufreq: conf_2:5
05-23 15:28:46.257   272 11610 D PowerHAL: ###Enter interaction_other scene end###
05-23 15:28:46.257   272 11610 D PowerHAL: POWER_HINT_INTERACTION: data=0x10000, subtype=1, duration=500
05-23 15:28:46.257   272 11610 D PowerHAL: ###Enter interaction_touch scene bgn###
05-23 15:28:46.257   272 11610 D PowerHAL: Enter common_subsys_set: enable:1, duration: 500, subsys:cpufreq: conf_2:5
05-23 15:28:46.257   272 11610 D PowerHAL: ###Enter interaction_touch scene end###
05-23 15:28:46.264  1215  1215 D jx      : WatchDialmanaget onTouchEvent
05-23 15:28:46.264  1215  1215 D jx      : onInterceptTouchEvent mTouchState=0
05-23 15:28:46.282   313   843 I gralloc : Registering handle 0xa73bc840 coming from the same process
05-23 15:28:46.282   313   843 I gralloc : gralloc_unregister_buffer hnd=0xa73bc900, share_fd=42, share_attr_fd=43, magic=51647890, format=1, internal_format=1, byte_stride=960, flags=4, usage=0x10200, size=230400, width=240, height=240, internalWidth=240, internalHeight=240, stride=240, base=0xa88fa000, writeOwner=0, attr_base=0xffffffff, yuv_info=1, fd=-1, buf_idx=0, offset=0, min_pgsz=4096, phyaddr=0
05-23 15:28:46.284   313  2005 I SPRDAVCEncoder: H264EncStrmEncode[17968] 0ms, in {0xa88fa000-0x10070000, 240x240, 5}, out {0xa894e000-1760, 1}, wh{0, 0}, xy{0, 0}
05-23 15:28:46.285   279   279 E HWComposer: getLayerReleaseFence: Invalid display
05-23 15:28:46.293  1215  1215 D jx      : WatchDialmanaget onTouchEvent
05-23 15:28:46.293  1215  1215 D jx      : onInterceptTouchEvent mTouchState=0
05-23 15:28:46.307  1215  1215 D jx      : WatchDialmanaget onTouchEvent
05-23 15:28:46.307  1215  1215 D jx      : onInterceptTouchEvent mTouchState=0
05-23 15:28:46.321  1215  1215 D jx      : WatchDialmanaget onTouchEvent
05-23 15:28:46.321  1215  1215 D jx      : onInterceptTouchEvent mTouchState=0
05-23 15:28:46.324   313   843 I gralloc : Registering handle 0xa73bc900 coming from the same process
05-23 15:28:46.325   313   843 I gralloc : gralloc_unregister_buffer hnd=0xa73bc600, share_fd=36, share_attr_fd=37, magic=51647890, format=1, internal_format=1, byte_stride=960, flags=4, usage=0x10200, size=230400, width=240, height=240, internalWidth=240, internalHeight=240, stride=240, base=0xa8624000, writeOwner=0, attr_base=0xffffffff, yuv_info=1, fd=-1, buf_idx=0, offset=0, min_pgsz=4096, phyaddr=0
05-23 15:28:46.326   313  2005 I SPRDAVCEncoder: H264EncStrmEncode[17969] 0ms, in {0xa8624000-0x10070000, 240x240, 5}, out {0xa894e000-259, 1}, wh{0, 0}, xy{0, 0}
05-23 15:28:46.327   279   279 E HWComposer: getLayerReleaseFence: Invalid display
05-23 15:28:46.335  1215  1215 D jx      : WatchDialmanaget onTouchEvent
05-23 15:28:46.335  1215  1215 D jx      : onInterceptTouchEvent mTouchState=0
05-23 15:28:46.350  1215  1215 D jx      : WatchDialmanaget onTouchEvent
05-23 15:28:46.350  1215  1215 D jx      : onInterceptTouchEvent mTouchState=0
05-23 15:28:46.357   272 11610 D PowerHAL: POWER_HINT_INTERACTION: data=0x00, subtype=0, duration=500
05-23 15:28:46.357   272 11610 D PowerHAL: ###Enter interaction_other scene bgn###
05-23 15:28:46.357   272 11610 D PowerHAL: Enter common_set: enable:1, duration: 500, /sys/devices/system/cpu/cpuhotplug/cluster0_core_min_limit: 4
05-23 15:28:46.357   272 11610 D PowerHAL: Enter common_set: enable:1, duration: 500, /sys/devices/system/cpu/cpuhotplug/cluster0_core_max_limit: 4
05-23 15:28:46.357   272 11610 D PowerHAL: Enter common_subsys_set: enable:1, duration: 500, subsys:cpufreq: conf_2:5
05-23 15:28:46.357   272 11610 D PowerHAL: ###Enter interaction_other scene end###
05-23 15:28:46.357   272 11610 D PowerHAL: POWER_HINT_INTERACTION: data=0x10000, subtype=1, duration=500
05-23 15:28:46.357   272 11610 D PowerHAL: ###Enter interaction_touch scene bgn###
05-23 15:28:46.357   272 11610 D PowerHAL: Enter common_subsys_set: enable:1, duration: 500, subsys:cpufreq: conf_2:5
05-23 15:28:46.358   272 11610 D PowerHAL: ###Enter interaction_touch scene end###
05-23 15:28:46.365  1215  1215 D jx      : WatchDialmanaget onTouchEvent
05-23 15:28:46.365  1215  1215 D jx      : onInterceptTouchEvent mTouchState=0
05-23 15:28:46.368   313   843 I gralloc : Registering handle 0xa73bc600 coming from the same process
05-23 15:28:46.368   313   843 I gralloc : gralloc_unregister_buffer hnd=0xa73bc6c0, share_fd=44, share_attr_fd=45, magic=51647890, format=1, internal_format=1, byte_stride=960, flags=4, usage=0x10200, size=230400, width=240, height=240, internalWidth=240, internalHeight=240, stride=240, base=0xa88fa000, writeOwner=0, attr_base=0xffffffff, yuv_info=1, fd=-1, buf_idx=0, offset=0, min_pgsz=4096, phyaddr=0
05-23 15:28:46.369   313  2005 I SPRDAVCEncoder: H264EncStrmEncode[17970] 0ms, in {0xa88fa000-0x10070000, 240x240, 5}, out {0xa894e000-206, 1}, wh{0, 0}, xy{0, 0}
05-23 15:28:46.370   279   279 E HWComposer: getLayerReleaseFence: Invalid display
05-23 15:28:46.373   598   723 D InputReader: processEventsLocked: type=1 Count=3 code=330 value=0 deviceId=5
05-23 15:28:46.374  1215  1215 D jx      : ==onInterceptTouchEvent mTouchState=0 ,mCurrentPage=0
05-23 15:28:46.374  1215  1215 D jx      : WatchDialmanaget onTouchEvent
05-23 15:28:46.374  1215  1215 D jx      : onInterceptTouchEvent mTouchState=0
05-23 15:28:46.378  1045  1099 I CPVoiceAgent: select: retrun 0
05-23 15:28:46.409   313   843 I gralloc : Registering handle 0xa73bc6c0 coming from the same process
05-23 15:28:46.409   313   843 I gralloc : gralloc_unregister_buffer hnd=0xa73bc780, share_fd=38, share_attr_fd=39, magic=51647890, format=1, internal_format=1, byte_stride=960, flags=4, usage=0x10200, size=230400, width=240, height=240, internalWidth=240, internalHeight=240, stride=240, base=0xa8624000, writeOwner=0, attr_base=0xffffffff, yuv_info=1, fd=-1, buf_idx=0, offset=0, min_pgsz=4096, phyaddr=0
05-23 15:28:46.410   313  2005 I SPRDAVCEncoder: H264EncStrmEncode[17971] 0ms, in {0xa8624000-0x10070000, 240x240, 5}, out {0xa894e000-193, 1}, wh{0, 0}, xy{0, 0}
05-23 15:28:46.411   279   279 E HWComposer: getLayerReleaseFence: Invalid display
05-23 15:28:46.453   313   843 I gralloc : Registering handle 0xa73bc780 coming from the same process
05-23 15:28:46.453   313   843 I gralloc : gralloc_unregister_buffer hnd=0xa73bc840, share_fd=40, share_attr_fd=41, magic=51647890, format=1, internal_format=1, byte_stride=960, flags=4, usage=0x10200, size=230400, width=240, height=240, internalWidth=240, internalHeight=240, stride=240, base=0xa88fa000, writeOwner=0, attr_base=0xffffffff, yuv_info=1, fd=-1, buf_idx=0, offset=0, min_pgsz=4096, phyaddr=0
05-23 15:28:46.454   313  2005 I SPRDAVCEncoder: H264EncStrmEncode[17972] 0ms, in {0xa88fa000-0x10070000, 240x240, 5}, out {0xa894e000-1783, 1}, wh{0, 0}, xy{0, 0}
05-23 15:28:46.455   279   279 E HWComposer: getLayerReleaseFence: Invalid display
05-23 15:28:46.496   313   843 I gralloc : Registering handle 0xa73bc840 coming from the same process
05-23 15:28:46.496   313   843 I gralloc : gralloc_unregister_buffer hnd=0xa73bc900, share_fd=42, share_attr_fd=43, magic=51647890, format=1, internal_format=1, byte_stride=960, flags=4, usage=0x10200, size=230400, width=240, height=240, internalWidth=240, internalHeight=240, stride=240, base=0xa8624000, writeOwner=0, attr_base=0xffffffff, yuv_info=1, fd=-1, buf_idx=0, offset=0, min_pgsz=4096, phyaddr=0
05-23 15:28:46.497   313  2005 I SPRDAVCEncoder: H264EncStrmEncode[17973] 0ms, in {0xa8624000-0x10070000, 240x240, 5}, out {0xa894e000-263, 1}, wh{0, 0}, xy{0, 0}
05-23 15:28:46.498   279   279 E HWComposer: getLayerReleaseFence: Invalid display
05-23 15:28:46.539   313   843 I gralloc : Registering handle 0xa73bc900 coming from the same process
05-23 15:28:46.539   313   843 I gralloc : gralloc_unregister_buffer hnd=0xa73bc600, share_fd=36, share_attr_fd=37, magic=51647890, format=1, internal_format=1, byte_stride=960, flags=4, usage=0x10200, size=230400, width=240, height=240, internalWidth=240, internalHeight=240, stride=240, base=0xa88fa000, writeOwner=0, attr_base=0xffffffff, yuv_info=1, fd=-1, buf_idx=0, offset=0, min_pgsz=4096, phyaddr=0
05-23 15:28:46.541   313  2005 I SPRDAVCEncoder: H264EncStrmEncode[17974] 1ms, in {0xa88fa000-0x10070000, 240x240, 5}, out {0xa894e000-209, 1}, wh{0, 0}, xy{0, 0}
05-23 15:28:46.542   279   279 E HWComposer: getLayerReleaseFence: Invalid display
05-23 15:28:46.580   313   843 I gralloc : Registering handle 0xa73bc600 coming from the same process
05-23 15:28:46.581   313   843 I gralloc : gralloc_unregister_buffer hnd=0xa73bc6c0, share_fd=44, share_attr_fd=45, magic=51647890, format=1, internal_format=1, byte_stride=960, flags=4, usage=0x10200, size=230400, width=240, height=240, internalWidth=240, internalHeight=240, stride=240, base=0xa8624000, writeOwner=0, attr_base=0xffffffff, yuv_info=1, fd=-1, buf_idx=0, offset=0, min_pgsz=4096, phyaddr=0
05-23 15:28:46.582   313  2005 I SPRDAVCEncoder: H264EncStrmEncode[17975] 1ms, in {0xa8624000-0x10070000, 240x240, 5}, out {0xa894e000-192, 1}, wh{0, 0}, xy{0, 0}
05-23 15:28:46.584   279   279 E HWComposer: getLayerReleaseFence: Invalid display
05-23 15:28:46.624   313   843 I gralloc : Registering handle 0xa73bc6c0 coming from the same process
05-23 15:28:46.624   313   843 I gralloc : gralloc_unregister_buffer hnd=0xa73bc780, share_fd=38, share_attr_fd=39, magic=51647890, format=1, internal_format=1, byte_stride=960, flags=4, usage=0x10200, size=230400, width=240, height=240, internalWidth=240, internalHeight=240, stride=240, base=0xa88fa000, writeOwner=0, attr_base=0xffffffff, yuv_info=1, fd=-1, buf_idx=0, offset=0, min_pgsz=4096, phyaddr=0
05-23 15:28:46.626   313  2005 I SPRDAVCEncoder: H264EncStrmEncode[17976] 0ms, in {0xa88fa000-0x10070000, 240x240, 5}, out {0xa894e000-1818, 1}, wh{0, 0}, xy{0, 0}
05-23 15:28:46.626   279   279 E HWComposer: getLayerReleaseFence: Invalid display
05-23 15:28:46.666   313   843 I gralloc : Registering handle 0xa73bc780 coming from the same process
05-23 15:28:46.666   313   843 I gralloc : gralloc_unregister_buffer hnd=0xa73bc840, share_fd=40, share_attr_fd=41, magic=51647890, format=1, internal_format=1, byte_stride=960, flags=4, usage=0x10200, size=230400, width=240, height=240, internalWidth=240, internalHeight=240, stride=240, base=0xa8624000, writeOwner=0, attr_base=0xffffffff, yuv_info=1, fd=-1, buf_idx=0, offset=0, min_pgsz=4096, phyaddr=0
05-23 15:28:46.669   279   279 E HWComposer: getLayerReleaseFence: Invalid display
05-23 15:28:46.671   313  2005 I SPRDAVCEncoder: H264EncStrmEncode[17977] 1ms, in {0xa8624000-0x10070000, 240x240, 5}, out {0xa894e000-249, 1}, wh{0, 0}, xy{0, 0}
05-23 15:28:46.710   313   843 I gralloc : Registering handle 0xa73bc840 coming from the same process
05-23 15:28:46.710   313   843 I gralloc : gralloc_unregister_buffer hnd=0xa73bc900, share_fd=42, share_attr_fd=43, magic=51647890, format=1, internal_format=1, byte_stride=960, flags=4, usage=0x10200, size=230400, width=240, height=240, internalWidth=240, internalHeight=240, stride=240, base=0xa88fa000, writeOwner=0, attr_base=0xffffffff, yuv_info=1, fd=-1, buf_idx=0, offset=0, min_pgsz=4096, phyaddr=0
05-23 15:28:46.712   279   279 E HWComposer: getLayerReleaseFence: Invalid display
05-23 15:28:46.713   313  2005 I SPRDAVCEncoder: H264EncStrmEncode[17978] 1ms, in {0xa88fa000-0x10070000, 240x240, 5}, out {0xa894e000-203, 1}, wh{0, 0}, xy{0, 0}
05-23 15:28:46.752   313   843 I gralloc : Registering handle 0xa73bc900 coming from the same process
05-23 15:28:46.752   313   843 I gralloc : gralloc_unregister_buffer hnd=0xa73bc600, share_fd=36, share_attr_fd=37, magic=51647890, format=1, internal_format=1, byte_stride=960, flags=4, usage=0x10200, size=230400, width=240, height=240, internalWidth=240, internalHeight=240, stride=240, base=0xa8624000, writeOwner=0, attr_base=0xffffffff, yuv_info=1, fd=-1, buf_idx=0, offset=0, min_pgsz=4096, phyaddr=0
05-23 15:28:46.754   279   279 E HWComposer: getLayerReleaseFence: Invalid display
05-23 15:28:46.756   313  2005 I SPRDAVCEncoder: H264EncStrmEncode[17979] 2ms, in {0xa8624000-0x10070000, 240x240, 5}, out {0xa894e000-179, 1}, wh{0, 0}, xy{0, 0}
05-23 15:28:46.795   313   843 I gralloc : Registering handle 0xa73bc600 coming from the same process
05-23 15:28:46.795   313   843 I gralloc : gralloc_unregister_buffer hnd=0xa73bc6c0, share_fd=44, share_attr_fd=45, magic=51647890, format=1, internal_format=1, byte_stride=960, flags=4, usage=0x10200, size=230400, width=240, height=240, internalWidth=240, internalHeight=240, stride=240, base=0xa88fa000, writeOwner=0, attr_base=0xffffffff, yuv_info=1, fd=-1, buf_idx=0, offset=0, min_pgsz=4096, phyaddr=0
05-23 15:28:46.798   279   279 E HWComposer: getLayerReleaseFence: Invalid display
05-23 15:28:46.798   313  2005 I SPRDAVCEncoder: H264EncStrmEncode[17980] 2ms, in {0xa88fa000-0x10070000, 240x240, 5}, out {0xa894e000-2064, 1}, wh{0, 0}, xy{0, 0}
05-23 15:28:46.837   313   843 I gralloc : Registering handle 0xa73bc6c0 coming from the same process
05-23 15:28:46.837   313   843 I gralloc : gralloc_unregister_buffer hnd=0xa73bc780, share_fd=38, share_attr_fd=39, magic=51647890, format=1, internal_format=1, byte_stride=960, flags=4, usage=0x10200, size=230400, width=240, height=240, internalWidth=240, internalHeight=240, stride=240, base=0xa8624000, writeOwner=0, attr_base=0xffffffff, yuv_info=1, fd=-1, buf_idx=0, offset=0, min_pgsz=4096, phyaddr=0
05-23 15:28:46.839   279   279 E HWComposer: getLayerReleaseFence: Invalid display
05-23 15:28:46.839   313  2005 I SPRDAVCEncoder: H264EncStrmEncode[17981] 0ms, in {0xa8624000-0x10070000, 240x240, 5}, out {0xa894e000-263, 1}, wh{0, 0}, xy{0, 0}
05-23 15:28:46.856   272   384 D PowerHAL: ##Timing deboost
05-23 15:28:46.856   272   384 D PowerHAL: Enter common_set: enable:0, duration: 0, /sys/devices/system/cpu/cpuhotplug/cluster0_core_min_limit:
05-23 15:28:46.856   272   384 D PowerHAL: Enter common_clear:
05-23 15:28:46.857   272   384 D PowerHAL: ##Timing deboost
05-23 15:28:46.857   272   384 D PowerHAL: Enter common_set: enable:0, duration: 0, /sys/devices/system/cpu/cpuhotplug/cluster0_core_max_limit:
05-23 15:28:46.857   272   384 D PowerHAL: Enter common_clear:
05-23 15:28:46.857   272   384 D PowerHAL: ##Timing deboost
05-23 15:28:46.857   272   384 D PowerHAL: Enter common_subsys_set: enable:0, duration: 0, subsys:cpufreq:
05-23 15:28:46.857   272   384 D PowerHAL: Enter common_subsys_clear: cpufreq
05-23 15:28:46.880   313   843 I gralloc : Registering handle 0xa73bc780 coming from the same process
05-23 15:28:46.880   313   843 I gralloc : gralloc_unregister_buffer hnd=0xa73bc840, share_fd=40, share_attr_fd=41, magic=51647890, format=1, internal_format=1, byte_stride=960, flags=4, usage=0x10200, size=230400, width=240, height=240, internalWidth=240, internalHeight=240, stride=240, base=0xa88fa000, writeOwner=0, attr_base=0xffffffff, yuv_info=1, fd=-1, buf_idx=0, offset=0, min_pgsz=4096, phyaddr=0
05-23 15:28:46.881   313  2005 I SPRDAVCEncoder: H264EncStrmEncode[17982] 0ms, in {0xa88fa000-0x10070000, 240x240, 5}, out {0xa894e000-188, 1}, wh{0, 0}, xy{0, 0}
