05-23 15:28:44.487   313  2005 I SPRDAVCEncoder: H264EncStrmEncode[17923] 1ms, in {0xa8624000-0x10070000, 240x240, 5}, out {0xa894e000-238, 1}, wh{0, 0}, xy{0, 0}
05-23 15:28:44.487   279   279 E HWComposer: getLayerReleaseFence: Invalid display
05-23 15:28:44.487   279   279 E HWComposer: getLayerReleaseFence: Invalid display
05-23 15:28:44.488   259   434 I gralloc : gralloc=>free hnd=0xb3048000, share_fd=8, share_attr_fd=13, magic=51647890, format=2, internal_format=2, byte_stride=960, flags=4, usage=2355, size=230400, width=240, height=240, internalWidth=240, internalHeight=240, stride=240, base=0xb35f1000, writeOwner=0, attr_base=0xffffffff, yuv_info=1, fd=-1, buf_idx=0, offset=0, min_pgsz=4096, phyaddr=0
05-23 15:28:44.489  1215  1215 I gralloc : gralloc_register_buffer hnd=0x8faf8b40, share_fd=61, share_attr_fd=62, magic=51647890, format=2, internal_format=2, byte_stride=960, flags=4, usage=0x933, size=230400, width=240, height=240, internalWidth=240, internalHeight=240, stride=240, base=0xa2ce7000, writeOwner=0, attr_base=0xffffffff, yuv_info=1, fd=-1, buf_idx=0, offset=0, min_pgsz=4096, phyaddr=0
05-23 15:28:44.497   260   260 I gralloc : gralloc_unregister_buffer hnd=0xb47b6f00, share_fd=52, share_attr_fd=56, magic=51647890, format=1, internal_format=1, byte_stride=64, flags=4, usage=0xb00, size=15360, width=5, height=240, internalWidth=5, internalHeight=240, stride=16, base=0xb5309000, writeOwner=0, attr_base=0xffffffff, yuv_info=1, fd=-1, buf_idx=0, offset=0, min_pgsz=4096, phyaddr=0
05-23 15:28:44.500   313   843 I gralloc : Registering handle 0xa73bc900 coming from the same process
05-23 15:28:44.500   313   843 I gralloc : gralloc_unregister_buffer hnd=0xa73bc600, share_fd=36, share_attr_fd=37, magic=51647890, format=1, internal_format=1, byte_stride=960, flags=4, usage=0x10200, size=230400, width=240, height=240, internalWidth=240, internalHeight=240, stride=240, base=0xa88fa000, writeOwner=0, attr_base=0xffffffff, yuv_info=1, fd=-1, buf_idx=0, offset=0, min_pgsz=4096, phyaddr=0
05-23 15:28:44.501   313  2005 I SPRDAVCEncoder: H264EncStrmEncode[17924] 0ms, in {0xa88fa000-0x10070000, 240x240, 5}, out {0xa894e000-261, 1}, wh{0, 0}, xy{0, 0}
05-23 15:28:44.502   279   279 E HWComposer: getLayerReleaseFence: Invalid display
05-23 15:28:44.510   799  1002 I gralloc : gralloc_unregister_buffer hnd=0x9fdf25c0, share_fd=87, share_attr_fd=88, magic=51647890, format=1, internal_format=1, byte_stride=64, flags=4, usage=0xb00, size=15360, width=5, height=240, internalWidth=5, internalHeight=240, stride=16, base=0xaac8e000, writeOwner=0, attr_base=0xffffffff, yuv_info=1, fd=-1, buf_idx=0, offset=0, min_pgsz=4096, phyaddr=0
05-23 15:28:44.510   279   973 E BufferQueueProducer: [navbackleft#0] disconnect: not connected (req=1)
05-23 15:28:44.513   799  1002 W libEGL  : EGLNativeWindowType 0x8d272808 disconnect failed
05-23 15:28:44.513   279   973 I gralloc : gralloc_unregister_buffer hnd=0xac5bd900, share_fd=33, share_attr_fd=58, magic=51647890, format=1, internal_format=1, byte_stride=960, flags=4, usage=0x900, size=230400, width=240, height=240, internalWidth=240, internalHeight=240, stride=240, base=0xad2b7000, writeOwner=0, attr_base=0xffffffff, yuv_info=1, fd=-1, buf_idx=0, offset=0, min_pgsz=4096, phyaddr=0
05-23 15:28:44.514 11554 11576 I gralloc : gralloc_unregister_buffer hnd=0x8fd83480, share_fd=61, share_attr_fd=62, magic=51647890, format=1, internal_format=1, byte_stride=960, flags=4, usage=0xb00, size=230400, width=240, height=240, internalWidth=240, internalHeight=240, stride=240, base=0xaa84c000, writeOwner=0, attr_base=0xffffffff, yuv_info=1, fd=-1, buf_idx=0, offset=0, min_pgsz=4096, phyaddr=0
05-23 15:28:44.514 11554 11576 I gralloc : gralloc_unregister_buffer hnd=0x8fd836c0, share_fd=63, share_attr_fd=64, magic=51647890, format=1, internal_format=1, byte_stride=960, flags=4, usage=0xb00, size=230400, width=240, height=240, internalWidth=240, internalHeight=240, stride=240, base=0xa2ce7000, writeOwner=0, attr_base=0xffffffff, yuv_info=1, fd=-1, buf_idx=0, offset=0, min_pgsz=4096, phyaddr=0
05-23 15:28:44.515   279   973 E BufferQueueProducer: [com.divo.phone/com.divo.phone.MainActivity#0] disconnect: not connected (req=1)
05-23 15:28:44.516  1323  1323 D PinyinIME: onFinishInput.
05-23 15:28:44.516  1323  1323 D PinyinIME: onStartInput  ccontentType: 0 Restarting:false
05-23 15:28:44.517  1323  1323 I jcyy    : inputType = 0 inputType2 = 0
05-23 15:28:44.518 11554 11576 W libEGL  : EGLNativeWindowType 0xa1006008 disconnect failed
05-23 15:28:44.521   799  1002 D mali_winsys: EGLint new_window_surface(egl_winsys_display *, void *, EGLSurface, EGLConfig, egl_winsys_surface **, egl_color_buffer_format *, EGLBoolean) returns 0x3000, win:0x8d272808
05-23 15:28:44.521   799  1002 I OpenGLRenderer: queryNativeWindowStatus 0x8d272808 query=0 dataspace=0
05-23 15:28:44.524   263   263 D memtrack_sprd: sprd_get_memory, pid:293, type:1, allocated_records:0, num records:2
05-23 15:28:44.524   263   263 D memtrack_sprd: sprd_get_memory, pid:293, type:1, allocated_records:2, num records:2
05-23 15:28:44.524   260   260 I gralloc : gralloc_unregister_buffer hnd=0xb47b69c0, share_fd=43, share_attr_fd=47, magic=51647890, format=1, internal_format=1, byte_stride=960, flags=4, usage=0xb00, size=230400, width=240, height=240, internalWidth=240, internalHeight=240, stride=240, base=0xb523a000, writeOwner=0, attr_base=0xffffffff, yuv_info=1, fd=-1, buf_idx=0, offset=0, min_pgsz=4096, phyaddr=0
05-23 15:28:44.524   260   260 I gralloc : gralloc_unregister_buffer hnd=0xb47b6cc0, share_fd=54, share_attr_fd=55, magic=51647890, format=1, internal_format=1, byte_stride=960, flags=4, usage=0xb00, size=230400, width=240, height=240, internalWidth=240, internalHeight=240, stride=240, base=0xb4997000, writeOwner=0, attr_base=0xffffffff, yuv_info=1, fd=-1, buf_idx=0, offset=0, min_pgsz=4096, phyaddr=0
05-23 15:28:44.525   279   279 I gralloc : gralloc_unregister_buffer hnd=0xac5be5c0, share_fd=111, share_attr_fd=112, magic=51647890, format=1, internal_format=1, byte_stride=960, flags=4, usage=0xb00, size=230400, width=240, height=240, internalWidth=240, internalHeight=240, stride=240, base=0xacb3f000, writeOwner=0, attr_base=0xffffffff, yuv_info=1, fd=-1, buf_idx=0, offset=0, min_pgsz=4096, phyaddr=0
05-23 15:28:44.525   263   263 D memtrack_sprd: sprd_get_memory, pid:293, type:2, allocated_records:0, num records:2
05-23 15:28:44.525   263   263 D memtrack_sprd: sprd_get_memory, pid:293, type:2, allocated_records:2, num records:2
05-23 15:28:44.525   260   260 D vndksupport: Loading /vendor/lib/hw/gralloc.sp9832e.so from current namespace instead of sphal namespace.
05-23 15:28:44.526   260   260 I gralloc : gralloc_register_buffer hnd=0xb47b69c0, share_fd=32, share_attr_fd=33, magic=51647890, format=2, internal_format=2, byte_stride=960, flags=4, usage=0x933, size=230400, width=240, height=240, internalWidth=240, internalHeight=240, stride=240, base=0xb523a000, writeOwner=0, attr_base=0xffffffff, yuv_info=1, fd=-1, buf_idx=0, offset=0, min_pgsz=4096, phyaddr=0
05-23 15:28:44.528   313   650 I gralloc : Registering handle 0xa73bc600 coming from the same process
05-23 15:28:44.528   313   650 I gralloc : gralloc_unregister_buffer hnd=0xa73bc6c0, share_fd=38, share_attr_fd=39, magic=51647890, format=1, internal_format=1, byte_stride=960, flags=4, usage=0x10200, size=230400, width=240, height=240, internalWidth=240, internalHeight=240, stride=240, base=0xa8624000, writeOwner=0, attr_base=0xffffffff, yuv_info=1, fd=-1, buf_idx=0, offset=0, min_pgsz=4096, phyaddr=0
05-23 15:28:44.530   279   279 E HWComposer: getLayerReleaseFence: Invalid display
05-23 15:28:44.531   313  2005 I SPRDAVCEncoder: H264EncStrmEncode[17925] 1ms, in {0xa8624000-0x10070000, 240x240, 5}, out {0xa894e000-20132, 1}, wh{0, 0}, xy{0, 0}
05-23 15:28:44.535   598   635 I am_destroy_activity: [0,65978524,48,com.divo.phone/.MainActivity,finish-imm]
05-23 15:28:44.538   598   635 I ActivityManager: Killing 1895:com.sprd.engineermode/1000 (adj 906): empty for 2733s
05-23 15:28:44.538   598   635 I am_kill : [0,1895,com.sprd.engineermode,906,empty for 2733s]
05-23 15:28:44.539   598   637 W zygote  : kill(-1895, 9) failed: No such process
05-23 15:28:44.540   292   450 V AudioPolicyManagerSPRD new: releaseOutput() 13
05-23 15:28:44.541 11554 11554 I am_on_stop_called: [0,com.divo.phone.MainActivity,destroy]
05-23 15:28:44.548   279   279 I gralloc : gralloc_unregister_buffer hnd=0xac5bdfc0, share_fd=95, share_attr_fd=102, magic=51647890, format=1, internal_format=1, byte_stride=960, flags=4, usage=0xb00, size=230400, width=240, height=240, internalWidth=240, internalHeight=240, stride=240, base=0xad267000, writeOwner=0, attr_base=0xffffffff, yuv_info=1, fd=-1, buf_idx=0, offset=0, min_pgsz=4096, phyaddr=0
05-23 15:28:44.551   313   650 I gralloc : Registering handle 0xa73bc6c0 coming from the same process
05-23 15:28:44.552   313   650 I gralloc : gralloc_unregister_buffer hnd=0xa73bc780, share_fd=40, share_attr_fd=41, magic=51647890, format=1, internal_format=1, byte_stride=960, flags=4, usage=0x10200, size=230400, width=240, height=240, internalWidth=240, internalHeight=240, stride=240, base=0xa88fa000, writeOwner=0, attr_base=0xffffffff, yuv_info=1, fd=-1, buf_idx=0, offset=0, min_pgsz=4096, phyaddr=0
05-23 15:28:44.553   313  2005 I SPRDAVCEncoder: H264EncStrmEncode[17926] 1ms, in {0xa88fa000-0x10070000, 240x240, 5}, out {0xa894e000-490, 1}, wh{0, 0}, xy{0, 0}
05-23 15:28:44.554   598   611 I am_proc_died: [0,1895,com.sprd.engineermode,906,17]
05-23 15:28:44.554   279   279 E HWComposer: getLayerReleaseFence: Invalid display
05-23 15:28:44.580   279   279 E HWComposer: getLayerReleaseFence: Invalid display
05-23 15:28:44.583   598   637 W zygote  : kill(-1895, 9) failed: No such process
05-23 15:28:44.591   263   263 D memtrack_sprd: sprd_get_memory, pid:294, type:1, allocated_records:0, num records:2
05-23 15:28:44.591   263   263 D memtrack_sprd: sprd_get_memory, pid:294, type:1, allocated_records:2, num records:2
05-23 15:28:44.592   263   263 D memtrack_sprd: sprd_get_memory, pid:294, type:2, allocated_records:0, num records:2
05-23 15:28:44.592   263   263 D memtrack_sprd: sprd_get_memory, pid:294, type:2, allocated_records:2, num records:2
05-23 15:28:44.600   263   263 D memtrack_sprd: sprd_get_memory, pid:295, type:1, allocated_records:0, num records:2
05-23 15:28:44.600   263   263 D memtrack_sprd: sprd_get_memory, pid:295, type:1, allocated_records:2, num records:2
05-23 15:28:44.600   263   263 D memtrack_sprd: sprd_get_memory, pid:295, type:2, allocated_records:0, num records:2
05-23 15:28:44.600   263   263 D memtrack_sprd: sprd_get_memory, pid:295, type:2, allocated_records:2, num records:2
05-23 15:28:44.607   279   279 E HWComposer: getLayerReleaseFence: Invalid display
05-23 15:28:44.619   263   263 D memtrack_sprd: sprd_get_memory, pid:296, type:1, allocated_records:0, num records:2
05-23 15:28:44.619   263   263 D memtrack_sprd: sprd_get_memory, pid:296, type:1, allocated_records:2, num records:2
05-23 15:28:44.619   263   263 D memtrack_sprd: sprd_get_memory, pid:296, type:2, allocated_records:0, num records:2
05-23 15:28:44.619   263   263 D memtrack_sprd: sprd_get_memory, pid:296, type:2, allocated_records:2, num records:2
05-23 15:28:44.625   598   637 W zygote  : kill(-1895, 9) failed: No such process
05-23 15:28:44.625   598   637 I zygote  : Successfully killed process cgroup uid 1000 pid 1895 in 86ms
05-23 15:28:44.628   263   263 D memtrack_sprd: sprd_get_memory, pid:297, type:1, allocated_records:0, num records:2
05-23 15:28:44.628   263   263 D memtrack_sprd: sprd_get_memory, pid:297, type:1, allocated_records:2, num records:2
05-23 15:28:44.628   263   263 D memtrack_sprd: sprd_get_memory, pid:297, type:2, allocated_records:0, num records:2
05-23 15:28:44.628   263   263 D memtrack_sprd: sprd_get_memory, pid:297, type:2, allocated_records:2, num records:2
05-23 15:28:44.649   263   263 D memtrack_sprd: sprd_get_memory, pid:298, type:1, allocated_records:0, num records:2
05-23 15:28:44.649   263   263 D memtrack_sprd: sprd_get_memory, pid:298, type:1, allocated_records:2, num records:2
05-23 15:28:44.649   263   263 D memtrack_sprd: sprd_get_memory, pid:298, type:2, allocated_records:0, num records:2
05-23 15:28:44.649   263   263 D memtrack_sprd: sprd_get_memory, pid:298, type:2, allocated_records:2, num records:2
05-23 15:28:44.652   313  2009 I gralloc : Registering handle 0xa73bc780 coming from the same process
05-23 15:28:44.652   313  2009 I gralloc : gralloc_unregister_buffer hnd=0xa73bc840, share_fd=44, share_attr_fd=45, magic=51647890, format=1, internal_format=1, byte_stride=960, flags=4, usage=0x10200, size=230400, width=240, height=240, internalWidth=240, internalHeight=240, stride=240, base=0xa8624000, writeOwner=0, attr_base=0xffffffff, yuv_info=1, fd=-1, buf_idx=0, offset=0, min_pgsz=4096, phyaddr=0
05-23 15:28:44.654   313  2005 I SPRDAVCEncoder: H264EncStrmEncode[17927] 1ms, in {0xa88fa000-0x10070000, 240x240, 5}, out {0xa894e000-219, 1}, wh{0, 0}, xy{0, 0}
05-23 15:28:44.661   263   263 D memtrack_sprd: sprd_get_memory, pid:299, type:1, allocated_records:0, num records:2
05-23 15:28:44.661   263   263 D memtrack_sprd: sprd_get_memory, pid:299, type:1, allocated_records:2, num records:2
05-23 15:28:44.661   263   263 D memtrack_sprd: sprd_get_memory, pid:299, type:2, allocated_records:0, num records:2
05-23 15:28:44.661   263   263 D memtrack_sprd: sprd_get_memory, pid:299, type:2, allocated_records:2, num records:2
05-23 15:28:44.680   263   263 D memtrack_sprd: sprd_get_memory, pid:300, type:1, allocated_records:0, num records:2
05-23 15:28:44.680   263   263 D memtrack_sprd: sprd_get_memory, pid:300, type:1, allocated_records:2, num records:2
05-23 15:28:44.680   263   263 D memtrack_sprd: sprd_get_memory, pid:300, type:2, allocated_records:0, num records:2
05-23 15:28:44.680   263   263 D memtrack_sprd: sprd_get_memory, pid:300, type:2, allocated_records:2, num records:2
05-23 15:28:44.694  1163  1163 D ApplicationLock: Service mShowPwdDelayRunnable runningTopPackage = com.jx.launcher
05-23 15:28:44.694  1163  1163 D ApplicationLock: Utils isAppNeedLock context = com.sprd.applock.AppLockService@b537b43 --packageName: com.jx.launcher size = 6
05-23 15:28:44.694  1163  1163 D ApplicationLock: Utils isAppNeedLock needLockedPackage = null
05-23 15:28:44.694  1163  1163 E ApplicationLock: Utils isAppAlreadyUnlocked map not contains this pkgName: com.jx.launcher
05-23 15:28:44.694  1163  1163 D ApplicationLock: Service isAppNeedLock pkg = com.jx.launcher needLock = false alreadyUnlock = false
05-23 15:28:44.703   323   471 D WCND    : is_cp2_alive_ok: open polling interface: /proc/mdbg/loopcheck, fd = 12
05-23 15:28:44.716   263   263 D memtrack_sprd: sprd_get_memory, pid:301, type:1, allocated_records:0, num records:2
05-23 15:28:44.716   263   263 D memtrack_sprd: sprd_get_memory, pid:301, type:1, allocated_records:2, num records:2
05-23 15:28:44.716   263   263 D memtrack_sprd: sprd_get_memory, pid:301, type:2, allocated_records:0, num records:2
05-23 15:28:44.716   263   263 D memtrack_sprd: sprd_get_memory, pid:301, type:2, allocated_records:2, num records:2
05-23 15:28:44.742   263   263 D memtrack_sprd: sprd_get_memory, pid:306, type:1, allocated_records:0, num records:2
05-23 15:28:44.742   263   263 D memtrack_sprd: sprd_get_memory, pid:306, type:1, allocated_records:2, num records:2
05-23 15:28:44.742   263   263 D memtrack_sprd: sprd_get_memory, pid:306, type:2, allocated_records:0, num records:2
05-23 15:28:44.742   263   263 D memtrack_sprd: sprd_get_memory, pid:306, type:2, allocated_records:2, num records:2
05-23 15:28:44.752   313  2009 I gralloc : Registering handle 0xa73bc840 coming from the same process
05-23 15:28:44.753   313  2009 I gralloc : gralloc_unregister_buffer hnd=0xa73bc900, share_fd=42, share_attr_fd=43, magic=51647890, format=1, internal_format=1, byte_stride=960, flags=4, usage=0x10200, size=230400, width=240, height=240, internalWidth=240, internalHeight=240, stride=240, base=0xa88fa000, writeOwner=0, attr_base=0xffffffff, yuv_info=1, fd=-1, buf_idx=0, offset=0, min_pgsz=4096, phyaddr=0
05-23 15:28:44.754   313  2005 I SPRDAVCEncoder: H264EncStrmEncode[17928] 0ms, in {0xa88fa000-0x10070000, 240x240, 5}, out {0xa894e000-206, 1}, wh{0, 0}, xy{0, 0}
05-23 15:28:44.776   263   263 D memtrack_sprd: sprd_get_memory, pid:307, type:1, allocated_records:0, num records:2
05-23 15:28:44.776   263   263 D memtrack_sprd: sprd_get_memory, pid:307, type:1, allocated_records:2, num records:2
05-23 15:28:44.776   263   263 D memtrack_sprd: sprd_get_memory, pid:307, type:2, allocated_records:0, num records:2
05-23 15:28:44.776   263   263 D memtrack_sprd: sprd_get_memory, pid:307, type:2, allocated_records:2, num records:2
05-23 15:28:44.786   263   263 D memtrack_sprd: sprd_get_memory, pid:308, type:1, allocated_records:0, num records:2
05-23 15:28:44.786   263   263 D memtrack_sprd: sprd_get_memory, pid:308, type:1, allocated_records:2, num records:2
05-23 15:28:44.786   263   263 D memtrack_sprd: sprd_get_memory, pid:308, type:2, allocated_records:0, num records:2
05-23 15:28:44.786   263   263 D memtrack_sprd: sprd_get_memory, pid:308, type:2, allocated_records:2, num records:2
05-23 15:28:44.794   263   263 D memtrack_sprd: sprd_get_memory, pid:310, type:1, allocated_records:0, num records:2
05-23 15:28:44.794   263   263 D memtrack_sprd: sprd_get_memory, pid:310, type:1, allocated_records:2, num records:2
05-23 15:28:44.794   263   263 D memtrack_sprd: sprd_get_memory, pid:310, type:2, allocated_records:0, num records:2
05-23 15:28:44.794   263   263 D memtrack_sprd: sprd_get_memory, pid:310, type:2, allocated_records:2, num records:2
05-23 15:28:44.803   323   471 D WCND    : is_cp2_alive_ok: loop: /proc/mdbg/loopcheck is OK
05-23 15:28:44.807   263   263 D memtrack_sprd: sprd_get_memory, pid:311, type:1, allocated_records:0, num records:2
05-23 15:28:44.807   263   263 D memtrack_sprd: sprd_get_memory, pid:311, type:1, allocated_records:2, num records:2
05-23 15:28:44.807   263   263 D memtrack_sprd: sprd_get_memory, pid:311, type:2, allocated_records:0, num records:2
05-23 15:28:44.807   263   263 D memtrack_sprd: sprd_get_memory, pid:311, type:2, allocated_records:2, num records:2
05-23 15:28:44.820   263   263 D memtrack_sprd: sprd_get_memory, pid:312, type:1, allocated_records:0, num records:2
05-23 15:28:44.820   263   263 D memtrack_sprd: sprd_get_memory, pid:312, type:1, allocated_records:2, num records:2
05-23 15:28:44.820   263   263 D memtrack_sprd: sprd_get_memory, pid:312, type:2, allocated_records:0, num records:2
05-23 15:28:44.820   263   263 D memtrack_sprd: sprd_get_memory, pid:312, type:2, allocated_records:2, num records:2
05-23 15:28:44.836   272   272 D PowerHAL: POWER_HINT_INTERACTION: data=0x00, subtype=0, duration=500
05-23 15:28:44.836   272   272 D PowerHAL: ###Enter interaction_other scene bgn###
05-23 15:28:44.836   272   272 D PowerHAL: Enter common_set: enable:1, duration: 500, /sys/devices/system/cpu/cpuhotplug/cluster0_core_min_limit: 4
05-23 15:28:44.836   272   272 D PowerHAL: Enter common_set: enable:1, duration: 500, /sys/devices/system/cpu/cpuhotplug/cluster0_core_max_limit: 4
05-23 15:28:44.836   272   272 D PowerHAL: Enter common_subsys_set: enable:1, duration: 500, subsys:cpufreq: conf_2:5
05-23 15:28:44.836   272   272 D PowerHAL: ###Enter interaction_other scene end###
05-23 15:28:44.836   272   272 D PowerHAL: POWER_HINT_INTERACTION: data=0x10000, subtype=1, duration=500
05-23 15:28:44.836   272   272 D PowerHAL: ###Enter interaction_touch scene bgn###
05-23 15:28:44.836   272   272 D PowerHAL: Enter common_subsys_set: enable:1, duration: 500, subsys:cpufreq: conf_2:5
05-23 15:28:44.836   272   272 D PowerHAL: ###Enter interaction_touch scene end###
05-23 15:28:44.837  1215  1215 D jx      : onInterceptTouchEvent mTouchState=0
05-23 15:28:44.853   313  2009 I gralloc : Registering handle 0xa73bc900 coming from the same process
05-23 15:28:44.853   313  2009 I gralloc : gralloc_unregister_buffer hnd=0xa73bc600, share_fd=36, share_attr_fd=37, magic=51647890, format=1, internal_format=1, byte_stride=960, flags=4, usage=0x10200, size=230400, width=240, height=240, internalWidth=240, internalHeight=240, stride=240, base=0xa8624000, writeOwner=0, attr_base=0xffffffff, yuv_info=1, fd=-1, buf_idx=0, offset=0, min_pgsz=4096, phyaddr=0
05-23 15:28:44.855   313  2005 I SPRDAVCEncoder: H264EncStrmEncode[17929] 0ms, in {0xa88fa000-0x10070000, 240x240, 5}, out {0xa894e000-202, 1}, wh{0, 0}, xy{0, 0}
05-23 15:28:44.859   263   263 D memtrack_sprd: sprd_get_memory, pid:313, type:1, allocated_records:0, num records:2
05-23 15:28:44.859   263   263 D memtrack_sprd: sprd_get_memory, pid:313, type:1, allocated_records:2, num records:2
05-23 15:28:44.859   263   263 D memtrack_sprd: sprd_get_memory, pid:313, type:2, allocated_records:0, num records:2
05-23 15:28:44.859   263   263 D memtrack_sprd: sprd_get_memory, pid:313, type:2, allocated_records:2, num records:2
05-23 15:28:44.867   263   263 D memtrack_sprd: sprd_get_memory, pid:314, type:1, allocated_records:0, num records:2
05-23 15:28:44.867   263   263 D memtrack_sprd: sprd_get_memory, pid:314, type:1, allocated_records:2, num records:2
05-23 15:28:44.867   263   263 D memtrack_sprd: sprd_get_memory, pid:314, type:2, allocated_records:0, num records:2
05-23 15:28:44.867   263   263 D memtrack_sprd: sprd_get_memory, pid:314, type:2, allocated_records:2, num records:2
05-23 15:28:44.868  1215  1215 D jx      : onInterceptTouchEvent mTouchState=0
05-23 15:28:44.876  1045  1099 I CPVoiceAgent: select: retrun 0
05-23 15:28:44.880   263   263 D memtrack_sprd: sprd_get_memory, pid:315, type:1, allocated_records:0, num records:2
05-23 15:28:44.880   263   263 D memtrack_sprd: sprd_get_memory, pid:315, type:1, allocated_records:2, num records:2
05-23 15:28:44.880   263   263 D memtrack_sprd: sprd_get_memory, pid:315, type:2, allocated_records:0, num records:2
05-23 15:28:44.880   263   263 D memtrack_sprd: sprd_get_memory, pid:315, type:2, allocated_records:2, num records:2
05-23 15:28:44.882  1215  1215 D jx      : onInterceptTouchEvent mTouchState=0
05-23 15:28:44.892   263   263 D memtrack_sprd: sprd_get_memory, pid:316, type:1, allocated_records:0, num records:2
05-23 15:28:44.892   263   263 D memtrack_sprd: sprd_get_memory, pid:316, type:1, allocated_records:2, num records:2
05-23 15:28:44.892   263   263 D memtrack_sprd: sprd_get_memory, pid:316, type:2, allocated_records:0, num records:2
05-23 15:28:44.892   263   263 D memtrack_sprd: sprd_get_memory, pid:316, type:2, allocated_records:2, num records:2
05-23 15:28:44.896  1215  1215 D jx      : determineScrollingStart touchSlop:12
05-23 15:28:44.896  1215  1215 D jx      : onInterceptTouchEvent mTouchState=0
05-23 15:28:44.910   263   263 D memtrack_sprd: sprd_get_memory, pid:317, type:1, allocated_records:0, num records:2
05-23 15:28:44.910   263   263 D memtrack_sprd: sprd_get_memory, pid:317, type:1, allocated_records:2, num records:2
05-23 15:28:44.910   263   263 D memtrack_sprd: sprd_get_memory, pid:317, type:2, allocated_records:0, num records:2
05-23 15:28:44.911  1215  1215 D jx      : determineScrollingStart touchSlop:12
05-23 15:28:44.911   263   263 D memtrack_sprd: sprd_get_memory, pid:317, type:2, allocated_records:2, num records:2
05-23 15:28:44.916  1215  1215 I Launcher: getSignalValue =-1
05-23 15:28:44.934  1215  1215 D jx      : onInterceptTouchEvent mTouchState=1
05-23 15:28:44.935   259   434 I gralloc : mali_gralloc_select_format, AFBC is disabled now
05-23 15:28:44.935   259   434 I gralloc : mali_gralloc_select_format: req_format=0x00000002 req_fmt_mapped=0x0 internal_format=0x2 usage=0x933
05-23 15:28:44.935   259   434 I gralloc : gralloc=>alloc, share_fd=8, share_attr_fd=13, magic=51647890, format=2, internal_format=2, byte_stride=960, flags=4, usage=0x2355, size=230400, width=240, height=240, internalWidth=240, internalHeight=240, stride=240, ADP_VSTRIDE=0,base=0xb35f1000, writeOwner=0, attr_base=0xffffffff, yuv_info=1, fd=-1, buf_idx=0, offset=0, min_pgsz=4096, phyaddr=0
05-23 15:28:44.935   259   434 I gralloc : gralloc=>free hnd=0xb3048000, share_fd=8, share_attr_fd=13, magic=51647890, format=2, internal_format=2, byte_stride=960, flags=4, usage=2355, size=230400, width=240, height=240, internalWidth=240, internalHeight=240, stride=240, base=0xb35f1000, writeOwner=0, attr_base=0xffffffff, yuv_info=1, fd=-1, buf_idx=0, offset=0, min_pgsz=4096, phyaddr=0
05-23 15:28:44.936   279   973 I gralloc : gralloc_register_buffer hnd=0xac5bd900, share_fd=80, share_attr_fd=82, magic=51647890, format=2, internal_format=2, byte_stride=960, flags=4, usage=0x933, size=230400, width=240, height=240, internalWidth=240, internalHeight=240, stride=240, base=0xad468000, writeOwner=0, attr_base=0xffffffff, yuv_info=1, fd=-1, buf_idx=0, offset=0, min_pgsz=4096, phyaddr=0
05-23 15:28:44.937   272 11610 D PowerHAL: POWER_HINT_INTERACTION: data=0x00, subtype=0, duration=500
05-23 15:28:44.937   272 11610 D PowerHAL: ###Enter interaction_other scene bgn###
05-23 15:28:44.937   272 11610 D PowerHAL: Enter common_set: enable:1, duration: 500, /sys/devices/system/cpu/cpuhotplug/cluster0_core_min_limit: 4
05-23 15:28:44.937   272 11610 D PowerHAL: Enter common_set: enable:1, duration: 500, /sys/devices/system/cpu/cpuhotplug/cluster0_core_max_limit: 4
05-23 15:28:44.937   272 11610 D PowerHAL: Enter common_subsys_set: enable:1, duration: 500, subsys:cpufreq: conf_2:5
05-23 15:28:44.937   272 11610 D PowerHAL: ###Enter interaction_other scene end###
05-23 15:28:44.937   272 11610 D PowerHAL: POWER_HINT_INTERACTION: data=0x10000, subtype=1, duration=500
05-23 15:28:44.937   272 11610 D PowerHAL: ###Enter interaction_touch scene bgn###
05-23 15:28:44.937   272 11610 D PowerHAL: Enter common_subsys_set: enable:1, duration: 500, subsys:cpufreq: conf_2:5
05-23 15:28:44.937   272 11610 D PowerHAL: ###Enter interaction_touch scene end###
05-23 15:28:44.938  1215  1215 I gralloc : gralloc_register_buffer hnd=0x8faf8c00, share_fd=68, share_attr_fd=69, magic=51647890, format=2, internal_format=2, byte_stride=960, flags=4, usage=0x933, size=230400, width=240, height=240, internalWidth=240, internalHeight=240, stride=240, base=0x8ee9a000, writeOwner=0, attr_base=0xffffffff, yuv_info=1, fd=-1, buf_idx=0, offset=0, min_pgsz=4096, phyaddr=0
05-23 15:28:44.943  1215  1215 D jx      : onTouchEvent ACTION_MOVE deltaX:-18.69461
05-23 15:28:44.944   259   434 I gralloc : mali_gralloc_select_format, AFBC is disabled now
05-23 15:28:44.944   259   434 I gralloc : mali_gralloc_select_format: req_format=0x00000002 req_fmt_mapped=0x0 internal_format=0x2 usage=0x933
05-23 15:28:44.944   259   434 I gralloc : gralloc=>alloc, share_fd=8, share_attr_fd=13, magic=51647890, format=2, internal_format=2, byte_stride=960, flags=4, usage=0x2355, size=230400, width=240, height=240, internalWidth=240, internalHeight=240, stride=240, ADP_VSTRIDE=0,base=0xb35f1000, writeOwner=0, attr_base=0xffffffff, yuv_info=1, fd=-1, buf_idx=0, offset=0, min_pgsz=4096, phyaddr=0
05-23 15:28:44.945   279   386 I gralloc : gralloc_register_buffer hnd=0xac5bdfc0, share_fd=92, share_attr_fd=93, magic=51647890, format=2, internal_format=2, byte_stride=960, flags=4, usage=0x933, size=230400, width=240, height=240, internalWidth=240, internalHeight=240, stride=240, base=0xad2b7000, writeOwner=0, attr_base=0xffffffff, yuv_info=1, fd=-1, buf_idx=0, offset=0, min_pgsz=4096, phyaddr=0
05-23 15:28:44.946   259   434 I gralloc : gralloc=>free hnd=0xb3048000, share_fd=8, share_attr_fd=13, magic=51647890, format=2, internal_format=2, byte_stride=960, flags=4, usage=2355, size=230400, width=240, height=240, internalWidth=240, internalHeight=240, stride=240, base=0xb35f1000, writeOwner=0, attr_base=0xffffffff, yuv_info=1, fd=-1, buf_idx=0, offset=0, min_pgsz=4096, phyaddr=0
05-23 15:28:44.947  1215  1215 I gralloc : gralloc_register_buffer hnd=0x8faf8cc0, share_fd=70, share_attr_fd=71, magic=51647890, format=2, internal_format=2, byte_stride=960, flags=4, usage=0x933, size=230400, width=240, height=240, internalWidth=240, internalHeight=240, stride=240, base=0x8e9c7000, writeOwner=0, attr_base=0xffffffff, yuv_info=1, fd=-1, buf_idx=0, offset=0, min_pgsz=4096, phyaddr=0
05-23 15:28:44.950  1215  1215 D WatchDialManager: onScrollProgressChanged:0.075
05-23 15:28:44.953  1215  1215 D jx      : onTouchEvent ACTION_MOVE deltaX:-8.557343
05-23 15:28:44.954   260   260 D vndksupport: Loading /vendor/lib/hw/gralloc.sp9832e.so from current namespace instead of sphal namespace.
05-23 15:28:44.954   260   260 I gralloc : gralloc_register_buffer hnd=0xb47b6a80, share_fd=35, share_attr_fd=47, magic=51647890, format=2, internal_format=2, byte_stride=960, flags=4, usage=0x933, size=230400, width=240, height=240, internalWidth=240, internalHeight=240, stride=240, base=0xb4997000, writeOwner=0, attr_base=0xffffffff, yuv_info=1, fd=-1, buf_idx=0, offset=0, min_pgsz=4096, phyaddr=0
05-23 15:28:44.955   313  2009 I gralloc : Registering handle 0xa73bc600 coming from the same process
05-23 15:28:44.955   313  2009 I gralloc : gralloc_unregister_buffer hnd=0xa73bc6c0, share_fd=38, share_attr_fd=39, magic=51647890, format=1, internal_format=1, byte_stride=960, flags=4, usage=0x10200, size=230400, width=240, height=240, internalWidth=240, internalHeight=240, stride=240, base=0xa88fa000, writeOwner=0, attr_base=0xffffffff, yuv_info=1, fd=-1, buf_idx=0, offset=0, min_pgsz=4096, phyaddr=0
05-23 15:28:44.956   313  2005 I SPRDAVCEncoder: H264EncStrmEncode[17930] 0ms, in {0xa88fa000-0x10070000, 240x240, 5}, out {0xa894e000-201, 1}, wh{0, 0}, xy{0, 0}
05-23 15:28:44.957   313   650 I gralloc : Registering handle 0xa73bc6c0 coming from the same process
05-23 15:28:44.957   313   650 I gralloc : gralloc_unregister_buffer hnd=0xa73bc780, share_fd=34, share_attr_fd=35, magic=51647890, format=1, internal_format=1, byte_stride=960, flags=4, usage=0x10200, size=230400, width=240, height=240, internalWidth=240, internalHeight=240, stride=240, base=0xa88fa000, writeOwner=0, attr_base=0xffffffff, yuv_info=1, fd=-1, buf_idx=0, offset=0, min_pgsz=4096, phyaddr=0
05-23 15:28:44.958   279   279 E HWComposer: getLayerReleaseFence: Invalid display
05-23 15:28:44.959   313  2005 I SPRDAVCEncoder: H264EncStrmEncode[17931] 0ms, in {0xa8624000-0x10070000, 240x240, 5}, out {0xa894e000-362, 1}, wh{0, 0}, xy{0, 0}
05-23 15:28:44.968   260   260 D vndksupport: Loading /vendor/lib/hw/gralloc.sp9832e.so from current namespace instead of sphal namespace.
05-23 15:28:44.969   260   260 I gralloc : gralloc_register_buffer hnd=0xb47b6cc0, share_fd=41, share_attr_fd=43, magic=51647890, format=2, internal_format=2, byte_stride=960, flags=4, usage=0x933, size=230400, width=240, height=240, internalWidth=240, internalHeight=240, stride=240, base=0xb42a6000, writeOwner=0, attr_base=0xffffffff, yuv_info=1, fd=-1, buf_idx=0, offset=0, min_pgsz=4096, phyaddr=0
05-23 15:28:44.971   313   650 I gralloc : Registering handle 0xa73bc780 coming from the same process
05-23 15:28:44.971   313   650 I gralloc : gralloc_unregister_buffer hnd=0xa73bc840, share_fd=40, share_attr_fd=41, magic=51647890, format=1, internal_format=1, byte_stride=960, flags=4, usage=0x10200, size=230400, width=240, height=240, internalWidth=240, internalHeight=240, stride=240, base=0xa88fa000, writeOwner=0, attr_base=0xffffffff, yuv_info=1, fd=-1, buf_idx=0, offset=0, min_pgsz=4096, phyaddr=0
05-23 15:28:44.973   313  2005 I SPRDAVCEncoder: H264EncStrmEncode[17932] 1ms, in {0xa88fa000-0x10070000, 240x240, 5}, out {0xa894e000-2131, 1}, wh{0, 0}, xy{0, 0}
05-23 15:28:44.973   263   263 D memtrack_sprd: sprd_get_memory, pid:318, type:1, allocated_records:0, num records:2
05-23 15:28:44.973   263   263 D memtrack_sprd: sprd_get_memory, pid:318, type:1, allocated_records:2, num records:2
05-23 15:28:44.974   279   279 E HWComposer: getLayerReleaseFence: Invalid display
05-23 15:28:44.974   263   263 D memtrack_sprd: sprd_get_memory, pid:318, type:2, allocated_records:0, num records:2
05-23 15:28:44.974   263   263 D memtrack_sprd: sprd_get_memory, pid:318, type:2, allocated_records:2, num records:2
05-23 15:28:44.990   263   263 D memtrack_sprd: sprd_get_memory, pid:319, type:1, allocated_records:0, num records:2
05-23 15:28:44.990   263   263 D memtrack_sprd: sprd_get_memory, pid:319, type:1, allocated_records:2, num records:2
05-23 15:28:44.990   263   263 D memtrack_sprd: sprd_get_memory, pid:319, type:2, allocated_records:0, num records:2
05-23 15:28:44.990   263   263 D memtrack_sprd: sprd_get_memory, pid:319, type:2, allocated_records:2, num records:2
05-23 15:28:44.991  1215  1215 D WatchDialManager: onScrollProgressChanged:0.108333334
05-23 15:28:44.994  1215  1215 D jx      : onTouchEvent ACTION_MOVE deltaX:-15.187317
05-23 15:28:44.998   313   650 I gralloc : Registering handle 0xa73bc840 coming from the same process
05-23 15:28:44.998   313   650 I gralloc : gralloc_unregister_buffer hnd=0xa73bc900, share_fd=42, share_attr_fd=43, magic=51647890, format=1, internal_format=1, byte_stride=960, flags=4, usage=0x10200, size=230400, width=240, height=240, internalWidth=240, internalHeight=240, stride=240, base=0xa88fa000, writeOwner=0, attr_base=0xffffffff, yuv_info=1, fd=-1, buf_idx=0, offset=0, min_pgsz=4096, phyaddr=0
05-23 15:28:45.000   313  2005 I SPRDAVCEncoder: H264EncStrmEncode[17933] 0ms, in {0xa8624000-0x10070000, 240x240, 5}, out {0xa894e000-1543, 1}, wh{0, 0}, xy{0, 0}
05-23 15:28:45.001   279   279 E HWComposer: getLayerReleaseFence: Invalid display
05-23 15:28:45.004   263   263 D memtrack_sprd: sprd_get_memory, pid:320, type:1, allocated_records:0, num records:2
05-23 15:28:45.004   263   263 D memtrack_sprd: sprd_get_memory, pid:320, type:1, allocated_records:2, num records:2
05-23 15:28:45.004   263   263 D memtrack_sprd: sprd_get_memory, pid:320, type:2, allocated_records:0, num records:2
05-23 15:28:45.004   263   263 D memtrack_sprd: sprd_get_memory, pid:320, type:2, allocated_records:2, num records:2
05-23 15:28:45.017   263   263 D memtrack_sprd: sprd_get_memory, pid:321, type:1, allocated_records:0, num records:2
05-23 15:28:45.017   263   263 D memtrack_sprd: sprd_get_memory, pid:321, type:1, allocated_records:2, num records:2
05-23 15:28:45.020  1215  1215 D WatchDialManager: onScrollProgressChanged:0.17083333
05-23 15:28:45.021   263   263 D memtrack_sprd: sprd_get_memory, pid:321, type:2, allocated_records:0, num records:2
05-23 15:28:45.021   263   263 D memtrack_sprd: sprd_get_memory, pid:321, type:2, allocated_records:2, num records:2
05-23 15:28:45.023  1215  1215 D jx      : onTouchEvent ACTION_MOVE deltaX:-30.326202
05-23 15:28:45.027   313   650 I gralloc : Registering handle 0xa73bc900 coming from the same process
05-23 15:28:45.027   313   650 I gralloc : gralloc_unregister_buffer hnd=0xa73bc600, share_fd=36, share_attr_fd=37, magic=51647890, format=1, internal_format=1, byte_stride=960, flags=4, usage=0x10200, size=230400, width=240, height=240, internalWidth=240, internalHeight=240, stride=240, base=0xa88fa000, writeOwner=0, attr_base=0xffffffff, yuv_info=1, fd=-1, buf_idx=0, offset=0, min_pgsz=4096, phyaddr=0
05-23 15:28:45.028   313  2005 I SPRDAVCEncoder: H264EncStrmEncode[17934] 0ms, in {0xa88fa000-0x10070000, 240x240, 5}, out {0xa894e000-5259, 1}, wh{0, 0}, xy{0, 0}
05-23 15:28:45.029   279   279 E HWComposer: getLayerReleaseFence: Invalid display
05-23 15:28:45.035   263   263 D memtrack_sprd: sprd_get_memory, pid:322, type:1, allocated_records:0, num records:2
05-23 15:28:45.035   263   263 D memtrack_sprd: sprd_get_memory, pid:322, type:1, allocated_records:2, num records:2
05-23 15:28:45.035   263   263 D memtrack_sprd: sprd_get_memory, pid:322, type:2, allocated_records:0, num records:2
05-23 15:28:45.035   263   263 D memtrack_sprd: sprd_get_memory, pid:322, type:2, allocated_records:2, num records:2
05-23 15:28:45.037   272   272 D PowerHAL: POWER_HINT_INTERACTION: data=0x00, subtype=0, duration=500
05-23 15:28:45.037   272   272 D PowerHAL: ###Enter interaction_other scene bgn###
05-23 15:28:45.037   272   272 D PowerHAL: Enter common_set: enable:1, duration: 500, /sys/devices/system/cpu/cpuhotplug/cluster0_core_min_limit: 4
05-23 15:28:45.037   272   272 D PowerHAL: Enter common_set: enable:1, duration: 500, /sys/devices/system/cpu/cpuhotplug/cluster0_core_max_limit: 4
05-23 15:28:45.037   272   272 D PowerHAL: Enter common_subsys_set: enable:1, duration: 500, subsys:cpufreq: conf_2:5
05-23 15:28:45.037   272   272 D PowerHAL: ###Enter interaction_other scene end###
05-23 15:28:45.038   272   272 D PowerHAL: POWER_HINT_INTERACTION: data=0x10000, subtype=1, duration=500
05-23 15:28:45.038   272   272 D PowerHAL: ###Enter interaction_touch scene bgn###
05-23 15:28:45.038   272   272 D PowerHAL: Enter common_subsys_set: enable:1, duration: 500, subsys:cpufreq: conf_2:5
05-23 15:28:45.038   272   272 D PowerHAL: ###Enter interaction_touch scene end###
05-23 15:28:45.050  1215  1215 D WatchDialManager: onScrollProgressChanged:0.29583332
05-23 15:28:45.059  1215  1215 D jx      : onTouchEvent ACTION_MOVE deltaX:-48.37262
05-23 15:28:45.070   598   723 D InputReader: processEventsLocked: type=1 Count=3 code=330 value=0 deviceId=5
05-23 15:28:45.071   313   650 I gralloc : Registering handle 0xa73bc600 coming from the same process
05-23 15:28:45.071   313   650 I gralloc : gralloc_unregister_buffer hnd=0xa73bc6c0, share_fd=44, share_attr_fd=45, magic=51647890, format=1, internal_format=1, byte_stride=960, flags=4, usage=0x10200, size=230400, width=240, height=240, internalWidth=240, internalHeight=240, stride=240, base=0xa8624000, writeOwner=0, attr_base=0xffffffff, yuv_info=1, fd=-1, buf_idx=0, offset=0, min_pgsz=4096, phyaddr=0
05-23 15:28:45.072   263   263 D memtrack_sprd: sprd_get_memory, pid:323, type:1, allocated_records:0, num records:2
05-23 15:28:45.072   263   263 D memtrack_sprd: sprd_get_memory, pid:323, type:1, allocated_records:2, num records:2
05-23 15:28:45.073   263   263 D memtrack_sprd: sprd_get_memory, pid:323, type:2, allocated_records:0, num records:2
05-23 15:28:45.073   263   263 D memtrack_sprd: sprd_get_memory, pid:323, type:2, allocated_records:2, num records:2
05-23 15:28:45.074   279   279 E HWComposer: getLayerReleaseFence: Invalid display
05-23 15:28:45.076   313  2005 I SPRDAVCEncoder: H264EncStrmEncode[17935] 4ms, in {0xa8624000-0x10070000, 240x240, 5}, out {0xa894e000-3810, 1}, wh{0, 0}, xy{0, 0}
05-23 15:28:45.079  1215  1215 D WatchDialManager: onScrollProgressChanged:0.49583334
05-23 15:28:45.081  1215  1215 D jx      : onTouchEvent ACTION_MOVE deltaX:-19.322754
05-23 15:28:45.081  1215  1215 D jx      : onTouchEvent velocityX:1081
05-23 15:28:45.081  1215  1215 D jx      : onTouchEvent mFlingThresholdVelocity:375
05-23 15:28:45.081  1215  1215 D jx      : onTouchEvent mTotalMotionX:154.82599
05-23 15:28:45.086   313   650 I gralloc : Registering handle 0xa73bc6c0 coming from the same process
05-23 15:28:45.086   313   650 I gralloc : gralloc_unregister_buffer hnd=0xa73bc780, share_fd=38, share_attr_fd=39, magic=51647890, format=1, internal_format=1, byte_stride=960, flags=4, usage=0x10200, size=230400, width=240, height=240, internalWidth=240, internalHeight=240, stride=240, base=0xa88fa000, writeOwner=0, attr_base=0xffffffff, yuv_info=1, fd=-1, buf_idx=0, offset=0, min_pgsz=4096, phyaddr=0
05-23 15:28:45.087   313  2005 I SPRDAVCEncoder: H264EncStrmEncode[17936] 0ms, in {0xa88fa000-0x10070000, 240x240, 5}, out {0xa894e000-11639, 1}, wh{0, 0}, xy{0, 0}
05-23 15:28:45.088   279   279 E HWComposer: getLayerReleaseFence: Invalid display
05-23 15:28:45.090   263   263 D memtrack_sprd: sprd_get_memory, pid:324, type:1, allocated_records:0, num records:2
05-23 15:28:45.090   263   263 D memtrack_sprd: sprd_get_memory, pid:324, type:1, allocated_records:2, num records:2
05-23 15:28:45.090   263   263 D memtrack_sprd: sprd_get_memory, pid:324, type:2, allocated_records:0, num records:2
05-23 15:28:45.090   263   263 D memtrack_sprd: sprd_get_memory, pid:324, type:2, allocated_records:2, num records:2
05-23 15:28:45.099   263   263 D memtrack_sprd: sprd_get_memory, pid:333, type:1, allocated_records:0, num records:2
05-23 15:28:45.099   263   263 D memtrack_sprd: sprd_get_memory, pid:333, type:1, allocated_records:2, num records:2
05-23 15:28:45.099   263   263 D memtrack_sprd: sprd_get_memory, pid:333, type:2, allocated_records:0, num records:2
05-23 15:28:45.099   263   263 D memtrack_sprd: sprd_get_memory, pid:333, type:2, allocated_records:2, num records:2
05-23 15:28:45.107  1215  1215 D WatchDialManager: onScrollProgressChanged:0.575
05-23 15:28:45.107   263   263 D memtrack_sprd: sprd_get_memory, pid:348, type:1, allocated_records:0, num records:2
05-23 15:28:45.107   263   263 D memtrack_sprd: sprd_get_memory, pid:348, type:1, allocated_records:2, num records:2
05-23 15:28:45.107   263   263 D memtrack_sprd: sprd_get_memory, pid:348, type:2, allocated_records:0, num records:2
05-23 15:28:45.107   263   263 D memtrack_sprd: sprd_get_memory, pid:348, type:2, allocated_records:2, num records:2
05-23 15:28:45.115   263   263 D memtrack_sprd: sprd_get_memory, pid:349, type:1, allocated_records:0, num records:2
05-23 15:28:45.116   263   263 D memtrack_sprd: sprd_get_memory, pid:349, type:1, allocated_records:2, num records:2
05-23 15:28:45.116   263   263 D memtrack_sprd: sprd_get_memory, pid:349, type:2, allocated_records:0, num records:2
05-23 15:28:45.116   263   263 D memtrack_sprd: sprd_get_memory, pid:349, type:2, allocated_records:2, num records:2
05-23 15:28:45.127   313   650 I gralloc : Registering handle 0xa73bc780 coming from the same process
05-23 15:28:45.127   313   650 I gralloc : gralloc_unregister_buffer hnd=0xa73bc840, share_fd=40, share_attr_fd=41, magic=51647890, format=1, internal_format=1, byte_stride=960, flags=4, usage=0x10200, size=230400, width=240, height=240, internalWidth=240, internalHeight=240, stride=240, base=0xa8624000, writeOwner=0, attr_base=0xffffffff, yuv_info=1, fd=-1, buf_idx=0, offset=0, min_pgsz=4096, phyaddr=0
05-23 15:28:45.129   313  2005 I SPRDAVCEncoder: H264EncStrmEncode[17937] 1ms, in {0xa8624000-0x10070000, 240x240, 5}, out {0xa894e000-7050, 1}, wh{0, 0}, xy{0, 0}
05-23 15:28:45.131   279   279 E HWComposer: getLayerReleaseFence: Invalid display
05-23 15:28:45.136  1215  1215 D WatchDialManager: onScrollProgressChanged:0.76666665
05-23 15:28:45.142   313   650 I gralloc : Registering handle 0xa73bc840 coming from the same process
05-23 15:28:45.142   313   650 I gralloc : gralloc_unregister_buffer hnd=0xa73bc900, share_fd=42, share_attr_fd=43, magic=51647890, format=1, internal_format=1, byte_stride=960, flags=4, usage=0x10200, size=230400, width=240, height=240, internalWidth=240, internalHeight=240, stride=240, base=0xa88fa000, writeOwner=0, attr_base=0xffffffff, yuv_info=1, fd=-1, buf_idx=0, offset=0, min_pgsz=4096, phyaddr=0
05-23 15:28:45.143   313  2005 I SPRDAVCEncoder: H264EncStrmEncode[17938] 1ms, in {0xa88fa000-0x10070000, 240x240, 5}, out {0xa894e000-12243, 1}, wh{0, 0}, xy{0, 0}
05-23 15:28:45.144   279   279 E HWComposer: getLayerReleaseFence: Invalid display
05-23 15:28:45.146   263   263 D memtrack_sprd: sprd_get_memory, pid:612, type:1, allocated_records:0, num records:2
05-23 15:28:45.146   263   263 D memtrack_sprd: sprd_get_memory, pid:612, type:1, allocated_records:2, num records:2
05-23 15:28:45.146   263   263 D memtrack_sprd: sprd_get_memory, pid:612, type:2, allocated_records:0, num records:2
05-23 15:28:45.146   263   263 D memtrack_sprd: sprd_get_memory, pid:612, type:2, allocated_records:2, num records:2
05-23 15:28:45.157   263   263 D memtrack_sprd: sprd_get_memory, pid:613, type:1, allocated_records:0, num records:2
05-23 15:28:45.157   263   263 D memtrack_sprd: sprd_get_memory, pid:613, type:1, allocated_records:2, num records:2
05-23 15:28:45.157   263   263 D memtrack_sprd: sprd_get_memory, pid:613, type:2, allocated_records:0, num records:2
05-23 15:28:45.157   263   263 D memtrack_sprd: sprd_get_memory, pid:613, type:2, allocated_records:2, num records:2
05-23 15:28:45.161   598   739 D WifiNetworkMonitor: EVENT_WIFI_RSSI_CHANGED
05-23 15:28:45.161   598   739 E WifiNetworkMonitor: Not any Obervers!!!
05-23 15:28:45.165  1215  1215 D WatchDialManager: onScrollProgressChanged:0.8833333
05-23 15:28:45.171   263   263 D memtrack_sprd: sprd_get_memory, pid:906, type:1, allocated_records:0, num records:2
05-23 15:28:45.172   263   263 D memtrack_sprd: sprd_get_memory, pid:906, type:1, allocated_records:2, num records:2
05-23 15:28:45.172   263   263 D memtrack_sprd: sprd_get_memory, pid:906, type:2, allocated_records:0, num records:2
05-23 15:28:45.172   263   263 D memtrack_sprd: sprd_get_memory, pid:906, type:2, allocated_records:2, num records:2
05-23 15:28:45.179   263   263 D memtrack_sprd: sprd_get_memory, pid:1979, type:1, allocated_records:0, num records:2
05-23 15:28:45.179   263   263 D memtrack_sprd: sprd_get_memory, pid:1979, type:1, allocated_records:2, num records:2
05-23 15:28:45.179   263   263 D memtrack_sprd: sprd_get_memory, pid:1979, type:2, allocated_records:0, num records:2
05-23 15:28:45.179   263   263 D memtrack_sprd: sprd_get_memory, pid:1979, type:2, allocated_records:2, num records:2
05-23 15:28:45.185   313   650 I gralloc : Registering handle 0xa73bc900 coming from the same process
05-23 15:28:45.185   313   650 I gralloc : gralloc_unregister_buffer hnd=0xa73bc600, share_fd=36, share_attr_fd=37, magic=51647890, format=1, internal_format=1, byte_stride=960, flags=4, usage=0x10200, size=230400, width=240, height=240, internalWidth=240, internalHeight=240, stride=240, base=0xa8624000, writeOwner=0, attr_base=0xffffffff, yuv_info=1, fd=-1, buf_idx=0, offset=0, min_pgsz=4096, phyaddr=0
05-23 15:28:45.187   279   279 E HWComposer: getLayerReleaseFence: Invalid display
05-23 15:28:45.189   313  2005 I SPRDAVCEncoder: H264EncStrmEncode[17939] 1ms, in {0xa8624000-0x10070000, 240x240, 5}, out {0xa894e000-8584, 1}, wh{0, 0}, xy{0, 0}
05-23 15:28:45.192  1215  1215 D WatchDialManager: onScrollProgressChanged:0.9458333
05-23 15:28:45.198   313   650 I gralloc : Registering handle 0xa73bc600 coming from the same process
05-23 15:28:45.198   313   650 I gralloc : gralloc_unregister_buffer hnd=0xa73bc6c0, share_fd=44, share_attr_fd=45, magic=51647890, format=1, internal_format=1, byte_stride=960, flags=4, usage=0x10200, size=230400, width=240, height=240, internalWidth=240, internalHeight=240, stride=240, base=0xa88fa000, writeOwner=0, attr_base=0xffffffff, yuv_info=1, fd=-1, buf_idx=0, offset=0, min_pgsz=4096, phyaddr=0
05-23 15:28:45.199   279   279 E HWComposer: getLayerReleaseFence: Invalid display
05-23 15:28:45.201   313  2005 I SPRDAVCEncoder: H264EncStrmEncode[17940] 2ms, in {0xa88fa000-0x10070000, 240x240, 5}, out {0xa894e000-3964, 1}, wh{0, 0}, xy{0, 0}
05-23 15:28:45.221  1215  1215 D WatchDialManager: onScrollProgressChanged:0.9791667
05-23 15:28:45.228   313   650 I gralloc : Registering handle 0xa73bc6c0 coming from the same process
05-23 15:28:45.228   313   650 I gralloc : gralloc_unregister_buffer hnd=0xa73bc780, share_fd=38, share_attr_fd=39, magic=51647890, format=1, internal_format=1, byte_stride=960, flags=4, usage=0x10200, size=230400, width=240, height=240, internalWidth=240, internalHeight=240, stride=240, base=0xa8624000, writeOwner=0, attr_base=0xffffffff, yuv_info=1, fd=-1, buf_idx=0, offset=0, min_pgsz=4096, phyaddr=0
05-23 15:28:45.229   313  2005 I SPRDAVCEncoder: H264EncStrmEncode[17941] 0ms, in {0xa8624000-0x10070000, 240x240, 5}, out {0xa894e000-1170, 1}, wh{0, 0}, xy{0, 0}
05-23 15:28:45.230   279   279 E HWComposer: getLayerReleaseFence: Invalid display
05-23 15:28:45.240   313   650 I gralloc : Registering handle 0xa73bc780 coming from the same process
05-23 15:28:45.240   313   650 I gralloc : gralloc_unregister_buffer hnd=0xa73bc840, share_fd=40, share_attr_fd=41, magic=51647890, format=1, internal_format=1, byte_stride=960, flags=4, usage=0x10200, size=230400, width=240, height=240, internalWidth=240, internalHeight=240, stride=240, base=0xa88fa000, writeOwner=0, attr_base=0xffffffff, yuv_info=1, fd=-1, buf_idx=0, offset=0, min_pgsz=4096, phyaddr=0
05-23 15:28:45.241   313  2005 I SPRDAVCEncoder: H264EncStrmEncode[17942] 0ms, in {0xa88fa000-0x10070000, 240x240, 5}, out {0xa894e000-341, 1}, wh{0, 0}, xy{0, 0}
05-23 15:28:45.242   279   279 E HWComposer: getLayerReleaseFence: Invalid display
05-23 15:28:45.251  1215  1215 D WatchDialManager: onScrollProgressChanged:0.99583334
05-23 15:28:45.256   313   650 I gralloc : Registering handle 0xa73bc840 coming from the same process
05-23 15:28:45.256   313   650 I gralloc : gralloc_unregister_buffer hnd=0xa73bc900, share_fd=42, share_attr_fd=43, magic=51647890, format=1, internal_format=1, byte_stride=960, flags=4, usage=0x10200, size=230400, width=240, height=240, internalWidth=240, internalHeight=240, stride=240, base=0xa8624000, writeOwner=0, attr_base=0xffffffff, yuv_info=1, fd=-1, buf_idx=0, offset=0, min_pgsz=4096, phyaddr=0
05-23 15:28:45.257   313  2005 I SPRDAVCEncoder: H264EncStrmEncode[17943] 0ms, in {0xa8624000-0x10070000, 240x240, 5}, out {0xa894e000-436, 1}, wh{0, 0}, xy{0, 0}
05-23 15:28:45.258   279   279 E HWComposer: getLayerReleaseFence: Invalid display
05-23 15:28:45.279  1215  1215 D WatchDialManager: onScrollProgressChanged:1.0
05-23 15:28:45.299   313   650 I gralloc : Registering handle 0xa73bc900 coming from the same process
