05-23 15:28:53.878 15732 15732 I System.out: --->>> CollectController: setControlSwitcher: key : inner_mem; option : true
05-23 15:28:53.878 15732 15732 I System.out: --->>> CollectController: setControlSwitcher: key : inner_cpu; option : true
05-23 15:28:53.878 15732 15732 I System.out: --->>> CollectController: setControlSwitcher: key : inner_rom; option : true
05-23 15:28:53.878 15732 15732 I System.out: --->>> CollectController: setControlSwitcher: key : inner_bstn; option : true
05-23 15:28:53.878 15732 15732 I System.out: --->>> CollectController: setControlSwitcher: key : inner_cam; option : true
05-23 15:28:53.878 15732 15732 I System.out: --->>> CollectController: setControlSwitcher: key : inner_appls; option : true
05-23 15:28:53.878 15732 15732 I System.out: --->>> CollectController: setControlSwitcher: key : inner_lbs; option : true
05-23 15:28:53.878 15732 15732 I System.out: --->>> CollectController: setControlSwitcher: key : internal_run_server; option : true
05-23 15:28:53.878 15732 15732 I System.out: --->>> CollectController: setControlSwitcher: key : internal_imsi; option : true
05-23 15:28:53.878 15732 15732 I System.out: --->>> CollectController: setControlSwitcher: key : internal_meid; option : true
05-23 15:28:53.878 15732 15732 I System.out: --->>> CollectController: setControlSwitcher: key : tp_tp; option : true
05-23 15:28:53.879 15732 15732 I System.out: --->>> CollectController: setControlSwitcher: key : push_cpu; option : true
05-23 15:28:53.879 15732 15732 I System.out: --->>> CollectController: setControlSwitcher: key : push_imei; option : true
05-23 15:28:53.879 15732 15732 I System.out: --->>> CollectController: setControlSwitcher: key : push_mac; option : true
05-23 15:28:53.879 15732 15732 I System.out: --->>> CollectController: setControlSwitcher: key : push_android_id; option : true
05-23 15:28:53.879 15732 15732 I System.out: --->>> CollectController: setControlSwitcher: key : push_serialNo; option : true
05-23 15:28:53.879 15732 15732 I System.out: --->>> CollectController: setControlSwitcher: key : push_settings_android_id; option : true
05-23 15:28:53.879 15732 15732 I System.out: --->>> CollectController: setControlSwitcher: key : push_network_access_mode; option : true
05-23 15:28:53.879 15732 15732 I System.out: --->>> CollectController: setControlSwitcher: key : push_on_line; option : true
05-23 15:28:53.879 15732 15732 I System.out: --->>> CollectController: setControlSwitcher: key : push_time_zone; option : true
05-23 15:28:53.879 15732 15732 I System.out: --->>> CollectController: setControlSwitcher: key : push_locale_info; option : true
05-23 15:28:53.879 15732 15732 I System.out: --->>> CollectController: setControlSwitcher: key : push_resolution; option : true
05-23 15:28:53.879 15732 15732 I System.out: --->>> CollectController: setControlSwitcher: key : push_operator; option : true
05-23 15:28:53.879 15732 15732 I System.out: --->>> CollectController: setControlSwitcher: key : push_utdid; option : true
05-23 15:28:53.879 15732 15732 I System.out: --->>> CollectController: setControlSwitcher: key : push_service_work; option : true
05-23 15:28:53.879 15732 15732 I System.out: --->>> CollectController: setControlSwitcher: key : push_service_name; option : true
05-23 15:28:53.879 15732 15732 I System.out: --->>> CollectController: setControlSwitcher: key : push_intent_exist; option : true
05-23 15:28:53.879 15732 15732 I System.out: --->>> CollectController: setControlSwitcher: key : push_data_data; option : true
05-23 15:28:53.879 15732 15732 I System.out: --->>> CollectController: setControlSwitcher: key : push_notification_enabled; option : true
05-23 15:28:53.880 15732 15732 I System.out: --->>> CollectController: setControlSwitcher: key : share_device_id; option : true
05-23 15:28:53.880 15732 15732 I System.out: --->>> CollectController: setControlSwitcher: key : share_imsi; option : true
05-23 15:28:53.880 15732 15732 I System.out: --->>> CollectController: setControlSwitcher: key : share_iccid; option : true
05-23 15:28:53.880 15732 15732 I System.out: --->>> CollectController: setControlSwitcher: key : share_sn; option : true
05-23 15:28:53.880 15732 15732 I System.out: --->>> CollectController: setControlSwitcher: key : share_net_accmode; option : true
05-23 15:28:53.880 15732 15732 I System.out: --->>> CollectController: setControlSwitcher: key : share_android_id; option : true
05-23 15:28:53.880 15732 15732 I System.out: --->>> CollectController: setControlSwitcher: key : share_wifi_mac; option : true
05-23 15:28:53.880 15732 15732 I System.out: --->>> CollectController: setControlSwitcher: key : share_sd_size; option : true
05-23 15:28:53.880 15732 15732 I System.out: --->>> CollectController: setControlSwitcher: key : share_ssid; option : true
05-23 15:28:53.880 15732 15732 I System.out: --->>> CollectController: setControlSwitcher: key : share_resolution; option : true
05-23 15:28:53.880 15732 15732 I System.out: --->>> CollectController: setControlSwitcher: key : share_conn_type; option : true
05-23 15:28:53.886  1045  1099 I CPVoiceAgent: select: retrun 0
--------- beginning of radio
05-23 15:28:53.914   767  1037 D SubscriptionController: [getPhoneId] asked for default subId=-1
05-23 15:28:53.916   598   611 D BroadcastQueue: Add broadcast <BroadcastRecord{1fd6400 u-1 android.intent.action.BATTERY_CHANGED}> into [parallel | background], pending size 0
05-23 15:28:53.916   598   635 D BroadcastQueue: Done with parallel broadcast [background] [BroadcastRecord{1fd6400 u-1 android.intent.action.BATTERY_CHANGED}]
05-23 15:28:53.926 15732 15732 W CheckTime: App running slow: Executing handleBindApplication : callApplicationOnCreate took 219ms
05-23 15:28:53.932   598   611 I WifiService: getConnectionInfo uid=10076
05-23 15:28:53.937   598   705 I WifiService: getWifiEnabledState uid=10076
05-23 15:28:53.948   264   264 D sensor  : poll__batch handle=0 sampling_period_ns=50ms, max_report_latency_ns=0ms
05-23 15:28:53.948   264   264 E sensor  : AccSensor: mDelay(200000000) delay_ns(50000000)
05-23 15:28:53.948   264   264 E sensor  : AccSensor: ms(10)
05-23 15:28:53.949   264   264 D sensor  : poll__flush handle=0
05-23 15:28:53.949   264   710 E sensor  : reading flush event from pipe
05-23 15:28:53.959   598   705 D BroadcastQueue: Add broadcast <BroadcastRecord{4d4c02c u-1 android.net.conn.CONNECTIVITY_CHANGE}> into [parallel | background], pending size 0
05-23 15:28:53.959   598   635 D BroadcastQueue: Done with parallel broadcast [background] [BroadcastRecord{4d4c02c u-1 android.net.conn.CONNECTIVITY_CHANGE}]
05-23 15:28:53.964   313  2009 I gralloc : Registering handle 0xa73bc840 coming from the same process
05-23 15:28:53.964   313  2009 I gralloc : gralloc_unregister_buffer hnd=0xa73bc900, share_fd=34, share_attr_fd=35, magic=51647890, format=1, internal_format=1, byte_stride=960, flags=4, usage=0x10200, size=230400, width=240, height=240, internalWidth=240, internalHeight=240, stride=240, base=0xa88fa000, writeOwner=0, attr_base=0xffffffff, yuv_info=1, fd=-1, buf_idx=0, offset=0, min_pgsz=4096, phyaddr=0
05-23 15:28:53.965   313  2005 I SPRDAVCEncoder: H264EncStrmEncode[18108] 0ms, in {0xa88fa000-0x10070000, 240x240, 5}, out {0xa894e000-150, 1}, wh{0, 0}, xy{0, 0}
05-23 15:28:53.975   767  1037 D SubscriptionController: [getDefaultDataSubId] subId= -1
05-23 15:28:53.976 15732 15779 D TelephonyManager: getCellLocation returning null due to NullPointerException java.lang.NullPointerException: Attempt to invoke virtual method 'boolean android.os.Bundle.isEmpty()' on a null object reference
05-23 15:28:54.040   263   263 D memtrack_sprd: sprd_get_memory, pid:1323, type:1, allocated_records:0, num records:2
05-23 15:28:54.040   263   263 D memtrack_sprd: sprd_get_memory, pid:1323, type:1, allocated_records:2, num records:2
05-23 15:28:54.041   263   263 D memtrack_sprd: sprd_get_memory, pid:1323, type:2, allocated_records:0, num records:2
05-23 15:28:54.041   263   263 D memtrack_sprd: sprd_get_memory, pid:1323, type:2, allocated_records:2, num records:2
05-23 15:28:54.051 15732 15732 D zzhhww  : yingyonghuiHanlde-aaaaa--str:
05-23 15:28:54.051 15732 15732 D zzhhww  : yingyonghuiHanlde-bbbbb--str:
05-23 15:28:54.051 15732 15732 D zzhhww  : yingyonghuiHanlde-aaaaa--str:
05-23 15:28:54.051 15732 15732 D zzhhww  : yingyonghuiHanlde-bbbbb--str:
05-23 15:28:54.059 15732 15779 I CameraManagerGlobal: Connecting to camera service
05-23 15:28:54.064   313  2009 I gralloc : Registering handle 0xa73bc900 coming from the same process
05-23 15:28:54.064 15732 15779 I Camera-JNI: number_of_cameras:1
05-23 15:28:54.064   313  2009 I gralloc : gralloc_unregister_buffer hnd=0xa73bc600, share_fd=38, share_attr_fd=39, magic=51647890, format=1, internal_format=1, byte_stride=960, flags=4, usage=0x10200, size=230400, width=240, height=240, internalWidth=240, internalHeight=240, stride=240, base=0xa88fa000, writeOwner=0, attr_base=0xffffffff, yuv_info=1, fd=-1, buf_idx=0, offset=0, min_pgsz=4096, phyaddr=0
05-23 15:28:54.065 15732 15779 I Camera-JNI: number_of_cameras:1
05-23 15:28:54.066   313  2005 I SPRDAVCEncoder: H264EncStrmEncode[18109] 1ms, in {0xa88fa000-0x10070000, 240x240, 5}, out {0xa894e000-150, 1}, wh{0, 0}, xy{0, 0}
05-23 15:28:54.067 15732 15779 I Camera-JNI: number_of_cameras:1
05-23 15:28:54.117   767  1037 D SubscriptionController: [getSlotIndex]- subId invalid
05-23 15:28:54.068 15732 15779 I Camera-JNI: number_of_cameras:1
05-23 15:28:54.138 15732 15732 D zzhhww  : yingyonghuiHanlde-aaaaa--str:
05-23 15:28:54.138 15732 15732 D zzhhww  : yingyonghuiHanlde-bbbbb--str:
05-23 15:28:54.138 15732 15732 D zzhhww  : yingyonghuiHanlde-aaaaa--str: 2020 appchina.com all rights reserved
05-23 15:28:54.139 15732 15732 D zzhhww  : yingyonghuiHanlde-bbbbb--str: 2020 appchina.com all rights reserved
05-23 15:28:54.164 15732 15732 I DataCollector: started
05-23 15:28:54.166   313  2009 I gralloc : Registering handle 0xa73bc600 coming from the same process
05-23 15:28:54.166   313  2009 I gralloc : gralloc_unregister_buffer hnd=0xa73bc6c0, share_fd=36, share_attr_fd=37, magic=51647890, format=1, internal_format=1, byte_stride=960, flags=4, usage=0x10200, size=230400, width=240, height=240, internalWidth=240, internalHeight=240, stride=240, base=0xa88fa000, writeOwner=0, attr_base=0xffffffff, yuv_info=1, fd=-1, buf_idx=0, offset=0, min_pgsz=4096, phyaddr=0
05-23 15:28:54.167   313  2005 I SPRDAVCEncoder: H264EncStrmEncode[18110] 0ms, in {0xa88fa000-0x10070000, 240x240, 5}, out {0xa894e000-150, 1}, wh{0, 0}, xy{0, 0}
05-23 15:28:54.177   272   384 D PowerHAL: ##Timing deboost
05-23 15:28:54.177   272   384 D PowerHAL: Enter common_set: enable:0, duration: 0, /sys/devices/system/cpu/cpuhotplug/cluster0_core_min_limit:
05-23 15:28:54.177   272   384 D PowerHAL: Enter common_clear:
05-23 15:28:54.177   272   384 D PowerHAL: ##Timing deboost
05-23 15:28:54.177   272   384 D PowerHAL: Enter common_set: enable:0, duration: 0, /sys/devices/system/cpu/cpuhotplug/cluster0_core_max_limit:
05-23 15:28:54.177   272   384 D PowerHAL: Enter common_clear:
05-23 15:28:54.177   272   384 D PowerHAL: ##Timing deboost
05-23 15:28:54.177   272   384 D PowerHAL: Enter common_subsys_set: enable:0, duration: 0, subsys:cpufreq:
05-23 15:28:54.183   598   739 D WifiNetworkMonitor: EVENT_WIFI_RSSI_CHANGED
05-23 15:28:54.183   598   739 E WifiNetworkMonitor: Not any Obervers!!!
05-23 15:28:54.198   598   820 W ActivityManager: Unable to start service Intent { act=com.google.android.gms.ads.identifier.service.START pkg=com.google.android.gms } U=0: not found
05-23 15:28:54.200 15732 15732 E DeviceInfoService: Get deviceInfo 'IMSI' error: unknown
05-23 15:28:54.203   263   263 D memtrack_sprd: sprd_get_memory, pid:1188, type:1, allocated_records:0, num records:2
05-23 15:28:54.203   263   263 D memtrack_sprd: sprd_get_memory, pid:1188, type:1, allocated_records:2, num records:2
05-23 15:28:54.203   263   263 D memtrack_sprd: sprd_get_memory, pid:1188, type:2, allocated_records:0, num records:2
05-23 15:28:54.203   263   263 D memtrack_sprd: sprd_get_memory, pid:1188, type:2, allocated_records:2, num records:2
05-23 15:28:54.219 15732 15790 I zygote  : android::hardware::configstore::V1_0::ISurfaceFlingerConfigs::hasWideColorDisplay retrieved: 0
05-23 15:28:54.255   313   843 I gralloc : Registering handle 0xa73bc6c0 coming from the same process
05-23 15:28:54.255   313   843 I gralloc : gralloc_unregister_buffer hnd=0xa73bc780, share_fd=40, share_attr_fd=41, magic=51647890, format=1, internal_format=1, byte_stride=960, flags=4, usage=0x10200, size=230400, width=240, height=240, internalWidth=240, internalHeight=240, stride=240, base=0xa88fa000, writeOwner=0, attr_base=0xffffffff, yuv_info=1, fd=-1, buf_idx=0, offset=0, min_pgsz=4096, phyaddr=0
05-23 15:28:54.257   313  2005 I SPRDAVCEncoder: H264EncStrmEncode[18111] 1ms, in {0xa8624000-0x10070000, 240x240, 5}, out {0xa894e000-150, 1}, wh{0, 0}, xy{0, 0}
05-23 15:28:54.257   279   279 E HWComposer: getLayerReleaseFence: Invalid display
05-23 15:28:54.291   598   705 D BroadcastQueue: Add broadcast <BroadcastRecord{c2cfb56 u-1 android.net.conn.CONNECTIVITY_CHANGE}> into [parallel | background], pending size 0
05-23 15:28:54.291   598   635 D BroadcastQueue: Done with parallel broadcast [background] [BroadcastRecord{c2cfb56 u-1 android.net.conn.CONNECTIVITY_CHANGE}]
05-23 15:28:54.294 15732 15732 E DeviceInfoService: Get deviceInfo 'IMSI' error: unknown
05-23 15:28:54.298 15732 15732 E DeviceInfoService: Get deviceInfo 'SIM_SERIAL_NUMBER' error: unknown
05-23 15:28:54.310 15732 15742 I zygote  : Background concurrent copying GC freed 7459(486KB) AllocSpace objects, 0(0B) LOS objects, 25% free, 2MB/3MB, paused 259us total 128.199ms
05-23 15:28:54.330 15732 15732 I am_on_resume_called: [0,com.yingyonghui.market.ui.MainActivity,LAUNCH_ACTIVITY]
05-23 15:28:54.337 15732 15732 D OpenGLRenderer: textureCacheSize 37748736
05-23 15:28:54.340 15732 15816 D OpenGLRenderer: HWUI GL Pipeline
05-23 15:28:54.347   264   710 D sensor  : poll__batch handle=0 sampling_period_ns=200ms, max_report_latency_ns=0ms
05-23 15:28:54.347   264   710 E sensor  : AccSensor: mDelay(50000000) delay_ns(200000000)
05-23 15:28:54.347   264   710 E sensor  : AccSensor: ms(10)
05-23 15:28:54.354 15732 15808 I System.out: true
05-23 15:28:54.359   313  2009 I gralloc : Registering handle 0xa73bc780 coming from the same process
05-23 15:28:54.359   313  2009 I gralloc : gralloc_unregister_buffer hnd=0xa73bc840, share_fd=42, share_attr_fd=43, magic=51647890, format=1, internal_format=1, byte_stride=960, flags=4, usage=0x10200, size=230400, width=240, height=240, internalWidth=240, internalHeight=240, stride=240, base=0xa88fa000, writeOwner=0, attr_base=0xffffffff, yuv_info=1, fd=-1, buf_idx=0, offset=0, min_pgsz=4096, phyaddr=0
05-23 15:28:54.362   313  2005 I SPRDAVCEncoder: H264EncStrmEncode[18112] 2ms, in {0xa8624000-0x10070000, 240x240, 5}, out {0xa894e000-150, 1}, wh{0, 0}, xy{0, 0}
05-23 15:28:54.368   598   705 D WindowManager: Input focus has changed to Window{e1576e2 u0 com.yingyonghui.market/com.yingyonghui.market.ui.MainActivity}
05-23 15:28:54.371   279   279 E HWComposer: getLayerReleaseFence: Invalid display
05-23 15:28:54.406   259   434 I gralloc : mali_gralloc_select_format, AFBC is disabled now
05-23 15:28:54.406   259   434 I gralloc : mali_gralloc_select_format: req_format=0x00000001 req_fmt_mapped=0x0 internal_format=0x1 usage=0x900
05-23 15:28:54.406 15732 15816 I zygote  : android::hardware::configstore::V1_0::ISurfaceFlingerConfigs::hasWideColorDisplay retrieved: 0
05-23 15:28:54.406 15732 15816 I OpenGLRenderer: Initialized EGL, version 1.4
05-23 15:28:54.406 15732 15816 D OpenGLRenderer: Swap behavior 2
05-23 15:28:54.406   259   434 I gralloc : gralloc=>alloc, share_fd=8, share_attr_fd=13, magic=51647890, format=1, internal_format=1, byte_stride=960, flags=4, usage=0x2304, size=230400, width=240, height=240, internalWidth=240, internalHeight=240, stride=240, ADP_VSTRIDE=0,base=0xb35f1000, writeOwner=0, attr_base=0xffffffff, yuv_info=1, fd=-1, buf_idx=0, offset=0, min_pgsz=4096, phyaddr=0
05-23 15:28:54.407   259   434 I gralloc : gralloc=>free hnd=0xb3048000, share_fd=8, share_attr_fd=13, magic=51647890, format=1, internal_format=1, byte_stride=960, flags=4, usage=2304, size=230400, width=240, height=240, internalWidth=240, internalHeight=240, stride=240, base=0xb35f1000, writeOwner=0, attr_base=0xffffffff, yuv_info=1, fd=-1, buf_idx=0, offset=0, min_pgsz=4096, phyaddr=0
05-23 15:28:54.408   279   973 I gralloc : gralloc_register_buffer hnd=0xac5bd900, share_fd=101, share_attr_fd=102, magic=51647890, format=1, internal_format=1, byte_stride=960, flags=4, usage=0x900, size=230400, width=240, height=240, internalWidth=240, internalHeight=240, stride=240, base=0xad620000, writeOwner=0, attr_base=0xffffffff, yuv_info=1, fd=-1, buf_idx=0, offset=0, min_pgsz=4096, phyaddr=0
05-23 15:28:54.408   259   434 I gralloc : mali_gralloc_select_format, AFBC is disabled now
05-23 15:28:54.408   259   434 I gralloc : mali_gralloc_select_format: req_format=0x00000001 req_fmt_mapped=0x0 internal_format=0x1 usage=0x900
05-23 15:28:54.409   259   434 I gralloc : gralloc=>alloc, share_fd=8, share_attr_fd=13, magic=51647890, format=1, internal_format=1, byte_stride=960, flags=4, usage=0x2304, size=230400, width=240, height=240, internalWidth=240, internalHeight=240, stride=240, ADP_VSTRIDE=0,base=0xb35f1000, writeOwner=0, attr_base=0xffffffff, yuv_info=1, fd=-1, buf_idx=0, offset=0, min_pgsz=4096, phyaddr=0
05-23 15:28:54.409   259   434 I gralloc : gralloc=>free hnd=0xb3048000, share_fd=8, share_attr_fd=13, magic=51647890, format=1, internal_format=1, byte_stride=960, flags=4, usage=2304, size=230400, width=240, height=240, internalWidth=240, internalHeight=240, stride=240, base=0xb35f1000, writeOwner=0, attr_base=0xffffffff, yuv_info=1, fd=-1, buf_idx=0, offset=0, min_pgsz=4096, phyaddr=0
05-23 15:28:54.410   279   973 I gralloc : gralloc_register_buffer hnd=0xac5be140, share_fd=104, share_attr_fd=105, magic=51647890, format=1, internal_format=1, byte_stride=960, flags=4, usage=0x900, size=230400, width=240, height=240, internalWidth=240, internalHeight=240, stride=240, base=0xad468000, writeOwner=0, attr_base=0xffffffff, yuv_info=1, fd=-1, buf_idx=0, offset=0, min_pgsz=4096, phyaddr=0
05-23 15:28:54.413   259   434 I gralloc : mali_gralloc_select_format, AFBC is disabled now
05-23 15:28:54.413   259   434 I gralloc : mali_gralloc_select_format: req_format=0x00000001 req_fmt_mapped=0x0 internal_format=0x1 usage=0x900
05-23 15:28:54.415   259   434 I gralloc : gralloc=>alloc, share_fd=8, share_attr_fd=13, magic=51647890, format=1, internal_format=1, byte_stride=960, flags=4, usage=0x2304, size=230400, width=240, height=240, internalWidth=240, internalHeight=240, stride=240, ADP_VSTRIDE=0,base=0xb35f1000, writeOwner=0, attr_base=0xffffffff, yuv_info=1, fd=-1, buf_idx=0, offset=0, min_pgsz=4096, phyaddr=0
05-23 15:28:54.415   313   650 I gralloc : Registering handle 0xa73bc840 coming from the same process
05-23 15:28:54.415   259   434 I gralloc : gralloc=>free hnd=0xb3048000, share_fd=8, share_attr_fd=13, magic=51647890, format=1, internal_format=1, byte_stride=960, flags=4, usage=2304, size=230400, width=240, height=240, internalWidth=240, internalHeight=240, stride=240, base=0xb35f1000, writeOwner=0, attr_base=0xffffffff, yuv_info=1, fd=-1, buf_idx=0, offset=0, min_pgsz=4096, phyaddr=0
05-23 15:28:54.415   313   650 I gralloc : gralloc_unregister_buffer hnd=0xa73bc900, share_fd=34, share_attr_fd=35, magic=51647890, format=1, internal_format=1, byte_stride=960, flags=4, usage=0x10200, size=230400, width=240, height=240, internalWidth=240, internalHeight=240, stride=240, base=0xa88fa000, writeOwner=0, attr_base=0xffffffff, yuv_info=1, fd=-1, buf_idx=0, offset=0, min_pgsz=4096, phyaddr=0
05-23 15:28:54.416   279   973 I gralloc : gralloc_register_buffer hnd=0xac5be2c0, share_fd=108, share_attr_fd=111, magic=51647890, format=1, internal_format=1, byte_stride=960, flags=4, usage=0x900, size=230400, width=240, height=240, internalWidth=240, internalHeight=240, stride=240, base=0xacd37000, writeOwner=0, attr_base=0xffffffff, yuv_info=1, fd=-1, buf_idx=0, offset=0, min_pgsz=4096, phyaddr=0
05-23 15:28:54.417   279   279 E HWComposer: getLayerReleaseFence: Invalid display
05-23 15:28:54.417   313  2005 I SPRDAVCEncoder: H264EncStrmEncode[18113] 1ms, in {0xa88fa000-0x10070000, 240x240, 5}, out {0xa894e000-150, 1}, wh{0, 0}, xy{0, 0}
05-23 15:28:54.421 15732 15816 D mali_winsys: EGLint new_window_surface(egl_winsys_display *, void *, EGLSurface, EGLConfig, egl_winsys_surface **, egl_color_buffer_format *, EGLBoolean) returns 0x3000, win:0x8e191008
05-23 15:28:54.421 15732 15816 I OpenGLRenderer: queryNativeWindowStatus 0x8e191008 query=0 dataspace=0
05-23 15:28:54.425   260   260 D vndksupport: Loading /vendor/lib/hw/gralloc.sp9832e.so from current namespace instead of sphal namespace.
05-23 15:28:54.426   260   260 I gralloc : gralloc_register_buffer hnd=0xb47b6cc0, share_fd=48, share_attr_fd=49, magic=51647890, format=1, internal_format=1, byte_stride=64, flags=4, usage=0xb00, size=15360, width=5, height=240, internalWidth=5, internalHeight=240, stride=16, base=0xb5332000, writeOwner=0, attr_base=0xffffffff, yuv_info=1, fd=-1, buf_idx=0, offset=0, min_pgsz=4096, phyaddr=0
05-23 15:28:54.429   313   650 I gralloc : Registering handle 0xa73bc900 coming from the same process
05-23 15:28:54.429   313   650 I gralloc : gralloc_unregister_buffer hnd=0xa73bc600, share_fd=38, share_attr_fd=39, magic=51647890, format=1, internal_format=1, byte_stride=960, flags=4, usage=0x10200, size=230400, width=240, height=240, internalWidth=240, internalHeight=240, stride=240, base=0xa88fa000, writeOwner=0, attr_base=0xffffffff, yuv_info=1, fd=-1, buf_idx=0, offset=0, min_pgsz=4096, phyaddr=0
05-23 15:28:54.431   279   279 E HWComposer: getLayerReleaseFence: Invalid display
05-23 15:28:54.431   279   279 E HWComposer: getLayerReleaseFence: Invalid display
05-23 15:28:54.433   313  2005 I SPRDAVCEncoder: H264EncStrmEncode[18114] 2ms, in {0xa8624000-0x10070000, 240x240, 5}, out {0xa894e000-150, 1}, wh{0, 0}, xy{0, 0}
05-23 15:28:54.433   279   386 E BufferQueueProducer: [navbackleft#0] disconnect: not connected (req=1)
05-23 15:28:54.434   799  1002 W libEGL  : EGLNativeWindowType 0x8d272808 disconnect failed
05-23 15:28:54.438   279   973 I gralloc : gralloc_unregister_buffer hnd=0xac5be2c0, share_fd=108, share_attr_fd=111, magic=51647890, format=1, internal_format=1, byte_stride=960, flags=4, usage=0x900, size=230400, width=240, height=240, internalWidth=240, internalHeight=240, stride=240, base=0xacd37000, writeOwner=0, attr_base=0xffffffff, yuv_info=1, fd=-1, buf_idx=0, offset=0, min_pgsz=4096, phyaddr=0
05-23 15:28:54.439   259   434 I gralloc : mali_gralloc_select_format, AFBC is disabled now
05-23 15:28:54.439   259   434 I gralloc : mali_gralloc_select_format: req_format=0x00000001 req_fmt_mapped=0x0 internal_format=0x1 usage=0xb00
05-23 15:28:54.439   259   434 I gralloc : gralloc=>alloc, share_fd=8, share_attr_fd=13, magic=51647890, format=1, internal_format=1, byte_stride=960, flags=4, usage=0x2816, size=230400, width=240, height=240, internalWidth=240, internalHeight=240, stride=240, ADP_VSTRIDE=0,base=0xb35f1000, writeOwner=0, attr_base=0xffffffff, yuv_info=1, fd=-1, buf_idx=0, offset=0, min_pgsz=4096, phyaddr=0
05-23 15:28:54.440   259   434 I gralloc : gralloc=>free hnd=0xb3048000, share_fd=8, share_attr_fd=13, magic=51647890, format=1, internal_format=1, byte_stride=960, flags=4, usage=2816, size=230400, width=240, height=240, internalWidth=240, internalHeight=240, stride=240, base=0xb35f1000, writeOwner=0, attr_base=0xffffffff, yuv_info=1, fd=-1, buf_idx=0, offset=0, min_pgsz=4096, phyaddr=0
05-23 15:28:54.440  1323  1323 D PinyinIME: onFinishInput.
05-23 15:28:54.441  1323  1323 D PinyinIME: onStartInput  ccontentType: 0 Restarting:false
05-23 15:28:54.441   279   973 I gralloc : gralloc_register_buffer hnd=0xac5be2c0, share_fd=108, share_attr_fd=111, magic=51647890, format=1, internal_format=1, byte_stride=960, flags=4, usage=0xb00, size=230400, width=240, height=240, internalWidth=240, internalHeight=240, stride=240, base=0xacd37000, writeOwner=0, attr_base=0xffffffff, yuv_info=1, fd=-1, buf_idx=0, offset=0, min_pgsz=4096, phyaddr=0
05-23 15:28:54.441  1323  1323 I jcyy    : inputType = 0 inputType2 = 0
05-23 15:28:54.442   799  1002 D mali_winsys: EGLint new_window_surface(egl_winsys_display *, void *, EGLSurface, EGLConfig, egl_winsys_surface **, egl_color_buffer_format *, EGLBoolean) returns 0x3000, win:0x8d272808
05-23 15:28:54.442   799  1002 I OpenGLRenderer: queryNativeWindowStatus 0x8d272808 query=0 dataspace=0
05-23 15:28:54.449   259   434 I gralloc : mali_gralloc_select_format, AFBC is disabled now
05-23 15:28:54.449   259   434 I gralloc : mali_gralloc_select_format: req_format=0x00000001 req_fmt_mapped=0x0 internal_format=0x1 usage=0xb00
05-23 15:28:54.449   259   434 I gralloc : gralloc=>alloc, share_fd=8, share_attr_fd=13, magic=51647890, format=1, internal_format=1, byte_stride=64, flags=4, usage=0x2816, size=15360, width=5, height=240, internalWidth=5, internalHeight=240, stride=16, ADP_VSTRIDE=0,base=0xb3780000, writeOwner=0, attr_base=0xffffffff, yuv_info=1, fd=-1, buf_idx=0, offset=0, min_pgsz=4096, phyaddr=0
05-23 15:28:54.450   259   434 I gralloc : gralloc=>free hnd=0xb3048000, share_fd=8, share_attr_fd=13, magic=51647890, format=1, internal_format=1, byte_stride=64, flags=4, usage=2816, size=15360, width=5, height=240, internalWidth=5, internalHeight=240, stride=16, base=0xb3780000, writeOwner=0, attr_base=0xffffffff, yuv_info=1, fd=-1, buf_idx=0, offset=0, min_pgsz=4096, phyaddr=0
05-23 15:28:54.451 15732 15816 I gralloc : gralloc_register_buffer hnd=0x9fddf200, share_fd=93, share_attr_fd=94, magic=51647890, format=1, internal_format=1, byte_stride=960, flags=4, usage=0xb00, size=230400, width=240, height=240, internalWidth=240, internalHeight=240, stride=240, base=0xa2ce7000, writeOwner=0, attr_base=0xffffffff, yuv_info=1, fd=-1, buf_idx=0, offset=0, min_pgsz=4096, phyaddr=0
05-23 15:28:54.451   279   386 I gralloc : gralloc_register_buffer hnd=0xac5be5c0, share_fd=112, share_attr_fd=113, magic=51647890, format=1, internal_format=1, byte_stride=64, flags=4, usage=0xb00, size=15360, width=5, height=240, internalWidth=5, internalHeight=240, stride=16, base=0xadaff000, writeOwner=0, attr_base=0xffffffff, yuv_info=1, fd=-1, buf_idx=0, offset=0, min_pgsz=4096, phyaddr=0
05-23 15:28:54.457   313   650 I gralloc : Registering handle 0xa73bc600 coming from the same process
05-23 15:28:54.457   313   650 I gralloc : gralloc_unregister_buffer hnd=0xa73bc6c0, share_fd=44, share_attr_fd=45, magic=51647890, format=1, internal_format=1, byte_stride=960, flags=4, usage=0x10200, size=230400, width=240, height=240, internalWidth=240, internalHeight=240, stride=240, base=0xa8624000, writeOwner=0, attr_base=0xffffffff, yuv_info=1, fd=-1, buf_idx=0, offset=0, min_pgsz=4096, phyaddr=0
05-23 15:28:54.458   313  2005 I SPRDAVCEncoder: H264EncStrmEncode[18115] 0ms, in {0xa88fa000-0x10070000, 240x240, 5}, out {0xa894e000-150, 1}, wh{0, 0}, xy{0, 0}
05-23 15:28:54.460   279   279 E HWComposer: getLayerReleaseFence: Invalid display
05-23 15:28:54.460   279   279 E HWComposer: getLayerReleaseFence: Invalid display
05-23 15:28:54.467   799  1002 I gralloc : gralloc_register_buffer hnd=0x9fdf1e40, share_fd=87, share_attr_fd=88, magic=51647890, format=1, internal_format=1, byte_stride=64, flags=4, usage=0xb00, size=15360, width=5, height=240, internalWidth=5, internalHeight=240, stride=16, base=0xaac8e000, writeOwner=0, attr_base=0xffffffff, yuv_info=1, fd=-1, buf_idx=0, offset=0, min_pgsz=4096, phyaddr=0
05-23 15:28:54.472   279   386 I gralloc : gralloc_unregister_buffer hnd=0xac5be140, share_fd=104, share_attr_fd=105, magic=51647890, format=1, internal_format=1, byte_stride=960, flags=4, usage=0x900, size=230400, width=240, height=240, internalWidth=240, internalHeight=240, stride=240, base=0xad468000, writeOwner=0, attr_base=0xffffffff, yuv_info=1, fd=-1, buf_idx=0, offset=0, min_pgsz=4096, phyaddr=0
05-23 15:28:54.473   259   434 I gralloc : mali_gralloc_select_format, AFBC is disabled now
05-23 15:28:54.473   259   434 I gralloc : mali_gralloc_select_format: req_format=0x00000001 req_fmt_mapped=0x0 internal_format=0x1 usage=0xb00
05-23 15:28:54.474   259   434 I gralloc : gralloc=>alloc, share_fd=8, share_attr_fd=13, magic=51647890, format=1, internal_format=1, byte_stride=960, flags=4, usage=0x2816, size=230400, width=240, height=240, internalWidth=240, internalHeight=240, stride=240, ADP_VSTRIDE=0,base=0xb35f1000, writeOwner=0, attr_base=0xffffffff, yuv_info=1, fd=-1, buf_idx=0, offset=0, min_pgsz=4096, phyaddr=0
05-23 15:28:54.475   279   386 I gralloc : gralloc_register_buffer hnd=0xac5be140, share_fd=100, share_attr_fd=104, magic=51647890, format=1, internal_format=1, byte_stride=960, flags=4, usage=0xb00, size=230400, width=240, height=240, internalWidth=240, internalHeight=240, stride=240, base=0xad468000, writeOwner=0, attr_base=0xffffffff, yuv_info=1, fd=-1, buf_idx=0, offset=0, min_pgsz=4096, phyaddr=0
05-23 15:28:54.475   259   434 I gralloc : gralloc=>free hnd=0xb3048000, share_fd=8, share_attr_fd=13, magic=51647890, format=1, internal_format=1, byte_stride=960, flags=4, usage=2816, size=230400, width=240, height=240, internalWidth=240, internalHeight=240, stride=240, base=0xb35f1000, writeOwner=0, attr_base=0xffffffff, yuv_info=1, fd=-1, buf_idx=0, offset=0, min_pgsz=4096, phyaddr=0
05-23 15:28:54.477 15732 15816 I gralloc : gralloc_register_buffer hnd=0x9fddf2c0, share_fd=98, share_attr_fd=99, magic=51647890, format=1, internal_format=1, byte_stride=960, flags=4, usage=0xb00, size=230400, width=240, height=240, internalWidth=240, internalHeight=240, stride=240, base=0xa002d000, writeOwner=0, attr_base=0xffffffff, yuv_info=1, fd=-1, buf_idx=0, offset=0, min_pgsz=4096, phyaddr=0
05-23 15:28:54.480   598   643 I sysui_multi_action: [319,110,321,59,322,1166,325,3811,757,761,758,7,759,1,806,com.yingyonghui.market,871,com.yingyonghui.market.ui.MainActivity,904,com.jx.launcher,905,0,945,89]
05-23 15:28:54.480   598   643 I am_activity_launch_time: [0,58554552,com.yingyonghui.market/.ui.MainActivity,1126,1126]
05-23 15:28:54.480   598   643 I ActivityManager: Displayed com.yingyonghui.market/.ui.MainActivity: +1s126ms
05-23 15:28:54.482   279  1139 I gralloc : gralloc_unregister_buffer hnd=0xac5bd900, share_fd=101, share_attr_fd=102, magic=51647890, format=1, internal_format=1, byte_stride=960, flags=4, usage=0x900, size=230400, width=240, height=240, internalWidth=240, internalHeight=240, stride=240, base=0xad620000, writeOwner=0, attr_base=0xffffffff, yuv_info=1, fd=-1, buf_idx=0, offset=0, min_pgsz=4096, phyaddr=0
05-23 15:28:54.483   259   434 I gralloc : mali_gralloc_select_format, AFBC is disabled now
05-23 15:28:54.483   259   434 I gralloc : mali_gralloc_select_format: req_format=0x00000001 req_fmt_mapped=0x0 internal_format=0x1 usage=0xb00
05-23 15:28:54.483   260   260 D vndksupport: Loading /vendor/lib/hw/gralloc.sp9832e.so from current namespace instead of sphal namespace.
05-23 15:28:54.483   259   434 I gralloc : gralloc=>alloc, share_fd=8, share_attr_fd=13, magic=51647890, format=1, internal_format=1, byte_stride=960, flags=4, usage=0x2816, size=230400, width=240, height=240, internalWidth=240, internalHeight=240, stride=240, ADP_VSTRIDE=0,base=0xb35f1000, writeOwner=0, attr_base=0xffffffff, yuv_info=1, fd=-1, buf_idx=0, offset=0, min_pgsz=4096, phyaddr=0
05-23 15:28:54.483   260   260 I gralloc : gralloc_register_buffer hnd=0xb47b6d80, share_fd=51, share_attr_fd=52, magic=51647890, format=1, internal_format=1, byte_stride=64, flags=4, usage=0xb00, size=15360, width=5, height=240, internalWidth=5, internalHeight=240, stride=16, base=0xb5309000, writeOwner=0, attr_base=0xffffffff, yuv_info=1, fd=-1, buf_idx=0, offset=0, min_pgsz=4096, phyaddr=0
05-23 15:28:54.484   260   260 I gralloc : gralloc_unregister_buffer hnd=0xb47b6cc0, share_fd=48, share_attr_fd=49, magic=51647890, format=1, internal_format=1, byte_stride=64, flags=4, usage=0xb00, size=15360, width=5, height=240, internalWidth=5, internalHeight=240, stride=16, base=0xb5332000, writeOwner=0, attr_base=0xffffffff, yuv_info=1, fd=-1, buf_idx=0, offset=0, min_pgsz=4096, phyaddr=0
05-23 15:28:54.484   259   434 I gralloc : gralloc=>free hnd=0xb3048000, share_fd=8, share_attr_fd=13, magic=51647890, format=1, internal_format=1, byte_stride=960, flags=4, usage=2816, size=230400, width=240, height=240, internalWidth=240, internalHeight=240, stride=240, base=0xb35f1000, writeOwner=0, attr_base=0xffffffff, yuv_info=1, fd=-1, buf_idx=0, offset=0, min_pgsz=4096, phyaddr=0
05-23 15:28:54.484   279  1139 I gralloc : gralloc_register_buffer hnd=0xac5bd900, share_fd=64, share_attr_fd=101, magic=51647890, format=1, internal_format=1, byte_stride=960, flags=4, usage=0xb00, size=230400, width=240, height=240, internalWidth=240, internalHeight=240, stride=240, base=0xad620000, writeOwner=0, attr_base=0xffffffff, yuv_info=1, fd=-1, buf_idx=0, offset=0, min_pgsz=4096, phyaddr=0
05-23 15:28:54.485   279   279 I gralloc : gralloc_unregister_buffer hnd=0xac5be680, share_fd=106, share_attr_fd=109, magic=51647890, format=1, internal_format=1, byte_stride=64, flags=4, usage=0xb00, size=15360, width=5, height=240, internalWidth=5, internalHeight=240, stride=16, base=0xadaa5000, writeOwner=0, attr_base=0xffffffff, yuv_info=1, fd=-1, buf_idx=0, offset=0, min_pgsz=4096, phyaddr=0
05-23 15:28:54.487   313   650 I gralloc : Registering handle 0xa73bc6c0 coming from the same process
05-23 15:28:54.488   313   650 I gralloc : gralloc_unregister_buffer hnd=0xa73bc780, share_fd=36, share_attr_fd=37, magic=51647890, format=1, internal_format=1, byte_stride=960, flags=4, usage=0x10200, size=230400, width=240, height=240, internalWidth=240, internalHeight=240, stride=240, base=0xa8624000, writeOwner=0, attr_base=0xffffffff, yuv_info=1, fd=-1, buf_idx=0, offset=0, min_pgsz=4096, phyaddr=0
05-23 15:28:54.488 15732 15816 I gralloc : gralloc_register_buffer hnd=0x9fddf380, share_fd=92, share_attr_fd=96, magic=51647890, format=1, internal_format=1, byte_stride=960, flags=4, usage=0xb00, size=230400, width=240, height=240, internalWidth=240, internalHeight=240, stride=240, base=0x9ccf3000, writeOwner=0, attr_base=0xffffffff, yuv_info=1, fd=-1, buf_idx=0, offset=0, min_pgsz=4096, phyaddr=0
05-23 15:28:54.490   279   279 E HWComposer: getLayerReleaseFence: Invalid display
05-23 15:28:54.490   279   279 E HWComposer: getLayerReleaseFence: Invalid display
05-23 15:28:54.491   313  2005 I SPRDAVCEncoder: H264EncStrmEncode[18116] 3ms, in {0xa8624000-0x10070000, 240x240, 5}, out {0xa894e000-150, 1}, wh{0, 0}, xy{0, 0}
05-23 15:28:54.497   598   706 I gralloc : gralloc_unregister_buffer hnd=0x910daf40, share_fd=266, share_attr_fd=267, magic=51647890, format=1, internal_format=1, byte_stride=960, flags=4, usage=0x933, size=230400, width=240, height=240, internalWidth=240, internalHeight=240, stride=240, base=0x91ba2000, writeOwner=48, attr_base=0xffffffff, yuv_info=1, fd=-1, buf_idx=0, offset=0, min_pgsz=4096, phyaddr=0
05-23 15:28:54.497   260   260 I gralloc : gralloc_unregister_buffer hnd=0xb47b69c0, share_fd=32, share_attr_fd=33, magic=51647890, format=1, internal_format=1, byte_stride=960, flags=4, usage=0x933, size=230400, width=240, height=240, internalWidth=240, internalHeight=240, stride=240, base=0xb523a000, writeOwner=0, attr_base=0xffffffff, yuv_info=1, fd=-1, buf_idx=0, offset=0, min_pgsz=4096, phyaddr=0
05-23 15:28:54.498   260   260 D vndksupport: Loading /vendor/lib/hw/gralloc.sp9832e.so from current namespace instead of sphal namespace.
05-23 15:28:54.499   260   260 I gralloc : gralloc_register_buffer hnd=0xb47b69c0, share_fd=39, share_attr_fd=47, magic=51647890, format=1, internal_format=1, byte_stride=960, flags=4, usage=0xb00, size=230400, width=240, height=240, internalWidth=240, internalHeight=240, stride=240, base=0xb523a000, writeOwner=0, attr_base=0xffffffff, yuv_info=1, fd=-1, buf_idx=0, offset=0, min_pgsz=4096, phyaddr=0
05-23 15:28:54.501   313   650 I gralloc : Registering handle 0xa73bc780 coming from the same process
05-23 15:28:54.502   313   650 I gralloc : gralloc_unregister_buffer hnd=0xa73bc840, share_fd=42, share_attr_fd=43, magic=51647890, format=1, internal_format=1, byte_stride=960, flags=4, usage=0x10200, size=230400, width=240, height=240, internalWidth=240, internalHeight=240, stride=240, base=0xa88fa000, writeOwner=0, attr_base=0xffffffff, yuv_info=1, fd=-1, buf_idx=0, offset=0, min_pgsz=4096, phyaddr=0
05-23 15:28:54.503   313  2005 I SPRDAVCEncoder: H264EncStrmEncode[18117] 1ms, in {0xa88fa000-0x10070000, 240x240, 5}, out {0xa894e000-1663, 1}, wh{0, 0}, xy{0, 0}
05-23 15:28:54.504   279   279 E HWComposer: getLayerReleaseFence: Invalid display
05-23 15:28:54.504   279   279 E HWComposer: getLayerReleaseFence: Invalid display
05-23 15:28:54.511   279   279 I gralloc : gralloc_unregister_buffer hnd=0xac5be200, share_fd=63, share_attr_fd=70, magic=51647890, format=1, internal_format=1, byte_stride=960, flags=4, usage=0x933, size=230400, width=240, height=240, internalWidth=240, internalHeight=240, stride=240, base=0xad267000, writeOwner=0, attr_base=0xffffffff, yuv_info=1, fd=-1, buf_idx=0, offset=0, min_pgsz=4096, phyaddr=0
05-23 15:28:54.512   260   260 D vndksupport: Loading /vendor/lib/hw/gralloc.sp9832e.so from current namespace instead of sphal namespace.
05-23 15:28:54.513   260   260 I gralloc : gralloc_register_buffer hnd=0xb47b6cc0, share_fd=49, share_attr_fd=53, magic=51647890, format=1, internal_format=1, byte_stride=960, flags=4, usage=0xb00, size=230400, width=240, height=240, internalWidth=240, internalHeight=240, stride=240, base=0xb4997000, writeOwner=0, attr_base=0xffffffff, yuv_info=1, fd=-1, buf_idx=0, offset=0, min_pgsz=4096, phyaddr=0
05-23 15:28:54.516   313   650 I gralloc : Registering handle 0xa73bc840 coming from the same process
05-23 15:28:54.516   313   650 I gralloc : gralloc_unregister_buffer hnd=0xa73bc900, share_fd=40, share_attr_fd=41, magic=51647890, format=1, internal_format=1, byte_stride=960, flags=4, usage=0x10200, size=230400, width=240, height=240, internalWidth=240, internalHeight=240, stride=240, base=0xa8624000, writeOwner=0, attr_base=0xffffffff, yuv_info=1, fd=-1, buf_idx=0, offset=0, min_pgsz=4096, phyaddr=0
05-23 15:28:54.518   313  2005 I SPRDAVCEncoder: H264EncStrmEncode[18118] 0ms, in {0xa8624000-0x10070000, 240x240, 5}, out {0xa894e000-543, 1}, wh{0, 0}, xy{0, 0}
05-23 15:28:54.518   279   279 E HWComposer: getLayerReleaseFence: Invalid display
05-23 15:28:54.519   279   279 E HWComposer: getLayerReleaseFence: Invalid display
05-23 15:28:54.538   260   260 D vndksupport: Loading /vendor/lib/hw/gralloc.sp9832e.so from current namespace instead of sphal namespace.
05-23 15:28:54.539   260   260 I gralloc : gralloc_register_buffer hnd=0xb47b6e40, share_fd=54, share_attr_fd=55, magic=51647890, format=1, internal_format=1, byte_stride=960, flags=4, usage=0xb00, size=230400, width=240, height=240, internalWidth=240, internalHeight=240, stride=240, base=0xb42a6000, writeOwner=0, attr_base=0xffffffff, yuv_info=1, fd=-1, buf_idx=0, offset=0, min_pgsz=4096, phyaddr=0
05-23 15:28:54.542   313   843 I gralloc : Registering handle 0xa73bc900 coming from the same process
05-23 15:28:54.542   313   843 I gralloc : gralloc_unregister_buffer hnd=0xa73bc600, share_fd=38, share_attr_fd=39, magic=51647890, format=1, internal_format=1, byte_stride=960, flags=4, usage=0x10200, size=230400, width=240, height=240, internalWidth=240, internalHeight=240, stride=240, base=0xa88fa000, writeOwner=0, attr_base=0xffffffff, yuv_info=1, fd=-1, buf_idx=0, offset=0, min_pgsz=4096, phyaddr=0
05-23 15:28:54.549   263   263 D memtrack_sprd: sprd_get_memory, pid:1169, type:1, allocated_records:0, num records:2
05-23 15:28:54.549   263   263 D memtrack_sprd: sprd_get_memory, pid:1169, type:1, allocated_records:2, num records:2
05-23 15:28:54.549   263   263 D memtrack_sprd: sprd_get_memory, pid:1169, type:2, allocated_records:0, num records:2
05-23 15:28:54.549   263   263 D memtrack_sprd: sprd_get_memory, pid:1169, type:2, allocated_records:2, num records:2
05-23 15:28:54.561   313  2005 I SPRDAVCEncoder: H264EncStrmEncode[18119] 0ms, in {0xa88fa000-0x10070000, 240x240, 5}, out {0xa894e000-851, 1}, wh{0, 0}, xy{0, 0}
05-23 15:28:54.562   279   279 E HWComposer: getLayerReleaseFence: Invalid display
05-23 15:28:54.562   279   279 E HWComposer: getLayerReleaseFence: Invalid display
05-23 15:28:54.568   313   843 I gralloc : Registering handle 0xa73bc600 coming from the same process
05-23 15:28:54.569   313   843 I gralloc : gralloc_unregister_buffer hnd=0xa73bc6c0, share_fd=44, share_attr_fd=45, magic=51647890, format=1, internal_format=1, byte_stride=960, flags=4, usage=0x10200, size=230400, width=240, height=240, internalWidth=240, internalHeight=240, stride=240, base=0xa8624000, writeOwner=0, attr_base=0xffffffff, yuv_info=1, fd=-1, buf_idx=0, offset=0, min_pgsz=4096, phyaddr=0
05-23 15:28:54.591   313  2005 I SPRDAVCEncoder: H264EncStrmEncode[18120] 0ms, in {0xa8624000-0x10070000, 240x240, 5}, out {0xa894e000-765, 1}, wh{0, 0}, xy{0, 0}
05-23 15:28:54.592   279   279 E HWComposer: getLayerReleaseFence: Invalid display
05-23 15:28:54.592   279   279 E HWComposer: getLayerReleaseFence: Invalid display
05-23 15:28:54.598   313   843 I gralloc : Registering handle 0xa73bc6c0 coming from the same process
05-23 15:28:54.598   313   843 I gralloc : gralloc_unregister_buffer hnd=0xa73bc780, share_fd=36, share_attr_fd=37, magic=51647890, format=1, internal_format=1, byte_stride=960, flags=4, usage=0x10200, size=230400, width=240, height=240, internalWidth=240, internalHeight=240, stride=240, base=0xa88fa000, writeOwner=0, attr_base=0xffffffff, yuv_info=1, fd=-1, buf_idx=0, offset=0, min_pgsz=4096, phyaddr=0
05-23 15:28:54.608 15822 15822 D ip_monitor-297: 192.168.0.1 dev wlan0 lladdr 34:f7:16:b6:7a:34 STALE
05-23 15:28:54.619   313  2005 I SPRDAVCEncoder: H264EncStrmEncode[18121] 0ms, in {0xa88fa000-0x10070000, 240x240, 5}, out {0xa894e000-829, 1}, wh{0, 0}, xy{0, 0}
05-23 15:28:54.620   279   279 E HWComposer: getLayerReleaseFence: Invalid display
05-23 15:28:54.620   279   279 E HWComposer: getLayerReleaseFence: Invalid display
05-23 15:28:54.625   313   843 I gralloc : Registering handle 0xa73bc780 coming from the same process
05-23 15:28:54.626   313   843 I gralloc : gralloc_unregister_buffer hnd=0xa73bc840, share_fd=42, share_attr_fd=43, magic=51647890, format=1, internal_format=1, byte_stride=960, flags=4, usage=0x10200, size=230400, width=240, height=240, internalWidth=240, internalHeight=240, stride=240, base=0xa8624000, writeOwner=0, attr_base=0xffffffff, yuv_info=1, fd=-1, buf_idx=0, offset=0, min_pgsz=4096, phyaddr=0
05-23 15:28:54.641 15732 15780 I System.out: true
05-23 15:28:54.650   279   279 E HWComposer: getLayerReleaseFence: Invalid display
05-23 15:28:54.650   279   279 E HWComposer: getLayerReleaseFence: Invalid display
05-23 15:28:54.656   313   843 I gralloc : Registering handle 0xa73bc840 coming from the same process
05-23 15:28:54.656   313   843 I gralloc : gralloc_unregister_buffer hnd=0xa73bc900, share_fd=40, share_attr_fd=41, magic=51647890, format=1, internal_format=1, byte_stride=960, flags=4, usage=0x10200, size=230400, width=240, height=240, internalWidth=240, internalHeight=240, stride=240, base=0xa88fa000, writeOwner=0, attr_base=0xffffffff, yuv_info=1, fd=-1, buf_idx=0, offset=0, min_pgsz=4096, phyaddr=0
05-23 15:28:54.657   313  2005 I SPRDAVCEncoder: H264EncStrmEncode[18122] 5ms, in {0xa8624000-0x10070000, 240x240, 5}, out {0xa894e000-1449, 1}, wh{0, 0}, xy{0, 0}
05-23 15:28:54.679 15732 15737 I zygote  : Do partial code cache collection, code=19KB, data=28KB
05-23 15:28:54.682   279   279 E HWComposer: getLayerReleaseFence: Invalid display
05-23 15:28:54.682   279   279 E HWComposer: getLayerReleaseFence: Invalid display
05-23 15:28:54.683   313  2005 I SPRDAVCEncoder: H264EncStrmEncode[18123] 1ms, in {0xa88fa000-0x10070000, 240x240, 5}, out {0xa894e000-716, 1}, wh{0, 0}, xy{0, 0}
05-23 15:28:54.688   313   843 I gralloc : Registering handle 0xa73bc900 coming from the same process
05-23 15:28:54.688   313   843 I gralloc : gralloc_unregister_buffer hnd=0xa73bc600, share_fd=38, share_attr_fd=39, magic=51647890, format=1, internal_format=1, byte_stride=960, flags=4, usage=0x10200, size=230400, width=240, height=240, internalWidth=240, internalHeight=240, stride=240, base=0xa8624000, writeOwner=0, attr_base=0xffffffff, yuv_info=1, fd=-1, buf_idx=0, offset=0, min_pgsz=4096, phyaddr=0
05-23 15:28:54.697 15732 15737 I zygote  : After code cache collection, code=19KB, data=28KB
05-23 15:28:54.697 15732 15737 I zygote  : Increasing code cache capacity to 128KB
05-23 15:28:54.708   313  2005 I SPRDAVCEncoder: H264EncStrmEncode[18124] 0ms, in {0xa8624000-0x10070000, 240x240, 5}, out {0xa894e000-905, 1}, wh{0, 0}, xy{0, 0}
05-23 15:28:54.709   279   279 E HWComposer: getLayerReleaseFence: Invalid display
05-23 15:28:54.709   279   279 E HWComposer: getLayerReleaseFence: Invalid display
05-23 15:28:54.714   313   650 I gralloc : Registering handle 0xa73bc600 coming from the same process
05-23 15:28:54.714   313   650 I gralloc : gralloc_unregister_buffer hnd=0xa73bc6c0, share_fd=44, share_attr_fd=45, magic=51647890, format=1, internal_format=1, byte_stride=960, flags=4, usage=0x10200, size=230400, width=240, height=240, internalWidth=240, internalHeight=240, stride=240, base=0xa88fa000, writeOwner=0, attr_base=0xffffffff, yuv_info=1, fd=-1, buf_idx=0, offset=0, min_pgsz=4096, phyaddr=0
05-23 15:28:54.715 15732 15742 I zygote  : Background concurrent copying GC freed 21820(1304KB) AllocSpace objects, 12(304KB) LOS objects, 24% free, 3MB/5MB, paused 121us total 168.940ms
05-23 15:28:54.735   313  2005 I SPRDAVCEncoder: H264EncStrmEncode[18125] 0ms, in {0xa88fa000-0x10070000, 240x240, 5}, out {0xa894e000-1171, 1}, wh{0, 0}, xy{0, 0}
05-23 15:28:54.736   279   279 E HWComposer: getLayerReleaseFence: Invalid display
05-23 15:28:54.736   279   279 E HWComposer: getLayerReleaseFence: Invalid display
05-23 15:28:54.743   313   650 I gralloc : Registering handle 0xa73bc6c0 coming from the same process
05-23 15:28:54.743   313   650 I gralloc : gralloc_unregister_buffer hnd=0xa73bc780, share_fd=36, share_attr_fd=37, magic=51647890, format=1, internal_format=1, byte_stride=960, flags=4, usage=0x10200, size=230400, width=240, height=240, internalWidth=240, internalHeight=240, stride=240, base=0xa8624000, writeOwner=0, attr_base=0xffffffff, yuv_info=1, fd=-1, buf_idx=0, offset=0, min_pgsz=4096, phyaddr=0
05-23 15:28:54.762   313  2005 I SPRDAVCEncoder: H264EncStrmEncode[18126] 0ms, in {0xa8624000-0x10070000, 240x240, 5}, out {0xa894e000-1124, 1}, wh{0, 0}, xy{0, 0}
05-23 15:28:54.763   279   279 E HWComposer: getLayerReleaseFence: Invalid display
05-23 15:28:54.763   279   279 E HWComposer: getLayerReleaseFence: Invalid display
05-23 15:28:54.768   313   650 I gralloc : Registering handle 0xa73bc780 coming from the same process
05-23 15:28:54.768   313   650 I gralloc : gralloc_unregister_buffer hnd=0xa73bc840, share_fd=42, share_attr_fd=43, magic=51647890, format=1, internal_format=1, byte_stride=960, flags=4, usage=0x10200, size=230400, width=240, height=240, internalWidth=240, internalHeight=240, stride=240, base=0xa88fa000, writeOwner=0, attr_base=0xffffffff, yuv_info=1, fd=-1, buf_idx=0, offset=0, min_pgsz=4096, phyaddr=0
05-23 15:28:54.775   263   263 D memtrack_sprd: sprd_get_memory, pid:1163, type:1, allocated_records:0, num records:2
05-23 15:28:54.775   263   263 D memtrack_sprd: sprd_get_memory, pid:1163, type:1, allocated_records:2, num records:2
05-23 15:28:54.775   263   263 D memtrack_sprd: sprd_get_memory, pid:1163, type:2, allocated_records:0, num records:2
05-23 15:28:54.775   263   263 D memtrack_sprd: sprd_get_memory, pid:1163, type:2, allocated_records:2, num records:2
05-23 15:28:54.791   313  2005 I SPRDAVCEncoder: H264EncStrmEncode[18127] 0ms, in {0xa88fa000-0x10070000, 240x240, 5}, out {0xa894e000-1200, 1}, wh{0, 0}, xy{0, 0}
05-23 15:28:54.792   279   279 E HWComposer: getLayerReleaseFence: Invalid display
05-23 15:28:54.792   279   279 E HWComposer: getLayerReleaseFence: Invalid display
05-23 15:28:54.797   313   650 I gralloc : Registering handle 0xa73bc840 coming from the same process
05-23 15:28:54.797   313   650 I gralloc : gralloc_unregister_buffer hnd=0xa73bc900, share_fd=40, share_attr_fd=41, magic=51647890, format=1, internal_format=1, byte_stride=960, flags=4, usage=0x10200, size=230400, width=240, height=240, internalWidth=240, internalHeight=240, stride=240, base=0xa8624000, writeOwner=0, attr_base=0xffffffff, yuv_info=1, fd=-1, buf_idx=0, offset=0, min_pgsz=4096, phyaddr=0
05-23 15:28:54.820   279   279 E HWComposer: getLayerReleaseFence: Invalid display
05-23 15:28:54.820   279   279 E HWComposer: getLayerReleaseFence: Invalid display
05-23 15:28:54.822   313  2005 I SPRDAVCEncoder: H264EncStrmEncode[18128] 2ms, in {0xa8624000-0x10070000, 240x240, 5}, out {0xa894e000-1250, 1}, wh{0, 0}, xy{0, 0}
05-23 15:28:54.825   313   650 I gralloc : Registering handle 0xa73bc900 coming from the same process
05-23 15:28:54.825   313   650 I gralloc : gralloc_unregister_buffer hnd=0xa73bc600, share_fd=38, share_attr_fd=39, magic=51647890, format=1, internal_format=1, byte_stride=960, flags=4, usage=0x10200, size=230400, width=240, height=240, internalWidth=240, internalHeight=240, stride=240, base=0xa88fa000, writeOwner=0, attr_base=0xffffffff, yuv_info=1, fd=-1, buf_idx=0, offset=0, min_pgsz=4096, phyaddr=0
