05-23 15:33:54.308   279   279 E HWComposer: getLayerReleaseFence: Invalid display
05-23 15:33:54.312   313   650 I gralloc : Registering handle 0xa73bc840 coming from the same process
05-23 15:33:54.313   313   650 I gralloc : gralloc_unregister_buffer hnd=0xa73bc900, share_fd=36, share_attr_fd=37, magic=51647890, format=1, internal_format=1, byte_stride=960, flags=4, usage=0x10200, size=230400, width=240, height=240, internalWidth=240, internalHeight=240, stride=240, base=0xa88fa000, writeOwner=0, attr_base=0xffffffff, yuv_info=1, fd=-1, buf_idx=0, offset=0, min_pgsz=4096, phyaddr=0
05-23 15:33:54.313   263   263 D memtrack_sprd: sprd_get_memory, pid:17117, type:1, allocated_records:0, num records:2
05-23 15:33:54.313   263   263 D memtrack_sprd: sprd_get_memory, pid:17117, type:1, allocated_records:2, num records:2
05-23 15:33:54.313   263   263 D memtrack_sprd: sprd_get_memory, pid:17117, type:2, allocated_records:0, num records:2
05-23 15:33:54.313   263   263 D memtrack_sprd: sprd_get_memory, pid:17117, type:2, allocated_records:2, num records:2
05-23 15:33:54.344   313  2005 I SPRDAVCEncoder: H264EncStrmEncode[27908] 2ms, in {0xa88fa000-0x10070000, 240x240, 5}, out {0xa894e000-299, 1}, wh{0, 0}, xy{0, 0}
05-23 15:33:54.344   279   279 E HWComposer: getLayerReleaseFence: Invalid display
05-23 15:33:54.345   279   279 I chatty  : uid=1000(system) /system/bin/surfaceflinger identical 2 lines
05-23 15:33:54.345   279   279 E HWComposer: getLayerReleaseFence: Invalid display
05-23 15:33:54.352   313   650 I gralloc : Registering handle 0xa73bc900 coming from the same process
05-23 15:33:54.352   313   650 I gralloc : gralloc_unregister_buffer hnd=0xa73bc600, share_fd=38, share_attr_fd=39, magic=51647890, format=1, internal_format=1, byte_stride=960, flags=4, usage=0x10200, size=230400, width=240, height=240, internalWidth=240, internalHeight=240, stride=240, base=0xa8624000, writeOwner=0, attr_base=0xffffffff, yuv_info=1, fd=-1, buf_idx=0, offset=0, min_pgsz=4096, phyaddr=0
05-23 15:33:54.373   279   279 E HWComposer: getLayerReleaseFence: Invalid display
05-23 15:33:54.373   279   279 I chatty  : uid=1000(system) /system/bin/surfaceflinger identical 2 lines
05-23 15:33:54.373   279   279 E HWComposer: getLayerReleaseFence: Invalid display
05-23 15:33:54.374   313  2005 I SPRDAVCEncoder: H264EncStrmEncode[27909] 4ms, in {0xa8624000-0x10070000, 240x240, 5}, out {0xa894e000-299, 1}, wh{0, 0}, xy{0, 0}
05-23 15:33:54.379   313   650 I gralloc : Registering handle 0xa73bc600 coming from the same process
05-23 15:33:54.379   313   650 I gralloc : gralloc_unregister_buffer hnd=0xa73bc6c0, share_fd=44, share_attr_fd=45, magic=51647890, format=1, internal_format=1, byte_stride=960, flags=4, usage=0x10200, size=230400, width=240, height=240, internalWidth=240, internalHeight=240, stride=240, base=0xa88fa000, writeOwner=0, attr_base=0xffffffff, yuv_info=1, fd=-1, buf_idx=0, offset=0, min_pgsz=4096, phyaddr=0
05-23 15:33:54.407   279   279 E HWComposer: getLayerReleaseFence: Invalid display
05-23 15:33:54.407   279   279 I chatty  : uid=1000(system) /system/bin/surfaceflinger identical 2 lines
05-23 15:33:54.407   279   279 E HWComposer: getLayerReleaseFence: Invalid display
05-23 15:33:54.408   313  2005 I SPRDAVCEncoder: H264EncStrmEncode[27910] 1ms, in {0xa88fa000-0x10070000, 240x240, 5}, out {0xa894e000-301, 1}, wh{0, 0}, xy{0, 0}
05-23 15:33:54.412   313   650 I gralloc : Registering handle 0xa73bc6c0 coming from the same process
05-23 15:33:54.413   313   650 I gralloc : gralloc_unregister_buffer hnd=0xa73bc780, share_fd=40, share_attr_fd=41, magic=51647890, format=1, internal_format=1, byte_stride=960, flags=4, usage=0x10200, size=230400, width=240, height=240, internalWidth=240, internalHeight=240, stride=240, base=0xa8624000, writeOwner=0, attr_base=0xffffffff, yuv_info=1, fd=-1, buf_idx=0, offset=0, min_pgsz=4096, phyaddr=0
05-23 15:33:54.442   313  2005 I SPRDAVCEncoder: H264EncStrmEncode[27911] 0ms, in {0xa8624000-0x10070000, 240x240, 5}, out {0xa894e000-293, 1}, wh{0, 0}, xy{0, 0}
05-23 15:33:54.445   279   279 E HWComposer: getLayerReleaseFence: Invalid display
05-23 15:33:54.446   279   279 I chatty  : uid=1000(system) /system/bin/surfaceflinger identical 2 lines
05-23 15:33:54.446   279   279 E HWComposer: getLayerReleaseFence: Invalid display
05-23 15:33:54.448   263   263 D memtrack_sprd: sprd_get_memory, pid:16289, type:1, allocated_records:0, num records:2
05-23 15:33:54.448   263   263 D memtrack_sprd: sprd_get_memory, pid:16289, type:1, allocated_records:2, num records:2
05-23 15:33:54.448   263   263 D memtrack_sprd: sprd_get_memory, pid:16289, type:2, allocated_records:0, num records:2
05-23 15:33:54.448   263   263 D memtrack_sprd: sprd_get_memory, pid:16289, type:2, allocated_records:2, num records:2
05-23 15:33:54.451   313   650 I gralloc : Registering handle 0xa73bc780 coming from the same process
05-23 15:33:54.451   313   650 I gralloc : gralloc_unregister_buffer hnd=0xa73bc840, share_fd=42, share_attr_fd=43, magic=51647890, format=1, internal_format=1, byte_stride=960, flags=4, usage=0x10200, size=230400, width=240, height=240, internalWidth=240, internalHeight=240, stride=240, base=0xa88fa000, writeOwner=0, attr_base=0xffffffff, yuv_info=1, fd=-1, buf_idx=0, offset=0, min_pgsz=4096, phyaddr=0
05-23 15:33:54.477   313  2005 I SPRDAVCEncoder: H264EncStrmEncode[27912] 1ms, in {0xa88fa000-0x10070000, 240x240, 5}, out {0xa894e000-300, 1}, wh{0, 0}, xy{0, 0}
05-23 15:33:54.479   279   279 E HWComposer: getLayerReleaseFence: Invalid display
05-23 15:33:54.479   279   279 I chatty  : uid=1000(system) /system/bin/surfaceflinger identical 2 lines
05-23 15:33:54.479   279   279 E HWComposer: getLayerReleaseFence: Invalid display
05-23 15:33:54.484   313   650 I gralloc : Registering handle 0xa73bc840 coming from the same process
05-23 15:33:54.484   313   650 I gralloc : gralloc_unregister_buffer hnd=0xa73bc900, share_fd=36, share_attr_fd=37, magic=51647890, format=1, internal_format=1, byte_stride=960, flags=4, usage=0x10200, size=230400, width=240, height=240, internalWidth=240, internalHeight=240, stride=240, base=0xa8624000, writeOwner=0, attr_base=0xffffffff, yuv_info=1, fd=-1, buf_idx=0, offset=0, min_pgsz=4096, phyaddr=0
05-23 15:33:54.501   279   279 E HWComposer: getLayerReleaseFence: Invalid display
05-23 15:33:54.501   279   279 I chatty  : uid=1000(system) /system/bin/surfaceflinger identical 2 lines
05-23 15:33:54.501   279   279 E HWComposer: getLayerReleaseFence: Invalid display
05-23 15:33:54.503   313  2005 I SPRDAVCEncoder: H264EncStrmEncode[27913] 1ms, in {0xa8624000-0x10070000, 240x240, 5}, out {0xa894e000-300, 1}, wh{0, 0}, xy{0, 0}
05-23 15:33:54.507   313   650 I gralloc : Registering handle 0xa73bc900 coming from the same process
05-23 15:33:54.507   313   650 I gralloc : gralloc_unregister_buffer hnd=0xa73bc600, share_fd=38, share_attr_fd=39, magic=51647890, format=1, internal_format=1, byte_stride=960, flags=4, usage=0x10200, size=230400, width=240, height=240, internalWidth=240, internalHeight=240, stride=240, base=0xa88fa000, writeOwner=0, attr_base=0xffffffff, yuv_info=1, fd=-1, buf_idx=0, offset=0, min_pgsz=4096, phyaddr=0
05-23 15:33:54.529   279   279 E HWComposer: getLayerReleaseFence: Invalid display
05-23 15:33:54.529   279   279 I chatty  : uid=1000(system) /system/bin/surfaceflinger identical 2 lines
05-23 15:33:54.529   279   279 E HWComposer: getLayerReleaseFence: Invalid display
05-23 15:33:54.530   313  2005 I SPRDAVCEncoder: H264EncStrmEncode[27914] 2ms, in {0xa88fa000-0x10070000, 240x240, 5}, out {0xa894e000-299, 1}, wh{0, 0}, xy{0, 0}
05-23 15:33:54.537   313   650 I gralloc : Registering handle 0xa73bc600 coming from the same process
05-23 15:33:54.537   313   650 I gralloc : gralloc_unregister_buffer hnd=0xa73bc6c0, share_fd=44, share_attr_fd=45, magic=51647890, format=1, internal_format=1, byte_stride=960, flags=4, usage=0x10200, size=230400, width=240, height=240, internalWidth=240, internalHeight=240, stride=240, base=0xa8624000, writeOwner=0, attr_base=0xffffffff, yuv_info=1, fd=-1, buf_idx=0, offset=0, min_pgsz=4096, phyaddr=0
05-23 15:33:54.558   279   279 E HWComposer: getLayerReleaseFence: Invalid display
05-23 15:33:54.558   279   279 I chatty  : uid=1000(system) /system/bin/surfaceflinger identical 2 lines
05-23 15:33:54.558   279   279 E HWComposer: getLayerReleaseFence: Invalid display
05-23 15:33:54.559   313  2005 I SPRDAVCEncoder: H264EncStrmEncode[27915] 3ms, in {0xa8624000-0x10070000, 240x240, 5}, out {0xa894e000-298, 1}, wh{0, 0}, xy{0, 0}
05-23 15:33:54.565   313   650 I gralloc : Registering handle 0xa73bc6c0 coming from the same process
05-23 15:33:54.566   313   650 I gralloc : gralloc_unregister_buffer hnd=0xa73bc780, share_fd=40, share_attr_fd=41, magic=51647890, format=1, internal_format=1, byte_stride=960, flags=4, usage=0x10200, size=230400, width=240, height=240, internalWidth=240, internalHeight=240, stride=240, base=0xa88fa000, writeOwner=0, attr_base=0xffffffff, yuv_info=1, fd=-1, buf_idx=0, offset=0, min_pgsz=4096, phyaddr=0
05-23 15:33:54.585   263   263 D memtrack_sprd: sprd_get_memory, pid:1323, type:1, allocated_records:0, num records:2
05-23 15:33:54.585   263   263 D memtrack_sprd: sprd_get_memory, pid:1323, type:1, allocated_records:2, num records:2
05-23 15:33:54.585   263   263 D memtrack_sprd: sprd_get_memory, pid:1323, type:2, allocated_records:0, num records:2
05-23 15:33:54.585   263   263 D memtrack_sprd: sprd_get_memory, pid:1323, type:2, allocated_records:2, num records:2
05-23 15:33:54.592   279   279 E HWComposer: getLayerReleaseFence: Invalid display
05-23 15:33:54.592   279   279 I chatty  : uid=1000(system) /system/bin/surfaceflinger identical 2 lines
05-23 15:33:54.592   279   279 E HWComposer: getLayerReleaseFence: Invalid display
05-23 15:33:54.595   313  2005 I SPRDAVCEncoder: H264EncStrmEncode[27916] 2ms, in {0xa88fa000-0x10070000, 240x240, 5}, out {0xa894e000-299, 1}, wh{0, 0}, xy{0, 0}
05-23 15:33:54.599   313   650 I gralloc : Registering handle 0xa73bc780 coming from the same process
05-23 15:33:54.599   313   650 I gralloc : gralloc_unregister_buffer hnd=0xa73bc840, share_fd=42, share_attr_fd=43, magic=51647890, format=1, internal_format=1, byte_stride=960, flags=4, usage=0x10200, size=230400, width=240, height=240, internalWidth=240, internalHeight=240, stride=240, base=0xa8624000, writeOwner=0, attr_base=0xffffffff, yuv_info=1, fd=-1, buf_idx=0, offset=0, min_pgsz=4096, phyaddr=0
05-23 15:33:54.615   279   279 E HWComposer: getLayerReleaseFence: Invalid display
05-23 15:33:54.615   279   279 I chatty  : uid=1000(system) /system/bin/surfaceflinger identical 2 lines
05-23 15:33:54.615   279   279 E HWComposer: getLayerReleaseFence: Invalid display
05-23 15:33:54.615   313  2005 I SPRDAVCEncoder: H264EncStrmEncode[27917] 2ms, in {0xa8624000-0x10070000, 240x240, 5}, out {0xa894e000-299, 1}, wh{0, 0}, xy{0, 0}
05-23 15:33:54.620   313   650 I gralloc : Registering handle 0xa73bc840 coming from the same process
05-23 15:33:54.620   313   650 I gralloc : gralloc_unregister_buffer hnd=0xa73bc900, share_fd=36, share_attr_fd=37, magic=51647890, format=1, internal_format=1, byte_stride=960, flags=4, usage=0x10200, size=230400, width=240, height=240, internalWidth=240, internalHeight=240, stride=240, base=0xa88fa000, writeOwner=0, attr_base=0xffffffff, yuv_info=1, fd=-1, buf_idx=0, offset=0, min_pgsz=4096, phyaddr=0
05-23 15:33:54.648   279   279 E HWComposer: getLayerReleaseFence: Invalid display
05-23 15:33:54.648   279   279 I chatty  : uid=1000(system) /system/bin/surfaceflinger identical 2 lines
05-23 15:33:54.648   279   279 E HWComposer: getLayerReleaseFence: Invalid display
05-23 15:33:54.653   313  2005 I SPRDAVCEncoder: H264EncStrmEncode[27918] 2ms, in {0xa88fa000-0x10070000, 240x240, 5}, out {0xa894e000-299, 1}, wh{0, 0}, xy{0, 0}
05-23 15:33:54.654   313   650 I gralloc : Registering handle 0xa73bc900 coming from the same process
05-23 15:33:54.654   313   650 I gralloc : gralloc_unregister_buffer hnd=0xa73bc600, share_fd=38, share_attr_fd=39, magic=51647890, format=1, internal_format=1, byte_stride=960, flags=4, usage=0x10200, size=230400, width=240, height=240, internalWidth=240, internalHeight=240, stride=240, base=0xa8624000, writeOwner=0, attr_base=0xffffffff, yuv_info=1, fd=-1, buf_idx=0, offset=0, min_pgsz=4096, phyaddr=0
05-23 15:33:54.681   279   279 E HWComposer: getLayerReleaseFence: Invalid display
05-23 15:33:54.681   279   279 I chatty  : uid=1000(system) /system/bin/surfaceflinger identical 2 lines
05-23 15:33:54.681   279   279 E HWComposer: getLayerReleaseFence: Invalid display
05-23 15:33:54.682   313  2005 I SPRDAVCEncoder: H264EncStrmEncode[27919] 3ms, in {0xa8624000-0x10070000, 240x240, 5}, out {0xa894e000-299, 1}, wh{0, 0}, xy{0, 0}
05-23 15:33:54.688   313   650 I gralloc : Registering handle 0xa73bc600 coming from the same process
05-23 15:33:54.688   313   650 I gralloc : gralloc_unregister_buffer hnd=0xa73bc6c0, share_fd=44, share_attr_fd=45, magic=51647890, format=1, internal_format=1, byte_stride=960, flags=4, usage=0x10200, size=230400, width=240, height=240, internalWidth=240, internalHeight=240, stride=240, base=0xa88fa000, writeOwner=0, attr_base=0xffffffff, yuv_info=1, fd=-1, buf_idx=0, offset=0, min_pgsz=4096, phyaddr=0
05-23 15:33:54.710   263   263 D memtrack_sprd: sprd_get_memory, pid:1188, type:1, allocated_records:0, num records:2
05-23 15:33:54.710   263   263 D memtrack_sprd: sprd_get_memory, pid:1188, type:1, allocated_records:2, num records:2
05-23 15:33:54.710   263   263 D memtrack_sprd: sprd_get_memory, pid:1188, type:2, allocated_records:0, num records:2
05-23 15:33:54.710   263   263 D memtrack_sprd: sprd_get_memory, pid:1188, type:2, allocated_records:2, num records:2
05-23 15:33:54.714   313  2005 I SPRDAVCEncoder: H264EncStrmEncode[27920] 0ms, in {0xa88fa000-0x10070000, 240x240, 5}, out {0xa894e000-300, 1}, wh{0, 0}, xy{0, 0}
05-23 15:33:54.717   279   279 E HWComposer: getLayerReleaseFence: Invalid display
05-23 15:33:54.717   279   279 I chatty  : uid=1000(system) /system/bin/surfaceflinger identical 2 lines
05-23 15:33:54.717   279   279 E HWComposer: getLayerReleaseFence: Invalid display
05-23 15:33:54.722   313   650 I gralloc : Registering handle 0xa73bc6c0 coming from the same process
05-23 15:33:54.723   313   650 I gralloc : gralloc_unregister_buffer hnd=0xa73bc780, share_fd=40, share_attr_fd=41, magic=51647890, format=1, internal_format=1, byte_stride=960, flags=4, usage=0x10200, size=230400, width=240, height=240, internalWidth=240, internalHeight=240, stride=240, base=0xa8624000, writeOwner=0, attr_base=0xffffffff, yuv_info=1, fd=-1, buf_idx=0, offset=0, min_pgsz=4096, phyaddr=0
05-23 15:33:54.743   313  2005 I SPRDAVCEncoder: H264EncStrmEncode[27921] 1ms, in {0xa8624000-0x10070000, 240x240, 5}, out {0xa894e000-298, 1}, wh{0, 0}, xy{0, 0}
05-23 15:33:54.746   279   279 E HWComposer: getLayerReleaseFence: Invalid display
05-23 15:33:54.747   279   279 I chatty  : uid=1000(system) /system/bin/surfaceflinger identical 2 lines
05-23 15:33:54.747   279   279 E HWComposer: getLayerReleaseFence: Invalid display
05-23 15:33:54.759   313   650 I gralloc : Registering handle 0xa73bc780 coming from the same process
05-23 15:33:54.759   313   650 I gralloc : gralloc_unregister_buffer hnd=0xa73bc840, share_fd=42, share_attr_fd=43, magic=51647890, format=1, internal_format=1, byte_stride=960, flags=4, usage=0x10200, size=230400, width=240, height=240, internalWidth=240, internalHeight=240, stride=240, base=0xa88fa000, writeOwner=0, attr_base=0xffffffff, yuv_info=1, fd=-1, buf_idx=0, offset=0, min_pgsz=4096, phyaddr=0
05-23 15:33:54.773   279   279 E HWComposer: getLayerReleaseFence: Invalid display
05-23 15:33:54.774   279   279 I chatty  : uid=1000(system) /system/bin/surfaceflinger identical 2 lines
05-23 15:33:54.774   279   279 E HWComposer: getLayerReleaseFence: Invalid display
05-23 15:33:54.775   313  2005 I SPRDAVCEncoder: H264EncStrmEncode[27922] 3ms, in {0xa88fa000-0x10070000, 240x240, 5}, out {0xa894e000-291, 1}, wh{0, 0}, xy{0, 0}
05-23 15:33:54.780   313   650 I gralloc : Registering handle 0xa73bc840 coming from the same process
05-23 15:33:54.781   313   650 I gralloc : gralloc_unregister_buffer hnd=0xa73bc900, share_fd=36, share_attr_fd=37, magic=51647890, format=1, internal_format=1, byte_stride=960, flags=4, usage=0x10200, size=230400, width=240, height=240, internalWidth=240, internalHeight=240, stride=240, base=0xa8624000, writeOwner=0, attr_base=0xffffffff, yuv_info=1, fd=-1, buf_idx=0, offset=0, min_pgsz=4096, phyaddr=0
05-23 15:33:54.805   313  2005 I SPRDAVCEncoder: H264EncStrmEncode[27923] 2ms, in {0xa8624000-0x10070000, 240x240, 5}, out {0xa894e000-291, 1}, wh{0, 0}, xy{0, 0}
05-23 15:33:54.807   279   279 E HWComposer: getLayerReleaseFence: Invalid display
05-23 15:33:54.807   279   279 I chatty  : uid=1000(system) /system/bin/surfaceflinger identical 2 lines
05-23 15:33:54.807   279   279 E HWComposer: getLayerReleaseFence: Invalid display
05-23 15:33:54.812   313   650 I gralloc : Registering handle 0xa73bc900 coming from the same process
05-23 15:33:54.812   313   650 I gralloc : gralloc_unregister_buffer hnd=0xa73bc600, share_fd=38, share_attr_fd=39, magic=51647890, format=1, internal_format=1, byte_stride=960, flags=4, usage=0x10200, size=230400, width=240, height=240, internalWidth=240, internalHeight=240, stride=240, base=0xa88fa000, writeOwner=0, attr_base=0xffffffff, yuv_info=1, fd=-1, buf_idx=0, offset=0, min_pgsz=4096, phyaddr=0
05-23 15:33:54.831   279   279 E HWComposer: getLayerReleaseFence: Invalid display
05-23 15:33:54.831   279   279 I chatty  : uid=1000(system) /system/bin/surfaceflinger identical 2 lines
05-23 15:33:54.831   279   279 E HWComposer: getLayerReleaseFence: Invalid display
05-23 15:33:54.831   313  2005 I SPRDAVCEncoder: H264EncStrmEncode[27924] 3ms, in {0xa88fa000-0x10070000, 240x240, 5}, out {0xa894e000-291, 1}, wh{0, 0}, xy{0, 0}
05-23 15:33:54.838   313   843 I gralloc : Registering handle 0xa73bc600 coming from the same process
05-23 15:33:54.838   263   263 D memtrack_sprd: sprd_get_memory, pid:1169, type:1, allocated_records:0, num records:2
05-23 15:33:54.838   263   263 D memtrack_sprd: sprd_get_memory, pid:1169, type:1, allocated_records:2, num records:2
05-23 15:33:54.838   313   843 I gralloc : gralloc_unregister_buffer hnd=0xa73bc6c0, share_fd=44, share_attr_fd=45, magic=51647890, format=1, internal_format=1, byte_stride=960, flags=4, usage=0x10200, size=230400, width=240, height=240, internalWidth=240, internalHeight=240, stride=240, base=0xa8624000, writeOwner=0, attr_base=0xffffffff, yuv_info=1, fd=-1, buf_idx=0, offset=0, min_pgsz=4096, phyaddr=0
05-23 15:33:54.839   263   263 D memtrack_sprd: sprd_get_memory, pid:1169, type:2, allocated_records:0, num records:2
05-23 15:33:54.839   263   263 D memtrack_sprd: sprd_get_memory, pid:1169, type:2, allocated_records:2, num records:2
05-23 15:33:54.859   279   279 E HWComposer: getLayerReleaseFence: Invalid display
05-23 15:33:54.859   279   279 I chatty  : uid=1000(system) /system/bin/surfaceflinger identical 2 lines
05-23 15:33:54.859   279   279 E HWComposer: getLayerReleaseFence: Invalid display
05-23 15:33:54.862   313  2005 I SPRDAVCEncoder: H264EncStrmEncode[27925] 3ms, in {0xa8624000-0x10070000, 240x240, 5}, out {0xa894e000-291, 1}, wh{0, 0}, xy{0, 0}
05-23 15:33:54.868   313   650 I gralloc : Registering handle 0xa73bc6c0 coming from the same process
05-23 15:33:54.869   313   650 I gralloc : gralloc_unregister_buffer hnd=0xa73bc780, share_fd=40, share_attr_fd=41, magic=51647890, format=1, internal_format=1, byte_stride=960, flags=4, usage=0x10200, size=230400, width=240, height=240, internalWidth=240, internalHeight=240, stride=240, base=0xa88fa000, writeOwner=0, attr_base=0xffffffff, yuv_info=1, fd=-1, buf_idx=0, offset=0, min_pgsz=4096, phyaddr=0
05-23 15:33:54.869   799   900 I sysui_multi_action: [757,1093,758,4,793,1005,1094,605552640,1095,4]
05-23 15:33:54.888   279   279 E HWComposer: getLayerReleaseFence: Invalid display
05-23 15:33:54.888   279   279 I chatty  : uid=1000(system) /system/bin/surfaceflinger identical 2 lines
05-23 15:33:54.888   279   279 E HWComposer: getLayerReleaseFence: Invalid display
05-23 15:33:54.890   313  2005 I SPRDAVCEncoder: H264EncStrmEncode[27926] 3ms, in {0xa88fa000-0x10070000, 240x240, 5}, out {0xa894e000-291, 1}, wh{0, 0}, xy{0, 0}
05-23 15:33:54.896   313   650 I gralloc : Registering handle 0xa73bc780 coming from the same process
05-23 15:33:54.896   313   650 I gralloc : gralloc_unregister_buffer hnd=0xa73bc840, share_fd=42, share_attr_fd=43, magic=51647890, format=1, internal_format=1, byte_stride=960, flags=4, usage=0x10200, size=230400, width=240, height=240, internalWidth=240, internalHeight=240, stride=240, base=0xa8624000, writeOwner=0, attr_base=0xffffffff, yuv_info=1, fd=-1, buf_idx=0, offset=0, min_pgsz=4096, phyaddr=0
05-23 15:33:54.917   279   279 E HWComposer: getLayerReleaseFence: Invalid display
05-23 15:33:54.917   279   279 I chatty  : uid=1000(system) /system/bin/surfaceflinger identical 2 lines
05-23 15:33:54.917   279   279 E HWComposer: getLayerReleaseFence: Invalid display
05-23 15:33:54.917   313  2005 I SPRDAVCEncoder: H264EncStrmEncode[27927] 1ms, in {0xa8624000-0x10070000, 240x240, 5}, out {0xa894e000-291, 1}, wh{0, 0}, xy{0, 0}
05-23 15:33:54.924   313   650 I gralloc : Registering handle 0xa73bc840 coming from the same process
05-23 15:33:54.925   313   650 I gralloc : gralloc_unregister_buffer hnd=0xa73bc900, share_fd=36, share_attr_fd=37, magic=51647890, format=1, internal_format=1, byte_stride=960, flags=4, usage=0x10200, size=230400, width=240, height=240, internalWidth=240, internalHeight=240, stride=240, base=0xa88fa000, writeOwner=0, attr_base=0xffffffff, yuv_info=1, fd=-1, buf_idx=0, offset=0, min_pgsz=4096, phyaddr=0
05-23 15:33:54.946   279   279 E HWComposer: getLayerReleaseFence: Invalid display
05-23 15:33:54.946   279   279 I chatty  : uid=1000(system) /system/bin/surfaceflinger identical 2 lines
05-23 15:33:54.946   279   279 E HWComposer: getLayerReleaseFence: Invalid display
05-23 15:33:54.947   313  2005 I SPRDAVCEncoder: H264EncStrmEncode[27928] 3ms, in {0xa88fa000-0x10070000, 240x240, 5}, out {0xa894e000-291, 1}, wh{0, 0}, xy{0, 0}
05-23 15:33:54.953   313   650 I gralloc : Registering handle 0xa73bc900 coming from the same process
05-23 15:33:54.953   313   650 I gralloc : gralloc_unregister_buffer hnd=0xa73bc600, share_fd=38, share_attr_fd=39, magic=51647890, format=1, internal_format=1, byte_stride=960, flags=4, usage=0x10200, size=230400, width=240, height=240, internalWidth=240, internalHeight=240, stride=240, base=0xa8624000, writeOwner=0, attr_base=0xffffffff, yuv_info=1, fd=-1, buf_idx=0, offset=0, min_pgsz=4096, phyaddr=0
05-23 15:33:54.964   263   263 D memtrack_sprd: sprd_get_memory, pid:1163, type:1, allocated_records:0, num records:2
05-23 15:33:54.964   263   263 D memtrack_sprd: sprd_get_memory, pid:1163, type:1, allocated_records:2, num records:2
05-23 15:33:54.964   263   263 D memtrack_sprd: sprd_get_memory, pid:1163, type:2, allocated_records:0, num records:2
05-23 15:33:54.964   263   263 D memtrack_sprd: sprd_get_memory, pid:1163, type:2, allocated_records:2, num records:2
05-23 15:33:54.973   313  2005 I SPRDAVCEncoder: H264EncStrmEncode[27929] 0ms, in {0xa8624000-0x10070000, 240x240, 5}, out {0xa894e000-291, 1}, wh{0, 0}, xy{0, 0}
05-23 15:33:54.976   279   279 E HWComposer: getLayerReleaseFence: Invalid display
05-23 15:33:54.976   279   279 I chatty  : uid=1000(system) /system/bin/surfaceflinger identical 2 lines
05-23 15:33:54.976   279   279 E HWComposer: getLayerReleaseFence: Invalid display
05-23 15:33:54.981   313   650 I gralloc : Registering handle 0xa73bc600 coming from the same process
05-23 15:33:54.982   313   650 I gralloc : gralloc_unregister_buffer hnd=0xa73bc6c0, share_fd=44, share_attr_fd=45, magic=51647890, format=1, internal_format=1, byte_stride=960, flags=4, usage=0x10200, size=230400, width=240, height=240, internalWidth=240, internalHeight=240, stride=240, base=0xa88fa000, writeOwner=0, attr_base=0xffffffff, yuv_info=1, fd=-1, buf_idx=0, offset=0, min_pgsz=4096, phyaddr=0
05-23 15:33:55.007   313  2005 I SPRDAVCEncoder: H264EncStrmEncode[27930] 0ms, in {0xa88fa000-0x10070000, 240x240, 5}, out {0xa894e000-291, 1}, wh{0, 0}, xy{0, 0}
05-23 15:33:55.009   279   279 E HWComposer: getLayerReleaseFence: Invalid display
05-23 15:33:55.009   279   279 I chatty  : uid=1000(system) /system/bin/surfaceflinger identical 2 lines
05-23 15:33:55.009   279   279 E HWComposer: getLayerReleaseFence: Invalid display
05-23 15:33:55.017   313   650 I gralloc : Registering handle 0xa73bc6c0 coming from the same process
05-23 15:33:55.017   313   650 I gralloc : gralloc_unregister_buffer hnd=0xa73bc780, share_fd=40, share_attr_fd=41, magic=51647890, format=1, internal_format=1, byte_stride=960, flags=4, usage=0x10200, size=230400, width=240, height=240, internalWidth=240, internalHeight=240, stride=240, base=0xa8624000, writeOwner=0, attr_base=0xffffffff, yuv_info=1, fd=-1, buf_idx=0, offset=0, min_pgsz=4096, phyaddr=0
05-23 15:33:55.033   598   739 D WifiNetworkMonitor: EVENT_WIFI_RSSI_CHANGED
05-23 15:33:55.033   598   739 E WifiNetworkMonitor: Not any Obervers!!!
05-23 15:33:55.043   313  2005 I SPRDAVCEncoder: H264EncStrmEncode[27931] 0ms, in {0xa8624000-0x10070000, 240x240, 5}, out {0xa894e000-291, 1}, wh{0, 0}, xy{0, 0}
05-23 15:33:55.045   279   279 E HWComposer: getLayerReleaseFence: Invalid display
05-23 15:33:55.045   279   279 I chatty  : uid=1000(system) /system/bin/surfaceflinger identical 2 lines
05-23 15:33:55.045   279   279 E HWComposer: getLayerReleaseFence: Invalid display
05-23 15:33:55.052   313   650 I gralloc : Registering handle 0xa73bc780 coming from the same process
05-23 15:33:55.052   313   650 I gralloc : gralloc_unregister_buffer hnd=0xa73bc840, share_fd=42, share_attr_fd=43, magic=51647890, format=1, internal_format=1, byte_stride=960, flags=4, usage=0x10200, size=230400, width=240, height=240, internalWidth=240, internalHeight=240, stride=240, base=0xa88fa000, writeOwner=0, attr_base=0xffffffff, yuv_info=1, fd=-1, buf_idx=0, offset=0, min_pgsz=4096, phyaddr=0
05-23 15:33:55.076   313  2005 I SPRDAVCEncoder: H264EncStrmEncode[27932] 0ms, in {0xa88fa000-0x10070000, 240x240, 5}, out {0xa894e000-291, 1}, wh{0, 0}, xy{0, 0}
05-23 15:33:55.077   279   279 E HWComposer: getLayerReleaseFence: Invalid display
05-23 15:33:55.077   279   279 I chatty  : uid=1000(system) /system/bin/surfaceflinger identical 2 lines
05-23 15:33:55.077   279   279 E HWComposer: getLayerReleaseFence: Invalid display
05-23 15:33:55.083   313   843 I gralloc : Registering handle 0xa73bc840 coming from the same process
05-23 15:33:55.083   313   843 I gralloc : gralloc_unregister_buffer hnd=0xa73bc900, share_fd=36, share_attr_fd=37, magic=51647890, format=1, internal_format=1, byte_stride=960, flags=4, usage=0x10200, size=230400, width=240, height=240, internalWidth=240, internalHeight=240, stride=240, base=0xa8624000, writeOwner=0, attr_base=0xffffffff, yuv_info=1, fd=-1, buf_idx=0, offset=0, min_pgsz=4096, phyaddr=0
05-23 15:33:55.100   263   263 D memtrack_sprd: sprd_get_memory, pid:1045, type:1, allocated_records:0, num records:2
05-23 15:33:55.100   263   263 D memtrack_sprd: sprd_get_memory, pid:1045, type:1, allocated_records:2, num records:2
05-23 15:33:55.100   263   263 D memtrack_sprd: sprd_get_memory, pid:1045, type:2, allocated_records:0, num records:2
05-23 15:33:55.100   263   263 D memtrack_sprd: sprd_get_memory, pid:1045, type:2, allocated_records:2, num records:2
05-23 15:33:55.102   313  2005 I SPRDAVCEncoder: H264EncStrmEncode[27933] 1ms, in {0xa8624000-0x10070000, 240x240, 5}, out {0xa894e000-291, 1}, wh{0, 0}, xy{0, 0}
05-23 15:33:55.103   279   279 E HWComposer: getLayerReleaseFence: Invalid display
05-23 15:33:55.103   279   279 I chatty  : uid=1000(system) /system/bin/surfaceflinger identical 2 lines
05-23 15:33:55.103   279   279 E HWComposer: getLayerReleaseFence: Invalid display
05-23 15:33:55.109   313   843 I gralloc : Registering handle 0xa73bc900 coming from the same process
05-23 15:33:55.109   313   843 I gralloc : gralloc_unregister_buffer hnd=0xa73bc600, share_fd=38, share_attr_fd=39, magic=51647890, format=1, internal_format=1, byte_stride=960, flags=4, usage=0x10200, size=230400, width=240, height=240, internalWidth=240, internalHeight=240, stride=240, base=0xa88fa000, writeOwner=0, attr_base=0xffffffff, yuv_info=1, fd=-1, buf_idx=0, offset=0, min_pgsz=4096, phyaddr=0
05-23 15:33:55.129   313  2005 I SPRDAVCEncoder: H264EncStrmEncode[27934] 0ms, in {0xa88fa000-0x10070000, 240x240, 5}, out {0xa894e000-291, 1}, wh{0, 0}, xy{0, 0}
05-23 15:33:55.132   279   279 E HWComposer: getLayerReleaseFence: Invalid display
05-23 15:33:55.132   279   279 I chatty  : uid=1000(system) /system/bin/surfaceflinger identical 2 lines
05-23 15:33:55.132   279   279 E HWComposer: getLayerReleaseFence: Invalid display
05-23 15:33:55.139   313   843 I gralloc : Registering handle 0xa73bc600 coming from the same process
05-23 15:33:55.139   313   843 I gralloc : gralloc_unregister_buffer hnd=0xa73bc6c0, share_fd=44, share_attr_fd=45, magic=51647890, format=1, internal_format=1, byte_stride=960, flags=4, usage=0x10200, size=230400, width=240, height=240, internalWidth=240, internalHeight=240, stride=240, base=0xa8624000, writeOwner=0, attr_base=0xffffffff, yuv_info=1, fd=-1, buf_idx=0, offset=0, min_pgsz=4096, phyaddr=0
05-23 15:33:55.158   313  2005 I SPRDAVCEncoder: H264EncStrmEncode[27935] 0ms, in {0xa8624000-0x10070000, 240x240, 5}, out {0xa894e000-291, 1}, wh{0, 0}, xy{0, 0}
05-23 15:33:55.161   279   279 E HWComposer: getLayerReleaseFence: Invalid display
05-23 15:33:55.162   279   279 I chatty  : uid=1000(system) /system/bin/surfaceflinger identical 2 lines
05-23 15:33:55.162   279   279 E HWComposer: getLayerReleaseFence: Invalid display
05-23 15:33:55.169   313   843 I gralloc : Registering handle 0xa73bc6c0 coming from the same process
05-23 15:33:55.169   313   843 I gralloc : gralloc_unregister_buffer hnd=0xa73bc780, share_fd=40, share_attr_fd=41, magic=51647890, format=1, internal_format=1, byte_stride=960, flags=4, usage=0x10200, size=230400, width=240, height=240, internalWidth=240, internalHeight=240, stride=240, base=0xa88fa000, writeOwner=0, attr_base=0xffffffff, yuv_info=1, fd=-1, buf_idx=0, offset=0, min_pgsz=4096, phyaddr=0
05-23 15:33:55.188   313  2005 I SPRDAVCEncoder: H264EncStrmEncode[27936] 0ms, in {0xa88fa000-0x10070000, 240x240, 5}, out {0xa894e000-291, 1}, wh{0, 0}, xy{0, 0}
05-23 15:33:55.191   279   279 E HWComposer: getLayerReleaseFence: Invalid display
05-23 15:33:55.192   279   279 I chatty  : uid=1000(system) /system/bin/surfaceflinger identical 2 lines
05-23 15:33:55.192   279   279 E HWComposer: getLayerReleaseFence: Invalid display
05-23 15:33:55.198   313   843 I gralloc : Registering handle 0xa73bc780 coming from the same process
05-23 15:33:55.199   313   843 I gralloc : gralloc_unregister_buffer hnd=0xa73bc840, share_fd=42, share_attr_fd=43, magic=51647890, format=1, internal_format=1, byte_stride=960, flags=4, usage=0x10200, size=230400, width=240, height=240, internalWidth=240, internalHeight=240, stride=240, base=0xa8624000, writeOwner=0, attr_base=0xffffffff, yuv_info=1, fd=-1, buf_idx=0, offset=0, min_pgsz=4096, phyaddr=0
05-23 15:33:55.200   598   607 I zygote  : Background concurrent copying GC freed 26989(1484KB) AllocSpace objects, 36(720KB) LOS objects, 19% free, 9MB/11MB, paused 426us total 167.637ms
05-23 15:33:55.217   279   279 E HWComposer: getLayerReleaseFence: Invalid display
05-23 15:33:55.217   279   279 I chatty  : uid=1000(system) /system/bin/surfaceflinger identical 2 lines
05-23 15:33:55.217   279   279 E HWComposer: getLayerReleaseFence: Invalid display
05-23 15:33:55.219   313  2005 I SPRDAVCEncoder: H264EncStrmEncode[27937] 3ms, in {0xa8624000-0x10070000, 240x240, 5}, out {0xa894e000-291, 1}, wh{0, 0}, xy{0, 0}
05-23 15:33:55.224   313   650 I gralloc : Registering handle 0xa73bc840 coming from the same process
05-23 15:33:55.225   313   650 I gralloc : gralloc_unregister_buffer hnd=0xa73bc900, share_fd=36, share_attr_fd=37, magic=51647890, format=1, internal_format=1, byte_stride=960, flags=4, usage=0x10200, size=230400, width=240, height=240, internalWidth=240, internalHeight=240, stride=240, base=0xa88fa000, writeOwner=0, attr_base=0xffffffff, yuv_info=1, fd=-1, buf_idx=0, offset=0, min_pgsz=4096, phyaddr=0
05-23 15:33:55.245   279   279 E HWComposer: getLayerReleaseFence: Invalid display
05-23 15:33:55.245   279   279 I chatty  : uid=1000(system) /system/bin/surfaceflinger identical 2 lines
05-23 15:33:55.245   279   279 E HWComposer: getLayerReleaseFence: Invalid display
05-23 15:33:55.247   313  2005 I SPRDAVCEncoder: H264EncStrmEncode[27938] 2ms, in {0xa88fa000-0x10070000, 240x240, 5}, out {0xa894e000-291, 1}, wh{0, 0}, xy{0, 0}
05-23 15:33:55.251   313   650 I gralloc : Registering handle 0xa73bc900 coming from the same process
05-23 15:33:55.251   313   650 I gralloc : gralloc_unregister_buffer hnd=0xa73bc600, share_fd=38, share_attr_fd=39, magic=51647890, format=1, internal_format=1, byte_stride=960, flags=4, usage=0x10200, size=230400, width=240, height=240, internalWidth=240, internalHeight=240, stride=240, base=0xa8624000, writeOwner=0, attr_base=0xffffffff, yuv_info=1, fd=-1, buf_idx=0, offset=0, min_pgsz=4096, phyaddr=0
05-23 15:33:55.255   263   263 D memtrack_sprd: sprd_get_memory, pid:799, type:1, allocated_records:0, num records:2
05-23 15:33:55.255   263   263 D memtrack_sprd: sprd_get_memory, pid:799, type:1, allocated_records:2, num records:2
05-23 15:33:55.255   263   263 D memtrack_sprd: sprd_get_memory, pid:799, type:2, allocated_records:0, num records:2
05-23 15:33:55.255   263   263 D memtrack_sprd: sprd_get_memory, pid:799, type:2, allocated_records:2, num records:2
05-23 15:33:55.274   313  2005 I SPRDAVCEncoder: H264EncStrmEncode[27939] 0ms, in {0xa8624000-0x10070000, 240x240, 5}, out {0xa894e000-291, 1}, wh{0, 0}, xy{0, 0}
05-23 15:33:55.275   279   279 E HWComposer: getLayerReleaseFence: Invalid display
05-23 15:33:55.275   279   279 I chatty  : uid=1000(system) /system/bin/surfaceflinger identical 2 lines
05-23 15:33:55.275   279   279 E HWComposer: getLayerReleaseFence: Invalid display
05-23 15:33:55.280   313   650 I gralloc : Registering handle 0xa73bc600 coming from the same process
05-23 15:33:55.280   313   650 I gralloc : gralloc_unregister_buffer hnd=0xa73bc6c0, share_fd=44, share_attr_fd=45, magic=51647890, format=1, internal_format=1, byte_stride=960, flags=4, usage=0x10200, size=230400, width=240, height=240, internalWidth=240, internalHeight=240, stride=240, base=0xa88fa000, writeOwner=0, attr_base=0xffffffff, yuv_info=1, fd=-1, buf_idx=0, offset=0, min_pgsz=4096, phyaddr=0
05-23 15:33:55.301   313  2005 I SPRDAVCEncoder: H264EncStrmEncode[27940] 0ms, in {0xa88fa000-0x10070000, 240x240, 5}, out {0xa894e000-291, 1}, wh{0, 0}, xy{0, 0}
05-23 15:33:55.304   279   279 E HWComposer: getLayerReleaseFence: Invalid display
05-23 15:33:55.304   279   279 I chatty  : uid=1000(system) /system/bin/surfaceflinger identical 2 lines
05-23 15:33:55.304   279   279 E HWComposer: getLayerReleaseFence: Invalid display
05-23 15:33:55.310   313   650 I gralloc : Registering handle 0xa73bc6c0 coming from the same process
05-23 15:33:55.310   313   650 I gralloc : gralloc_unregister_buffer hnd=0xa73bc780, share_fd=40, share_attr_fd=41, magic=51647890, format=1, internal_format=1, byte_stride=960, flags=4, usage=0x10200, size=230400, width=240, height=240, internalWidth=240, internalHeight=240, stride=240, base=0xa8624000, writeOwner=0, attr_base=0xffffffff, yuv_info=1, fd=-1, buf_idx=0, offset=0, min_pgsz=4096, phyaddr=0
05-23 15:33:55.330   313  2005 I SPRDAVCEncoder: H264EncStrmEncode[27941] 1ms, in {0xa8624000-0x10070000, 240x240, 5}, out {0xa894e000-291, 1}, wh{0, 0}, xy{0, 0}
05-23 15:33:55.333   279   279 E HWComposer: getLayerReleaseFence: Invalid display
05-23 15:33:55.333   279   279 I chatty  : uid=1000(system) /system/bin/surfaceflinger identical 2 lines
05-23 15:33:55.333   279   279 E HWComposer: getLayerReleaseFence: Invalid display
05-23 15:33:55.339   313   650 I gralloc : Registering handle 0xa73bc780 coming from the same process
05-23 15:33:55.339   313   650 I gralloc : gralloc_unregister_buffer hnd=0xa73bc840, share_fd=42, share_attr_fd=43, magic=51647890, format=1, internal_format=1, byte_stride=960, flags=4, usage=0x10200, size=230400, width=240, height=240, internalWidth=240, internalHeight=240, stride=240, base=0xa88fa000, writeOwner=0, attr_base=0xffffffff, yuv_info=1, fd=-1, buf_idx=0, offset=0, min_pgsz=4096, phyaddr=0
05-23 15:33:55.359   313  2005 I SPRDAVCEncoder: H264EncStrmEncode[27942] 1ms, in {0xa88fa000-0x10070000, 240x240, 5}, out {0xa894e000-291, 1}, wh{0, 0}, xy{0, 0}
05-23 15:33:55.361   279   279 E HWComposer: getLayerReleaseFence: Invalid display
05-23 15:33:55.361   279   279 I chatty  : uid=1000(system) /system/bin/surfaceflinger identical 2 lines
05-23 15:33:55.361   279   279 E HWComposer: getLayerReleaseFence: Invalid display
05-23 15:33:55.368   313   650 I gralloc : Registering handle 0xa73bc840 coming from the same process
05-23 15:33:55.368   313   650 I gralloc : gralloc_unregister_buffer hnd=0xa73bc900, share_fd=36, share_attr_fd=37, magic=51647890, format=1, internal_format=1, byte_stride=960, flags=4, usage=0x10200, size=230400, width=240, height=240, internalWidth=240, internalHeight=240, stride=240, base=0xa8624000, writeOwner=0, attr_base=0xffffffff, yuv_info=1, fd=-1, buf_idx=0, offset=0, min_pgsz=4096, phyaddr=0
05-23 15:33:55.387   313  2005 I SPRDAVCEncoder: H264EncStrmEncode[27943] 0ms, in {0xa8624000-0x10070000, 240x240, 5}, out {0xa894e000-291, 1}, wh{0, 0}, xy{0, 0}
05-23 15:33:55.390   279   279 E HWComposer: getLayerReleaseFence: Invalid display
05-23 15:33:55.390   279   279 I chatty  : uid=1000(system) /system/bin/surfaceflinger identical 2 lines
05-23 15:33:55.390   279   279 E HWComposer: getLayerReleaseFence: Invalid display
05-23 15:33:55.397   313   650 I gralloc : Registering handle 0xa73bc900 coming from the same process
05-23 15:33:55.397   313   650 I gralloc : gralloc_unregister_buffer hnd=0xa73bc600, share_fd=38, share_attr_fd=39, magic=51647890, format=1, internal_format=1, byte_stride=960, flags=4, usage=0x10200, size=230400, width=240, height=240, internalWidth=240, internalHeight=240, stride=240, base=0xa88fa000, writeOwner=0, attr_base=0xffffffff, yuv_info=1, fd=-1, buf_idx=0, offset=0, min_pgsz=4096, phyaddr=0
05-23 15:33:55.402   263   263 D memtrack_sprd: sprd_get_memory, pid:767, type:1, allocated_records:0, num records:2
05-23 15:33:55.402   263   263 D memtrack_sprd: sprd_get_memory, pid:767, type:1, allocated_records:2, num records:2
05-23 15:33:55.403   263   263 D memtrack_sprd: sprd_get_memory, pid:767, type:2, allocated_records:0, num records:2
05-23 15:33:55.403   263   263 D memtrack_sprd: sprd_get_memory, pid:767, type:2, allocated_records:2, num records:2
05-23 15:33:55.416   279   279 E HWComposer: getLayerReleaseFence: Invalid display
05-23 15:33:55.417   279   279 I chatty  : uid=1000(system) /system/bin/surfaceflinger identical 2 lines
05-23 15:33:55.417   279   279 E HWComposer: getLayerReleaseFence: Invalid display
05-23 15:33:55.417   313  2005 I SPRDAVCEncoder: H264EncStrmEncode[27944] 2ms, in {0xa88fa000-0x10070000, 240x240, 5}, out {0xa894e000-291, 1}, wh{0, 0}, xy{0, 0}
05-23 15:33:55.423   313   843 I gralloc : Registering handle 0xa73bc600 coming from the same process
05-23 15:33:55.423   313   843 I gralloc : gralloc_unregister_buffer hnd=0xa73bc6c0, share_fd=44, share_attr_fd=45, magic=51647890, format=1, internal_format=1, byte_stride=960, flags=4, usage=0x10200, size=230400, width=240, height=240, internalWidth=240, internalHeight=240, stride=240, base=0xa8624000, writeOwner=0, attr_base=0xffffffff, yuv_info=1, fd=-1, buf_idx=0, offset=0, min_pgsz=4096, phyaddr=0
05-23 15:33:55.444   279   279 E HWComposer: getLayerReleaseFence: Invalid display
05-23 15:33:55.444   279   279 I chatty  : uid=1000(system) /system/bin/surfaceflinger identical 2 lines
05-23 15:33:55.444   279   279 E HWComposer: getLayerReleaseFence: Invalid display
05-23 15:33:55.446   313  2005 I SPRDAVCEncoder: H264EncStrmEncode[27945] 0ms, in {0xa8624000-0x10070000, 240x240, 5}, out {0xa894e000-291, 1}, wh{0, 0}, xy{0, 0}
05-23 15:33:55.450   313   650 I gralloc : Registering handle 0xa73bc6c0 coming from the same process
05-23 15:33:55.450   313   650 I gralloc : gralloc_unregister_buffer hnd=0xa73bc780, share_fd=40, share_attr_fd=41, magic=51647890, format=1, internal_format=1, byte_stride=960, flags=4, usage=0x10200, size=230400, width=240, height=240, internalWidth=240, internalHeight=240, stride=240, base=0xa88fa000, writeOwner=0, attr_base=0xffffffff, yuv_info=1, fd=-1, buf_idx=0, offset=0, min_pgsz=4096, phyaddr=0
05-23 15:33:55.472   313  2005 I SPRDAVCEncoder: H264EncStrmEncode[27946] 0ms, in {0xa88fa000-0x10070000, 240x240, 5}, out {0xa894e000-291, 1}, wh{0, 0}, xy{0, 0}
05-23 15:33:55.475   279   279 E HWComposer: getLayerReleaseFence: Invalid display
05-23 15:33:55.475   279   279 I chatty  : uid=1000(system) /system/bin/surfaceflinger identical 2 lines
05-23 15:33:55.475   279   279 E HWComposer: getLayerReleaseFence: Invalid display
05-23 15:33:55.481   313   650 I gralloc : Registering handle 0xa73bc780 coming from the same process
05-23 15:33:55.481   313   650 I gralloc : gralloc_unregister_buffer hnd=0xa73bc840, share_fd=42, share_attr_fd=43, magic=51647890, format=1, internal_format=1, byte_stride=960, flags=4, usage=0x10200, size=230400, width=240, height=240, internalWidth=240, internalHeight=240, stride=240, base=0xa8624000, writeOwner=0, attr_base=0xffffffff, yuv_info=1, fd=-1, buf_idx=0, offset=0, min_pgsz=4096, phyaddr=0
05-23 15:33:55.501   313  2005 I SPRDAVCEncoder: H264EncStrmEncode[27947] 0ms, in {0xa8624000-0x10070000, 240x240, 5}, out {0xa894e000-291, 1}, wh{0, 0}, xy{0, 0}
05-23 15:33:55.503   279   279 E HWComposer: getLayerReleaseFence: Invalid display
05-23 15:33:55.504   279   279 I chatty  : uid=1000(system) /system/bin/surfaceflinger identical 2 lines
05-23 15:33:55.504   279   279 E HWComposer: getLayerReleaseFence: Invalid display
05-23 15:33:55.510   313   650 I gralloc : Registering handle 0xa73bc840 coming from the same process
05-23 15:33:55.510   313   650 I gralloc : gralloc_unregister_buffer hnd=0xa73bc900, share_fd=36, share_attr_fd=37, magic=51647890, format=1, internal_format=1, byte_stride=960, flags=4, usage=0x10200, size=230400, width=240, height=240, internalWidth=240, internalHeight=240, stride=240, base=0xa88fa000, writeOwner=0, attr_base=0xffffffff, yuv_info=1, fd=-1, buf_idx=0, offset=0, min_pgsz=4096, phyaddr=0
05-23 15:33:55.530   313  2005 I SPRDAVCEncoder: H264EncStrmEncode[27948] 0ms, in {0xa88fa000-0x10070000, 240x240, 5}, out {0xa894e000-291, 1}, wh{0, 0}, xy{0, 0}
05-23 15:33:55.532   279   279 E HWComposer: getLayerReleaseFence: Invalid display
05-23 15:33:55.533   279   279 I chatty  : uid=1000(system) /system/bin/surfaceflinger identical 2 lines
05-23 15:33:55.533   279   279 E HWComposer: getLayerReleaseFence: Invalid display
05-23 15:33:55.539   313   650 I gralloc : Registering handle 0xa73bc900 coming from the same process
05-23 15:33:55.539   313   650 I gralloc : gralloc_unregister_buffer hnd=0xa73bc600, share_fd=38, share_attr_fd=39, magic=51647890, format=1, internal_format=1, byte_stride=960, flags=4, usage=0x10200, size=230400, width=240, height=240, internalWidth=240, internalHeight=240, stride=240, base=0xa8624000, writeOwner=0, attr_base=0xffffffff, yuv_info=1, fd=-1, buf_idx=0, offset=0, min_pgsz=4096, phyaddr=0
05-23 15:33:55.564   313  2005 I SPRDAVCEncoder: H264EncStrmEncode[27949] 1ms, in {0xa8624000-0x10070000, 240x240, 5}, out {0xa894e000-291, 1}, wh{0, 0}, xy{0, 0}
05-23 15:33:55.566   279   279 E HWComposer: getLayerReleaseFence: Invalid display
05-23 15:33:55.566   279   279 I chatty  : uid=1000(system) /system/bin/surfaceflinger identical 2 lines
05-23 15:33:55.566   279   279 E HWComposer: getLayerReleaseFence: Invalid display
05-23 15:33:55.573   313   650 I gralloc : Registering handle 0xa73bc600 coming from the same process
05-23 15:33:55.573   313   650 I gralloc : gralloc_unregister_buffer hnd=0xa73bc6c0, share_fd=44, share_attr_fd=45, magic=51647890, format=1, internal_format=1, byte_stride=960, flags=4, usage=0x10200, size=230400, width=240, height=240, internalWidth=240, internalHeight=240, stride=240, base=0xa88fa000, writeOwner=0, attr_base=0xffffffff, yuv_info=1, fd=-1, buf_idx=0, offset=0, min_pgsz=4096, phyaddr=0
05-23 15:33:55.598   313  2005 I SPRDAVCEncoder: H264EncStrmEncode[27950] 0ms, in {0xa88fa000-0x10070000, 240x240, 5}, out {0xa894e000-291, 1}, wh{0, 0}, xy{0, 0}
05-23 15:33:55.599   279   279 E HWComposer: getLayerReleaseFence: Invalid display
05-23 15:33:55.600   279   279 I chatty  : uid=1000(system) /system/bin/surfaceflinger identical 2 lines
05-23 15:33:55.600   279   279 E HWComposer: getLayerReleaseFence: Invalid display
05-23 15:33:55.607   313   650 I gralloc : Registering handle 0xa73bc6c0 coming from the same process
05-23 15:33:55.607   313   650 I gralloc : gralloc_unregister_buffer hnd=0xa73bc780, share_fd=40, share_attr_fd=41, magic=51647890, format=1, internal_format=1, byte_stride=960, flags=4, usage=0x10200, size=230400, width=240, height=240, internalWidth=240, internalHeight=240, stride=240, base=0xa8624000, writeOwner=0, attr_base=0xffffffff, yuv_info=1, fd=-1, buf_idx=0, offset=0, min_pgsz=4096, phyaddr=0
05-23 15:33:55.626   263   263 D memtrack_sprd: sprd_get_memory, pid:598, type:1, allocated_records:0, num records:2
05-23 15:33:55.626   263   263 D memtrack_sprd: sprd_get_memory, pid:598, type:1, allocated_records:2, num records:2
05-23 15:33:55.626   263   263 D memtrack_sprd: sprd_get_memory, pid:598, type:2, allocated_records:0, num records:2
05-23 15:33:55.626   263   263 D memtrack_sprd: sprd_get_memory, pid:598, type:2, allocated_records:2, num records:2
05-23 15:33:55.633   313  2005 I SPRDAVCEncoder: H264EncStrmEncode[27951] 1ms, in {0xa8624000-0x10070000, 240x240, 5}, out {0xa894e000-291, 1}, wh{0, 0}, xy{0, 0}
05-23 15:33:55.637   279   279 E HWComposer: getLayerReleaseFence: Invalid display
05-23 15:33:55.637   279   279 I chatty  : uid=1000(system) /system/bin/surfaceflinger identical 2 lines
05-23 15:33:55.637   279   279 E HWComposer: getLayerReleaseFence: Invalid display
05-23 15:33:55.643   313   650 I gralloc : Registering handle 0xa73bc780 coming from the same process
05-23 15:33:55.643   313   650 I gralloc : gralloc_unregister_buffer hnd=0xa73bc840, share_fd=42, share_attr_fd=43, magic=51647890, format=1, internal_format=1, byte_stride=960, flags=4, usage=0x10200, size=230400, width=240, height=240, internalWidth=240, internalHeight=240, stride=240, base=0xa88fa000, writeOwner=0, attr_base=0xffffffff, yuv_info=1, fd=-1, buf_idx=0, offset=0, min_pgsz=4096, phyaddr=0
--------- beginning of system
05-23 15:33:55.652   598  1781 W ProcessCpuTracker: Skipping unknown process pid 18211
05-23 15:33:55.659   263   263 D memtrack_sprd: sprd_get_memory, pid:1, type:1, allocated_records:0, num records:2
05-23 15:33:55.659   263   263 D memtrack_sprd: sprd_get_memory, pid:1, type:1, allocated_records:2, num records:2
05-23 15:33:55.660   313  2005 I SPRDAVCEncoder: H264EncStrmEncode[27952] 0ms, in {0xa88fa000-0x10070000, 240x240, 5}, out {0xa894e000-291, 1}, wh{0, 0}, xy{0, 0}
05-23 15:33:55.660   263   263 D memtrack_sprd: sprd_get_memory, pid:1, type:2, allocated_records:0, num records:2
05-23 15:33:55.660   263   263 D memtrack_sprd: sprd_get_memory, pid:1, type:2, allocated_records:2, num records:2
05-23 15:33:55.661   279   279 E HWComposer: getLayerReleaseFence: Invalid display
05-23 15:33:55.661   279   279 I chatty  : uid=1000(system) /system/bin/surfaceflinger identical 2 lines
05-23 15:33:55.661   279   279 E HWComposer: getLayerReleaseFence: Invalid display
05-23 15:33:55.666   263   263 D memtrack_sprd: sprd_get_memory, pid:200, type:1, allocated_records:0, num records:2
05-23 15:33:55.666   263   263 D memtrack_sprd: sprd_get_memory, pid:200, type:1, allocated_records:2, num records:2
05-23 15:33:55.667   263   263 D memtrack_sprd: sprd_get_memory, pid:200, type:2, allocated_records:0, num records:2
05-23 15:33:55.667   263   263 D memtrack_sprd: sprd_get_memory, pid:200, type:2, allocated_records:2, num records:2
05-23 15:33:55.667   313   650 I gralloc : Registering handle 0xa73bc840 coming from the same process
05-23 15:33:55.667   313   650 I gralloc : gralloc_unregister_buffer hnd=0xa73bc900, share_fd=36, share_attr_fd=37, magic=51647890, format=1, internal_format=1, byte_stride=960, flags=4, usage=0x10200, size=230400, width=240, height=240, internalWidth=240, internalHeight=240, stride=240, base=0xa8624000, writeOwner=0, attr_base=0xffffffff, yuv_info=1, fd=-1, buf_idx=0, offset=0, min_pgsz=4096, phyaddr=0
05-23 15:33:55.679   263   263 D memtrack_sprd: sprd_get_memory, pid:222, type:1, allocated_records:0, num records:2
05-23 15:33:55.679   263   263 D memtrack_sprd: sprd_get_memory, pid:222, type:1, allocated_records:2, num records:2
05-23 15:33:55.679   263   263 D memtrack_sprd: sprd_get_memory, pid:222, type:2, allocated_records:0, num records:2
05-23 15:33:55.679   263   263 D memtrack_sprd: sprd_get_memory, pid:222, type:2, allocated_records:2, num records:2
05-23 15:33:55.687   263   263 D memtrack_sprd: sprd_get_memory, pid:223, type:1, allocated_records:0, num records:2
05-23 15:33:55.687   263   263 D memtrack_sprd: sprd_get_memory, pid:223, type:1, allocated_records:2, num records:2
