05-23 15:33:51.354   313   843 I gralloc : gralloc_unregister_buffer hnd=0xa73bc6c0, share_fd=44, share_attr_fd=45, magic=51647890, format=1, internal_format=1, byte_stride=960, flags=4, usage=0x10200, size=230400, width=240, height=240, internalWidth=240, internalHeight=240, stride=240, base=0xa8624000, writeOwner=0, attr_base=0xffffffff, yuv_info=1, fd=-1, buf_idx=0, offset=0, min_pgsz=4096, phyaddr=0
05-23 15:33:51.380   313  2005 I SPRDAVCEncoder: H264EncStrmEncode[27805] 1ms, in {0xa8624000-0x10070000, 240x240, 5}, out {0xa894e000-291, 1}, wh{0, 0}, xy{0, 0}
05-23 15:33:51.382   279   279 E HWComposer: getLayerReleaseFence: Invalid display
05-23 15:33:51.382   279   279 I chatty  : uid=1000(system) /system/bin/surfaceflinger identical 2 lines
05-23 15:33:51.382   279   279 E HWComposer: getLayerReleaseFence: Invalid display
05-23 15:33:51.387   313   843 I gralloc : Registering handle 0xa73bc6c0 coming from the same process
05-23 15:33:51.388   313   843 I gralloc : gralloc_unregister_buffer hnd=0xa73bc780, share_fd=40, share_attr_fd=41, magic=51647890, format=1, internal_format=1, byte_stride=960, flags=4, usage=0x10200, size=230400, width=240, height=240, internalWidth=240, internalHeight=240, stride=240, base=0xa88fa000, writeOwner=0, attr_base=0xffffffff, yuv_info=1, fd=-1, buf_idx=0, offset=0, min_pgsz=4096, phyaddr=0
05-23 15:33:51.409   313  2005 I SPRDAVCEncoder: H264EncStrmEncode[27806] 0ms, in {0xa88fa000-0x10070000, 240x240, 5}, out {0xa894e000-291, 1}, wh{0, 0}, xy{0, 0}
05-23 15:33:51.411   279   279 E HWComposer: getLayerReleaseFence: Invalid display
05-23 15:33:51.411   279   279 I chatty  : uid=1000(system) /system/bin/surfaceflinger identical 2 lines
05-23 15:33:51.411   279   279 E HWComposer: getLayerReleaseFence: Invalid display
05-23 15:33:51.419   313   843 I gralloc : Registering handle 0xa73bc780 coming from the same process
05-23 15:33:51.420   313   843 I gralloc : gralloc_unregister_buffer hnd=0xa73bc840, share_fd=42, share_attr_fd=43, magic=51647890, format=1, internal_format=1, byte_stride=960, flags=4, usage=0x10200, size=230400, width=240, height=240, internalWidth=240, internalHeight=240, stride=240, base=0xa8624000, writeOwner=0, attr_base=0xffffffff, yuv_info=1, fd=-1, buf_idx=0, offset=0, min_pgsz=4096, phyaddr=0
05-23 15:33:51.439   313  2005 I SPRDAVCEncoder: H264EncStrmEncode[27807] 0ms, in {0xa8624000-0x10070000, 240x240, 5}, out {0xa894e000-291, 1}, wh{0, 0}, xy{0, 0}
05-23 15:33:51.442   279   279 E HWComposer: getLayerReleaseFence: Invalid display
05-23 15:33:51.442   279   279 I chatty  : uid=1000(system) /system/bin/surfaceflinger identical 2 lines
05-23 15:33:51.442   279   279 E HWComposer: getLayerReleaseFence: Invalid display
05-23 15:33:51.450   313   843 I gralloc : Registering handle 0xa73bc840 coming from the same process
05-23 15:33:51.450   313   843 I gralloc : gralloc_unregister_buffer hnd=0xa73bc900, share_fd=36, share_attr_fd=37, magic=51647890, format=1, internal_format=1, byte_stride=960, flags=4, usage=0x10200, size=230400, width=240, height=240, internalWidth=240, internalHeight=240, stride=240, base=0xa88fa000, writeOwner=0, attr_base=0xffffffff, yuv_info=1, fd=-1, buf_idx=0, offset=0, min_pgsz=4096, phyaddr=0
05-23 15:33:51.468   313  2005 I SPRDAVCEncoder: H264EncStrmEncode[27808] 1ms, in {0xa88fa000-0x10070000, 240x240, 5}, out {0xa894e000-291, 1}, wh{0, 0}, xy{0, 0}
05-23 15:33:51.471   279   279 E HWComposer: getLayerReleaseFence: Invalid display
05-23 15:33:51.471   279   279 I chatty  : uid=1000(system) /system/bin/surfaceflinger identical 2 lines
05-23 15:33:51.471   279   279 E HWComposer: getLayerReleaseFence: Invalid display
05-23 15:33:51.478   313   843 I gralloc : Registering handle 0xa73bc900 coming from the same process
05-23 15:33:51.478   313   843 I gralloc : gralloc_unregister_buffer hnd=0xa73bc600, share_fd=38, share_attr_fd=39, magic=51647890, format=1, internal_format=1, byte_stride=960, flags=4, usage=0x10200, size=230400, width=240, height=240, internalWidth=240, internalHeight=240, stride=240, base=0xa8624000, writeOwner=0, attr_base=0xffffffff, yuv_info=1, fd=-1, buf_idx=0, offset=0, min_pgsz=4096, phyaddr=0
05-23 15:33:51.494   313  2005 I SPRDAVCEncoder: H264EncStrmEncode[27809] 0ms, in {0xa8624000-0x10070000, 240x240, 5}, out {0xa894e000-291, 1}, wh{0, 0}, xy{0, 0}
05-23 15:33:51.496   279   279 E HWComposer: getLayerReleaseFence: Invalid display
05-23 15:33:51.496   279   279 I chatty  : uid=1000(system) /system/bin/surfaceflinger identical 2 lines
05-23 15:33:51.496   279   279 E HWComposer: getLayerReleaseFence: Invalid display
05-23 15:33:51.504   313   843 I gralloc : Registering handle 0xa73bc600 coming from the same process
05-23 15:33:51.504   313   843 I gralloc : gralloc_unregister_buffer hnd=0xa73bc6c0, share_fd=44, share_attr_fd=45, magic=51647890, format=1, internal_format=1, byte_stride=960, flags=4, usage=0x10200, size=230400, width=240, height=240, internalWidth=240, internalHeight=240, stride=240, base=0xa88fa000, writeOwner=0, attr_base=0xffffffff, yuv_info=1, fd=-1, buf_idx=0, offset=0, min_pgsz=4096, phyaddr=0
05-23 15:33:51.523   313  2005 I SPRDAVCEncoder: H264EncStrmEncode[27810] 1ms, in {0xa88fa000-0x10070000, 240x240, 5}, out {0xa894e000-291, 1}, wh{0, 0}, xy{0, 0}
05-23 15:33:51.526   279   279 E HWComposer: getLayerReleaseFence: Invalid display
05-23 15:33:51.526   279   279 I chatty  : uid=1000(system) /system/bin/surfaceflinger identical 2 lines
05-23 15:33:51.526   279   279 E HWComposer: getLayerReleaseFence: Invalid display
05-23 15:33:51.533   313   843 I gralloc : Registering handle 0xa73bc6c0 coming from the same process
05-23 15:33:51.533   313   843 I gralloc : gralloc_unregister_buffer hnd=0xa73bc780, share_fd=40, share_attr_fd=41, magic=51647890, format=1, internal_format=1, byte_stride=960, flags=4, usage=0x10200, size=230400, width=240, height=240, internalWidth=240, internalHeight=240, stride=240, base=0xa8624000, writeOwner=0, attr_base=0xffffffff, yuv_info=1, fd=-1, buf_idx=0, offset=0, min_pgsz=4096, phyaddr=0
05-23 15:33:51.554   313  2005 I SPRDAVCEncoder: H264EncStrmEncode[27811] 0ms, in {0xa8624000-0x10070000, 240x240, 5}, out {0xa894e000-291, 1}, wh{0, 0}, xy{0, 0}
05-23 15:33:51.557   279   279 E HWComposer: getLayerReleaseFence: Invalid display
05-23 15:33:51.557   279   279 I chatty  : uid=1000(system) /system/bin/surfaceflinger identical 2 lines
05-23 15:33:51.557   279   279 E HWComposer: getLayerReleaseFence: Invalid display
05-23 15:33:51.564   313   650 I gralloc : Registering handle 0xa73bc780 coming from the same process
05-23 15:33:51.564   313   650 I gralloc : gralloc_unregister_buffer hnd=0xa73bc840, share_fd=42, share_attr_fd=43, magic=51647890, format=1, internal_format=1, byte_stride=960, flags=4, usage=0x10200, size=230400, width=240, height=240, internalWidth=240, internalHeight=240, stride=240, base=0xa88fa000, writeOwner=0, attr_base=0xffffffff, yuv_info=1, fd=-1, buf_idx=0, offset=0, min_pgsz=4096, phyaddr=0
05-23 15:33:51.584   313  2005 I SPRDAVCEncoder: H264EncStrmEncode[27812] 1ms, in {0xa88fa000-0x10070000, 240x240, 5}, out {0xa894e000-291, 1}, wh{0, 0}, xy{0, 0}
05-23 15:33:51.586   279   279 E HWComposer: getLayerReleaseFence: Invalid display
05-23 15:33:51.587   279   279 I chatty  : uid=1000(system) /system/bin/surfaceflinger identical 2 lines
05-23 15:33:51.587   279   279 E HWComposer: getLayerReleaseFence: Invalid display
05-23 15:33:51.593   313   650 I gralloc : Registering handle 0xa73bc840 coming from the same process
05-23 15:33:51.593   313   650 I gralloc : gralloc_unregister_buffer hnd=0xa73bc900, share_fd=36, share_attr_fd=37, magic=51647890, format=1, internal_format=1, byte_stride=960, flags=4, usage=0x10200, size=230400, width=240, height=240, internalWidth=240, internalHeight=240, stride=240, base=0xa8624000, writeOwner=0, attr_base=0xffffffff, yuv_info=1, fd=-1, buf_idx=0, offset=0, min_pgsz=4096, phyaddr=0
05-23 15:33:51.609   313  2005 I SPRDAVCEncoder: H264EncStrmEncode[27813] 0ms, in {0xa8624000-0x10070000, 240x240, 5}, out {0xa894e000-291, 1}, wh{0, 0}, xy{0, 0}
05-23 15:33:51.611   279   279 E HWComposer: getLayerReleaseFence: Invalid display
05-23 15:33:51.611   279   279 I chatty  : uid=1000(system) /system/bin/surfaceflinger identical 2 lines
05-23 15:33:51.611   279   279 E HWComposer: getLayerReleaseFence: Invalid display
05-23 15:33:51.616   313   650 I gralloc : Registering handle 0xa73bc900 coming from the same process
05-23 15:33:51.616   313   650 I gralloc : gralloc_unregister_buffer hnd=0xa73bc600, share_fd=38, share_attr_fd=39, magic=51647890, format=1, internal_format=1, byte_stride=960, flags=4, usage=0x10200, size=230400, width=240, height=240, internalWidth=240, internalHeight=240, stride=240, base=0xa88fa000, writeOwner=0, attr_base=0xffffffff, yuv_info=1, fd=-1, buf_idx=0, offset=0, min_pgsz=4096, phyaddr=0
05-23 15:33:51.637   313  2005 I SPRDAVCEncoder: H264EncStrmEncode[27814] 0ms, in {0xa88fa000-0x10070000, 240x240, 5}, out {0xa894e000-291, 1}, wh{0, 0}, xy{0, 0}
05-23 15:33:51.640   279   279 E HWComposer: getLayerReleaseFence: Invalid display
05-23 15:33:51.640   279   279 I chatty  : uid=1000(system) /system/bin/surfaceflinger identical 2 lines
05-23 15:33:51.640   279   279 E HWComposer: getLayerReleaseFence: Invalid display
05-23 15:33:51.646   313   650 I gralloc : Registering handle 0xa73bc600 coming from the same process
05-23 15:33:51.646   313   650 I gralloc : gralloc_unregister_buffer hnd=0xa73bc6c0, share_fd=44, share_attr_fd=45, magic=51647890, format=1, internal_format=1, byte_stride=960, flags=4, usage=0x10200, size=230400, width=240, height=240, internalWidth=240, internalHeight=240, stride=240, base=0xa8624000, writeOwner=0, attr_base=0xffffffff, yuv_info=1, fd=-1, buf_idx=0, offset=0, min_pgsz=4096, phyaddr=0
05-23 15:33:51.667   313  2005 I SPRDAVCEncoder: H264EncStrmEncode[27815] 0ms, in {0xa8624000-0x10070000, 240x240, 5}, out {0xa894e000-291, 1}, wh{0, 0}, xy{0, 0}
05-23 15:33:51.670   279   279 E HWComposer: getLayerReleaseFence: Invalid display
05-23 15:33:51.670   279   279 I chatty  : uid=1000(system) /system/bin/surfaceflinger identical 2 lines
05-23 15:33:51.670   279   279 E HWComposer: getLayerReleaseFence: Invalid display
05-23 15:33:51.676   313   650 I gralloc : Registering handle 0xa73bc6c0 coming from the same process
05-23 15:33:51.676   313   650 I gralloc : gralloc_unregister_buffer hnd=0xa73bc780, share_fd=40, share_attr_fd=41, magic=51647890, format=1, internal_format=1, byte_stride=960, flags=4, usage=0x10200, size=230400, width=240, height=240, internalWidth=240, internalHeight=240, stride=240, base=0xa88fa000, writeOwner=0, attr_base=0xffffffff, yuv_info=1, fd=-1, buf_idx=0, offset=0, min_pgsz=4096, phyaddr=0
05-23 15:33:51.696   313  2005 I SPRDAVCEncoder: H264EncStrmEncode[27816] 0ms, in {0xa88fa000-0x10070000, 240x240, 5}, out {0xa894e000-291, 1}, wh{0, 0}, xy{0, 0}
05-23 15:33:51.699   279   279 E HWComposer: getLayerReleaseFence: Invalid display
05-23 15:33:51.699   279   279 I chatty  : uid=1000(system) /system/bin/surfaceflinger identical 2 lines
05-23 15:33:51.699   279   279 E HWComposer: getLayerReleaseFence: Invalid display
05-23 15:33:51.706   313   650 I gralloc : Registering handle 0xa73bc780 coming from the same process
05-23 15:33:51.706   313   650 I gralloc : gralloc_unregister_buffer hnd=0xa73bc840, share_fd=42, share_attr_fd=43, magic=51647890, format=1, internal_format=1, byte_stride=960, flags=4, usage=0x10200, size=230400, width=240, height=240, internalWidth=240, internalHeight=240, stride=240, base=0xa8624000, writeOwner=0, attr_base=0xffffffff, yuv_info=1, fd=-1, buf_idx=0, offset=0, min_pgsz=4096, phyaddr=0
05-23 15:33:51.725   313  2005 I SPRDAVCEncoder: H264EncStrmEncode[27817] 0ms, in {0xa8624000-0x10070000, 240x240, 5}, out {0xa894e000-291, 1}, wh{0, 0}, xy{0, 0}
05-23 15:33:51.728   279   279 E HWComposer: getLayerReleaseFence: Invalid display
05-23 15:33:51.728   279   279 I chatty  : uid=1000(system) /system/bin/surfaceflinger identical 2 lines
05-23 15:33:51.728   279   279 E HWComposer: getLayerReleaseFence: Invalid display
05-23 15:33:51.735   313   650 I gralloc : Registering handle 0xa73bc840 coming from the same process
05-23 15:33:51.735   313   650 I gralloc : gralloc_unregister_buffer hnd=0xa73bc900, share_fd=36, share_attr_fd=37, magic=51647890, format=1, internal_format=1, byte_stride=960, flags=4, usage=0x10200, size=230400, width=240, height=240, internalWidth=240, internalHeight=240, stride=240, base=0xa88fa000, writeOwner=0, attr_base=0xffffffff, yuv_info=1, fd=-1, buf_idx=0, offset=0, min_pgsz=4096, phyaddr=0
05-23 15:33:51.753   313  2005 I SPRDAVCEncoder: H264EncStrmEncode[27818] 0ms, in {0xa88fa000-0x10070000, 240x240, 5}, out {0xa894e000-291, 1}, wh{0, 0}, xy{0, 0}
05-23 15:33:51.757   279   279 E HWComposer: getLayerReleaseFence: Invalid display
05-23 15:33:51.757   279   279 I chatty  : uid=1000(system) /system/bin/surfaceflinger identical 2 lines
05-23 15:33:51.757   279   279 E HWComposer: getLayerReleaseFence: Invalid display
05-23 15:33:51.763   313   650 I gralloc : Registering handle 0xa73bc900 coming from the same process
05-23 15:33:51.764   313   650 I gralloc : gralloc_unregister_buffer hnd=0xa73bc600, share_fd=38, share_attr_fd=39, magic=51647890, format=1, internal_format=1, byte_stride=960, flags=4, usage=0x10200, size=230400, width=240, height=240, internalWidth=240, internalHeight=240, stride=240, base=0xa8624000, writeOwner=0, attr_base=0xffffffff, yuv_info=1, fd=-1, buf_idx=0, offset=0, min_pgsz=4096, phyaddr=0
05-23 15:33:51.781   313  2005 I SPRDAVCEncoder: H264EncStrmEncode[27819] 0ms, in {0xa8624000-0x10070000, 240x240, 5}, out {0xa894e000-291, 1}, wh{0, 0}, xy{0, 0}
05-23 15:33:51.785   279   279 E HWComposer: getLayerReleaseFence: Invalid display
05-23 15:33:51.785   279   279 I chatty  : uid=1000(system) /system/bin/surfaceflinger identical 2 lines
05-23 15:33:51.785   279   279 E HWComposer: getLayerReleaseFence: Invalid display
05-23 15:33:51.792   313   650 I gralloc : Registering handle 0xa73bc600 coming from the same process
05-23 15:33:51.792   313   650 I gralloc : gralloc_unregister_buffer hnd=0xa73bc6c0, share_fd=44, share_attr_fd=45, magic=51647890, format=1, internal_format=1, byte_stride=960, flags=4, usage=0x10200, size=230400, width=240, height=240, internalWidth=240, internalHeight=240, stride=240, base=0xa88fa000, writeOwner=0, attr_base=0xffffffff, yuv_info=1, fd=-1, buf_idx=0, offset=0, min_pgsz=4096, phyaddr=0
05-23 15:33:51.811   313  2005 I SPRDAVCEncoder: H264EncStrmEncode[27820] 0ms, in {0xa88fa000-0x10070000, 240x240, 5}, out {0xa894e000-291, 1}, wh{0, 0}, xy{0, 0}
05-23 15:33:51.815   279   279 E HWComposer: getLayerReleaseFence: Invalid display
05-23 15:33:51.815   279   279 I chatty  : uid=1000(system) /system/bin/surfaceflinger identical 2 lines
05-23 15:33:51.815   279   279 E HWComposer: getLayerReleaseFence: Invalid display
05-23 15:33:51.822   313   650 I gralloc : Registering handle 0xa73bc6c0 coming from the same process
05-23 15:33:51.822   313   650 I gralloc : gralloc_unregister_buffer hnd=0xa73bc780, share_fd=40, share_attr_fd=41, magic=51647890, format=1, internal_format=1, byte_stride=960, flags=4, usage=0x10200, size=230400, width=240, height=240, internalWidth=240, internalHeight=240, stride=240, base=0xa8624000, writeOwner=0, attr_base=0xffffffff, yuv_info=1, fd=-1, buf_idx=0, offset=0, min_pgsz=4096, phyaddr=0
05-23 15:33:51.839   313  2005 I SPRDAVCEncoder: H264EncStrmEncode[27821] 0ms, in {0xa8624000-0x10070000, 240x240, 5}, out {0xa894e000-291, 1}, wh{0, 0}, xy{0, 0}
05-23 15:33:51.843   279   279 E HWComposer: getLayerReleaseFence: Invalid display
05-23 15:33:51.843   279   279 I chatty  : uid=1000(system) /system/bin/surfaceflinger identical 2 lines
05-23 15:33:51.843   279   279 E HWComposer: getLayerReleaseFence: Invalid display
05-23 15:33:51.851   313   650 I gralloc : Registering handle 0xa73bc780 coming from the same process
05-23 15:33:51.851   313   650 I gralloc : gralloc_unregister_buffer hnd=0xa73bc840, share_fd=42, share_attr_fd=43, magic=51647890, format=1, internal_format=1, byte_stride=960, flags=4, usage=0x10200, size=230400, width=240, height=240, internalWidth=240, internalHeight=240, stride=240, base=0xa88fa000, writeOwner=0, attr_base=0xffffffff, yuv_info=1, fd=-1, buf_idx=0, offset=0, min_pgsz=4096, phyaddr=0
05-23 15:33:51.863   799   900 I sysui_multi_action: [757,1093,758,4,793,2006,1094,605552640,1095,4]
05-23 15:33:51.869   313  2005 I SPRDAVCEncoder: H264EncStrmEncode[27822] 1ms, in {0xa88fa000-0x10070000, 240x240, 5}, out {0xa894e000-291, 1}, wh{0, 0}, xy{0, 0}
05-23 15:33:51.872   279   279 E HWComposer: getLayerReleaseFence: Invalid display
05-23 15:33:51.872   279   279 I chatty  : uid=1000(system) /system/bin/surfaceflinger identical 2 lines
05-23 15:33:51.872   279   279 E HWComposer: getLayerReleaseFence: Invalid display
05-23 15:33:51.880   313   650 I gralloc : Registering handle 0xa73bc840 coming from the same process
05-23 15:33:51.881   313   650 I gralloc : gralloc_unregister_buffer hnd=0xa73bc900, share_fd=36, share_attr_fd=37, magic=51647890, format=1, internal_format=1, byte_stride=960, flags=4, usage=0x10200, size=230400, width=240, height=240, internalWidth=240, internalHeight=240, stride=240, base=0xa8624000, writeOwner=0, attr_base=0xffffffff, yuv_info=1, fd=-1, buf_idx=0, offset=0, min_pgsz=4096, phyaddr=0
05-23 15:33:51.896   313  2005 I SPRDAVCEncoder: H264EncStrmEncode[27823] 0ms, in {0xa8624000-0x10070000, 240x240, 5}, out {0xa894e000-291, 1}, wh{0, 0}, xy{0, 0}
05-23 15:33:51.899   279   279 E HWComposer: getLayerReleaseFence: Invalid display
05-23 15:33:51.899   279   279 I chatty  : uid=1000(system) /system/bin/surfaceflinger identical 2 lines
05-23 15:33:51.899   279   279 E HWComposer: getLayerReleaseFence: Invalid display
05-23 15:33:51.906   313   650 I gralloc : Registering handle 0xa73bc900 coming from the same process
05-23 15:33:51.906   313   650 I gralloc : gralloc_unregister_buffer hnd=0xa73bc600, share_fd=38, share_attr_fd=39, magic=51647890, format=1, internal_format=1, byte_stride=960, flags=4, usage=0x10200, size=230400, width=240, height=240, internalWidth=240, internalHeight=240, stride=240, base=0xa88fa000, writeOwner=0, attr_base=0xffffffff, yuv_info=1, fd=-1, buf_idx=0, offset=0, min_pgsz=4096, phyaddr=0
05-23 15:33:51.925   313  2005 I SPRDAVCEncoder: H264EncStrmEncode[27824] 1ms, in {0xa88fa000-0x10070000, 240x240, 5}, out {0xa894e000-291, 1}, wh{0, 0}, xy{0, 0}
05-23 15:33:51.928   279   279 E HWComposer: getLayerReleaseFence: Invalid display
05-23 15:33:51.928   279   279 I chatty  : uid=1000(system) /system/bin/surfaceflinger identical 2 lines
05-23 15:33:51.928   279   279 E HWComposer: getLayerReleaseFence: Invalid display
05-23 15:33:51.935   313   650 I gralloc : Registering handle 0xa73bc600 coming from the same process
05-23 15:33:51.935   313   650 I gralloc : gralloc_unregister_buffer hnd=0xa73bc6c0, share_fd=44, share_attr_fd=45, magic=51647890, format=1, internal_format=1, byte_stride=960, flags=4, usage=0x10200, size=230400, width=240, height=240, internalWidth=240, internalHeight=240, stride=240, base=0xa8624000, writeOwner=0, attr_base=0xffffffff, yuv_info=1, fd=-1, buf_idx=0, offset=0, min_pgsz=4096, phyaddr=0
05-23 15:33:51.955   313  2005 I SPRDAVCEncoder: H264EncStrmEncode[27825] 1ms, in {0xa8624000-0x10070000, 240x240, 5}, out {0xa894e000-291, 1}, wh{0, 0}, xy{0, 0}
05-23 15:33:51.958   279   279 E HWComposer: getLayerReleaseFence: Invalid display
05-23 15:33:51.958   279   279 I chatty  : uid=1000(system) /system/bin/surfaceflinger identical 2 lines
05-23 15:33:51.958   279   279 E HWComposer: getLayerReleaseFence: Invalid display
05-23 15:33:51.965   313   650 I gralloc : Registering handle 0xa73bc6c0 coming from the same process
05-23 15:33:51.966   313   650 I gralloc : gralloc_unregister_buffer hnd=0xa73bc780, share_fd=40, share_attr_fd=41, magic=51647890, format=1, internal_format=1, byte_stride=960, flags=4, usage=0x10200, size=230400, width=240, height=240, internalWidth=240, internalHeight=240, stride=240, base=0xa88fa000, writeOwner=0, attr_base=0xffffffff, yuv_info=1, fd=-1, buf_idx=0, offset=0, min_pgsz=4096, phyaddr=0
05-23 15:33:51.988   279   279 E HWComposer: getLayerReleaseFence: Invalid display
05-23 15:33:51.988   279   279 I chatty  : uid=1000(system) /system/bin/surfaceflinger identical 2 lines
05-23 15:33:51.988   279   279 E HWComposer: getLayerReleaseFence: Invalid display
05-23 15:33:51.988   313  2005 I SPRDAVCEncoder: H264EncStrmEncode[27826] 3ms, in {0xa88fa000-0x10070000, 240x240, 5}, out {0xa894e000-291, 1}, wh{0, 0}, xy{0, 0}
05-23 15:33:51.995   313   650 I gralloc : Registering handle 0xa73bc780 coming from the same process
05-23 15:33:51.995   313   650 I gralloc : gralloc_unregister_buffer hnd=0xa73bc840, share_fd=42, share_attr_fd=43, magic=51647890, format=1, internal_format=1, byte_stride=960, flags=4, usage=0x10200, size=230400, width=240, height=240, internalWidth=240, internalHeight=240, stride=240, base=0xa8624000, writeOwner=0, attr_base=0xffffffff, yuv_info=1, fd=-1, buf_idx=0, offset=0, min_pgsz=4096, phyaddr=0
05-23 15:33:52.012   279   279 E HWComposer: getLayerReleaseFence: Invalid display
05-23 15:33:52.012   279   279 I chatty  : uid=1000(system) /system/bin/surfaceflinger identical 2 lines
05-23 15:33:52.012   279   279 E HWComposer: getLayerReleaseFence: Invalid display
05-23 15:33:52.015   313  2005 I SPRDAVCEncoder: H264EncStrmEncode[27827] 3ms, in {0xa8624000-0x10070000, 240x240, 5}, out {0xa894e000-291, 1}, wh{0, 0}, xy{0, 0}
05-23 15:33:52.021   313   650 I gralloc : Registering handle 0xa73bc840 coming from the same process
05-23 15:33:52.021   313   650 I gralloc : gralloc_unregister_buffer hnd=0xa73bc900, share_fd=36, share_attr_fd=37, magic=51647890, format=1, internal_format=1, byte_stride=960, flags=4, usage=0x10200, size=230400, width=240, height=240, internalWidth=240, internalHeight=240, stride=240, base=0xa88fa000, writeOwner=0, attr_base=0xffffffff, yuv_info=1, fd=-1, buf_idx=0, offset=0, min_pgsz=4096, phyaddr=0
05-23 15:33:52.025   598   739 D WifiNetworkMonitor: EVENT_WIFI_RSSI_CHANGED
05-23 15:33:52.025   598   739 E WifiNetworkMonitor: Not any Obervers!!!
05-23 15:33:52.039   313  2005 I SPRDAVCEncoder: H264EncStrmEncode[27828] 0ms, in {0xa88fa000-0x10070000, 240x240, 5}, out {0xa894e000-291, 1}, wh{0, 0}, xy{0, 0}
05-23 15:33:52.040   279   279 E HWComposer: getLayerReleaseFence: Invalid display
05-23 15:33:52.041   279   279 I chatty  : uid=1000(system) /system/bin/surfaceflinger identical 2 lines
05-23 15:33:52.041   279   279 E HWComposer: getLayerReleaseFence: Invalid display
05-23 15:33:52.048   313   650 I gralloc : Registering handle 0xa73bc900 coming from the same process
05-23 15:33:52.048   313   650 I gralloc : gralloc_unregister_buffer hnd=0xa73bc600, share_fd=38, share_attr_fd=39, magic=51647890, format=1, internal_format=1, byte_stride=960, flags=4, usage=0x10200, size=230400, width=240, height=240, internalWidth=240, internalHeight=240, stride=240, base=0xa8624000, writeOwner=0, attr_base=0xffffffff, yuv_info=1, fd=-1, buf_idx=0, offset=0, min_pgsz=4096, phyaddr=0
05-23 15:33:52.069   313  2005 I SPRDAVCEncoder: H264EncStrmEncode[27829] 1ms, in {0xa8624000-0x10070000, 240x240, 5}, out {0xa894e000-291, 1}, wh{0, 0}, xy{0, 0}
05-23 15:33:52.071   279   279 E HWComposer: getLayerReleaseFence: Invalid display
05-23 15:33:52.072   279   279 I chatty  : uid=1000(system) /system/bin/surfaceflinger identical 2 lines
05-23 15:33:52.072   279   279 E HWComposer: getLayerReleaseFence: Invalid display
05-23 15:33:52.080   313   650 I gralloc : Registering handle 0xa73bc600 coming from the same process
05-23 15:33:52.080   313   650 I gralloc : gralloc_unregister_buffer hnd=0xa73bc6c0, share_fd=44, share_attr_fd=45, magic=51647890, format=1, internal_format=1, byte_stride=960, flags=4, usage=0x10200, size=230400, width=240, height=240, internalWidth=240, internalHeight=240, stride=240, base=0xa88fa000, writeOwner=0, attr_base=0xffffffff, yuv_info=1, fd=-1, buf_idx=0, offset=0, min_pgsz=4096, phyaddr=0
05-23 15:33:52.101   313  2005 I SPRDAVCEncoder: H264EncStrmEncode[27830] 1ms, in {0xa88fa000-0x10070000, 240x240, 5}, out {0xa894e000-291, 1}, wh{0, 0}, xy{0, 0}
05-23 15:33:52.103   279   279 E HWComposer: getLayerReleaseFence: Invalid display
05-23 15:33:52.103   279   279 I chatty  : uid=1000(system) /system/bin/surfaceflinger identical 2 lines
05-23 15:33:52.103   279   279 E HWComposer: getLayerReleaseFence: Invalid display
05-23 15:33:52.111   313   650 I gralloc : Registering handle 0xa73bc6c0 coming from the same process
05-23 15:33:52.112   313   650 I gralloc : gralloc_unregister_buffer hnd=0xa73bc780, share_fd=40, share_attr_fd=41, magic=51647890, format=1, internal_format=1, byte_stride=960, flags=4, usage=0x10200, size=230400, width=240, height=240, internalWidth=240, internalHeight=240, stride=240, base=0xa8624000, writeOwner=0, attr_base=0xffffffff, yuv_info=1, fd=-1, buf_idx=0, offset=0, min_pgsz=4096, phyaddr=0
05-23 15:33:52.126   279   279 E HWComposer: getLayerReleaseFence: Invalid display
05-23 15:33:52.126   279   279 I chatty  : uid=1000(system) /system/bin/surfaceflinger identical 2 lines
05-23 15:33:52.126   279   279 E HWComposer: getLayerReleaseFence: Invalid display
05-23 15:33:52.129   313  2005 I SPRDAVCEncoder: H264EncStrmEncode[27831] 4ms, in {0xa8624000-0x10070000, 240x240, 5}, out {0xa894e000-291, 1}, wh{0, 0}, xy{0, 0}
05-23 15:33:52.135   313   843 I gralloc : Registering handle 0xa73bc780 coming from the same process
05-23 15:33:52.135   313   843 I gralloc : gralloc_unregister_buffer hnd=0xa73bc840, share_fd=42, share_attr_fd=43, magic=51647890, format=1, internal_format=1, byte_stride=960, flags=4, usage=0x10200, size=230400, width=240, height=240, internalWidth=240, internalHeight=240, stride=240, base=0xa88fa000, writeOwner=0, attr_base=0xffffffff, yuv_info=1, fd=-1, buf_idx=0, offset=0, min_pgsz=4096, phyaddr=0
05-23 15:33:52.160   279   279 E HWComposer: getLayerReleaseFence: Invalid display
05-23 15:33:52.160   279   279 I chatty  : uid=1000(system) /system/bin/surfaceflinger identical 2 lines
05-23 15:33:52.160   279   279 E HWComposer: getLayerReleaseFence: Invalid display
05-23 15:33:52.160   313  2005 I SPRDAVCEncoder: H264EncStrmEncode[27832] 3ms, in {0xa88fa000-0x10070000, 240x240, 5}, out {0xa894e000-291, 1}, wh{0, 0}, xy{0, 0}
05-23 15:33:52.167   313   650 I gralloc : Registering handle 0xa73bc840 coming from the same process
05-23 15:33:52.167   313   650 I gralloc : gralloc_unregister_buffer hnd=0xa73bc900, share_fd=36, share_attr_fd=37, magic=51647890, format=1, internal_format=1, byte_stride=960, flags=4, usage=0x10200, size=230400, width=240, height=240, internalWidth=240, internalHeight=240, stride=240, base=0xa8624000, writeOwner=0, attr_base=0xffffffff, yuv_info=1, fd=-1, buf_idx=0, offset=0, min_pgsz=4096, phyaddr=0
05-23 15:33:52.185   279   279 E HWComposer: getLayerReleaseFence: Invalid display
05-23 15:33:52.185   279   279 I chatty  : uid=1000(system) /system/bin/surfaceflinger identical 2 lines
05-23 15:33:52.185   279   279 E HWComposer: getLayerReleaseFence: Invalid display
05-23 15:33:52.186   313  2005 I SPRDAVCEncoder: H264EncStrmEncode[27833] 5ms, in {0xa8624000-0x10070000, 240x240, 5}, out {0xa894e000-291, 1}, wh{0, 0}, xy{0, 0}
05-23 15:33:52.193   313   650 I gralloc : Registering handle 0xa73bc900 coming from the same process
05-23 15:33:52.193   313   650 I gralloc : gralloc_unregister_buffer hnd=0xa73bc600, share_fd=38, share_attr_fd=39, magic=51647890, format=1, internal_format=1, byte_stride=960, flags=4, usage=0x10200, size=230400, width=240, height=240, internalWidth=240, internalHeight=240, stride=240, base=0xa88fa000, writeOwner=0, attr_base=0xffffffff, yuv_info=1, fd=-1, buf_idx=0, offset=0, min_pgsz=4096, phyaddr=0
05-23 15:33:52.211   313  2005 I SPRDAVCEncoder: H264EncStrmEncode[27834] 0ms, in {0xa88fa000-0x10070000, 240x240, 5}, out {0xa894e000-291, 1}, wh{0, 0}, xy{0, 0}
05-23 15:33:52.215   279   279 E HWComposer: getLayerReleaseFence: Invalid display
05-23 15:33:52.215   279   279 I chatty  : uid=1000(system) /system/bin/surfaceflinger identical 2 lines
05-23 15:33:52.215   279   279 E HWComposer: getLayerReleaseFence: Invalid display
05-23 15:33:52.222   313   650 I gralloc : Registering handle 0xa73bc600 coming from the same process
05-23 15:33:52.222   313   650 I gralloc : gralloc_unregister_buffer hnd=0xa73bc6c0, share_fd=44, share_attr_fd=45, magic=51647890, format=1, internal_format=1, byte_stride=960, flags=4, usage=0x10200, size=230400, width=240, height=240, internalWidth=240, internalHeight=240, stride=240, base=0xa8624000, writeOwner=0, attr_base=0xffffffff, yuv_info=1, fd=-1, buf_idx=0, offset=0, min_pgsz=4096, phyaddr=0
05-23 15:33:52.244   279   279 E HWComposer: getLayerReleaseFence: Invalid display
05-23 15:33:52.244   279   279 I chatty  : uid=1000(system) /system/bin/surfaceflinger identical 2 lines
05-23 15:33:52.244   279   279 E HWComposer: getLayerReleaseFence: Invalid display
05-23 15:33:52.245   313  2005 I SPRDAVCEncoder: H264EncStrmEncode[27835] 5ms, in {0xa8624000-0x10070000, 240x240, 5}, out {0xa894e000-291, 1}, wh{0, 0}, xy{0, 0}
05-23 15:33:52.251   313   650 I gralloc : Registering handle 0xa73bc6c0 coming from the same process
05-23 15:33:52.252   313   650 I gralloc : gralloc_unregister_buffer hnd=0xa73bc780, share_fd=40, share_attr_fd=41, magic=51647890, format=1, internal_format=1, byte_stride=960, flags=4, usage=0x10200, size=230400, width=240, height=240, internalWidth=240, internalHeight=240, stride=240, base=0xa88fa000, writeOwner=0, attr_base=0xffffffff, yuv_info=1, fd=-1, buf_idx=0, offset=0, min_pgsz=4096, phyaddr=0
05-23 15:33:52.268   313  2005 I SPRDAVCEncoder: H264EncStrmEncode[27836] 0ms, in {0xa88fa000-0x10070000, 240x240, 5}, out {0xa894e000-291, 1}, wh{0, 0}, xy{0, 0}
05-23 15:33:52.270   279   279 E HWComposer: getLayerReleaseFence: Invalid display
05-23 15:33:52.270   279   279 I chatty  : uid=1000(system) /system/bin/surfaceflinger identical 2 lines
05-23 15:33:52.270   279   279 E HWComposer: getLayerReleaseFence: Invalid display
05-23 15:33:52.277   313   650 I gralloc : Registering handle 0xa73bc780 coming from the same process
05-23 15:33:52.277   313   650 I gralloc : gralloc_unregister_buffer hnd=0xa73bc840, share_fd=42, share_attr_fd=43, magic=51647890, format=1, internal_format=1, byte_stride=960, flags=4, usage=0x10200, size=230400, width=240, height=240, internalWidth=240, internalHeight=240, stride=240, base=0xa8624000, writeOwner=0, attr_base=0xffffffff, yuv_info=1, fd=-1, buf_idx=0, offset=0, min_pgsz=4096, phyaddr=0
05-23 15:33:52.299   279   279 E HWComposer: getLayerReleaseFence: Invalid display
05-23 15:33:52.300   279   279 I chatty  : uid=1000(system) /system/bin/surfaceflinger identical 2 lines
05-23 15:33:52.300   279   279 E HWComposer: getLayerReleaseFence: Invalid display
05-23 15:33:52.301   313  2005 I SPRDAVCEncoder: H264EncStrmEncode[27837] 4ms, in {0xa8624000-0x10070000, 240x240, 5}, out {0xa894e000-291, 1}, wh{0, 0}, xy{0, 0}
05-23 15:33:52.306   313   650 I gralloc : Registering handle 0xa73bc840 coming from the same process
05-23 15:33:52.306   313   650 I gralloc : gralloc_unregister_buffer hnd=0xa73bc900, share_fd=36, share_attr_fd=37, magic=51647890, format=1, internal_format=1, byte_stride=960, flags=4, usage=0x10200, size=230400, width=240, height=240, internalWidth=240, internalHeight=240, stride=240, base=0xa88fa000, writeOwner=0, attr_base=0xffffffff, yuv_info=1, fd=-1, buf_idx=0, offset=0, min_pgsz=4096, phyaddr=0
05-23 15:33:52.324   313  2005 I SPRDAVCEncoder: H264EncStrmEncode[27838] 0ms, in {0xa88fa000-0x10070000, 240x240, 5}, out {0xa894e000-291, 1}, wh{0, 0}, xy{0, 0}
05-23 15:33:52.326   279   279 E HWComposer: getLayerReleaseFence: Invalid display
05-23 15:33:52.326   279   279 I chatty  : uid=1000(system) /system/bin/surfaceflinger identical 2 lines
05-23 15:33:52.326   279   279 E HWComposer: getLayerReleaseFence: Invalid display
05-23 15:33:52.331   313   650 I gralloc : Registering handle 0xa73bc900 coming from the same process
05-23 15:33:52.331   313   650 I gralloc : gralloc_unregister_buffer hnd=0xa73bc600, share_fd=38, share_attr_fd=39, magic=51647890, format=1, internal_format=1, byte_stride=960, flags=4, usage=0x10200, size=230400, width=240, height=240, internalWidth=240, internalHeight=240, stride=240, base=0xa8624000, writeOwner=0, attr_base=0xffffffff, yuv_info=1, fd=-1, buf_idx=0, offset=0, min_pgsz=4096, phyaddr=0
05-23 15:33:52.352   313  2005 I SPRDAVCEncoder: H264EncStrmEncode[27839] 0ms, in {0xa8624000-0x10070000, 240x240, 5}, out {0xa894e000-291, 1}, wh{0, 0}, xy{0, 0}
05-23 15:33:52.355   279   279 E HWComposer: getLayerReleaseFence: Invalid display
05-23 15:33:52.355   279   279 I chatty  : uid=1000(system) /system/bin/surfaceflinger identical 2 lines
05-23 15:33:52.355   279   279 E HWComposer: getLayerReleaseFence: Invalid display
05-23 15:33:52.362   313   650 I gralloc : Registering handle 0xa73bc600 coming from the same process
05-23 15:33:52.363   313   650 I gralloc : gralloc_unregister_buffer hnd=0xa73bc6c0, share_fd=44, share_attr_fd=45, magic=51647890, format=1, internal_format=1, byte_stride=960, flags=4, usage=0x10200, size=230400, width=240, height=240, internalWidth=240, internalHeight=240, stride=240, base=0xa88fa000, writeOwner=0, attr_base=0xffffffff, yuv_info=1, fd=-1, buf_idx=0, offset=0, min_pgsz=4096, phyaddr=0
05-23 15:33:52.387   313  2005 I SPRDAVCEncoder: H264EncStrmEncode[27840] 1ms, in {0xa88fa000-0x10070000, 240x240, 5}, out {0xa894e000-291, 1}, wh{0, 0}, xy{0, 0}
05-23 15:33:52.389   279   279 E HWComposer: getLayerReleaseFence: Invalid display
05-23 15:33:52.389   279   279 I chatty  : uid=1000(system) /system/bin/surfaceflinger identical 2 lines
05-23 15:33:52.390   279   279 E HWComposer: getLayerReleaseFence: Invalid display
05-23 15:33:52.395   313   650 I gralloc : Registering handle 0xa73bc6c0 coming from the same process
05-23 15:33:52.395   313   650 I gralloc : gralloc_unregister_buffer hnd=0xa73bc780, share_fd=40, share_attr_fd=41, magic=51647890, format=1, internal_format=1, byte_stride=960, flags=4, usage=0x10200, size=230400, width=240, height=240, internalWidth=240, internalHeight=240, stride=240, base=0xa8624000, writeOwner=0, attr_base=0xffffffff, yuv_info=1, fd=-1, buf_idx=0, offset=0, min_pgsz=4096, phyaddr=0
05-23 15:33:52.403   318   928 E LIBGPS  : read socet_client error: Try again
05-23 15:33:52.411   313  2005 I SPRDAVCEncoder: H264EncStrmEncode[27841] 0ms, in {0xa8624000-0x10070000, 240x240, 5}, out {0xa894e000-291, 1}, wh{0, 0}, xy{0, 0}
05-23 15:33:52.413   279   279 E HWComposer: getLayerReleaseFence: Invalid display
05-23 15:33:52.413   279   279 I chatty  : uid=1000(system) /system/bin/surfaceflinger identical 2 lines
05-23 15:33:52.413   279   279 E HWComposer: getLayerReleaseFence: Invalid display
05-23 15:33:52.418   313   650 I gralloc : Registering handle 0xa73bc780 coming from the same process
05-23 15:33:52.418   313   650 I gralloc : gralloc_unregister_buffer hnd=0xa73bc840, share_fd=42, share_attr_fd=43, magic=51647890, format=1, internal_format=1, byte_stride=960, flags=4, usage=0x10200, size=230400, width=240, height=240, internalWidth=240, internalHeight=240, stride=240, base=0xa88fa000, writeOwner=0, attr_base=0xffffffff, yuv_info=1, fd=-1, buf_idx=0, offset=0, min_pgsz=4096, phyaddr=0
05-23 15:33:52.440   313  2005 I SPRDAVCEncoder: H264EncStrmEncode[27842] 0ms, in {0xa88fa000-0x10070000, 240x240, 5}, out {0xa894e000-291, 1}, wh{0, 0}, xy{0, 0}
05-23 15:33:52.442   279   279 E HWComposer: getLayerReleaseFence: Invalid display
05-23 15:33:52.443   279   279 I chatty  : uid=1000(system) /system/bin/surfaceflinger identical 2 lines
05-23 15:33:52.443   279   279 E HWComposer: getLayerReleaseFence: Invalid display
05-23 15:33:52.451   313   650 I gralloc : Registering handle 0xa73bc840 coming from the same process
05-23 15:33:52.451   313   650 I gralloc : gralloc_unregister_buffer hnd=0xa73bc900, share_fd=36, share_attr_fd=37, magic=51647890, format=1, internal_format=1, byte_stride=960, flags=4, usage=0x10200, size=230400, width=240, height=240, internalWidth=240, internalHeight=240, stride=240, base=0xa8624000, writeOwner=0, attr_base=0xffffffff, yuv_info=1, fd=-1, buf_idx=0, offset=0, min_pgsz=4096, phyaddr=0
05-23 15:33:52.471   313  2005 I SPRDAVCEncoder: H264EncStrmEncode[27843] 2ms, in {0xa8624000-0x10070000, 240x240, 5}, out {0xa894e000-291, 1}, wh{0, 0}, xy{0, 0}
05-23 15:33:52.474   279   279 E HWComposer: getLayerReleaseFence: Invalid display
05-23 15:33:52.474   279   279 I chatty  : uid=1000(system) /system/bin/surfaceflinger identical 2 lines
05-23 15:33:52.474   279   279 E HWComposer: getLayerReleaseFence: Invalid display
05-23 15:33:52.481   313   650 I gralloc : Registering handle 0xa73bc900 coming from the same process
05-23 15:33:52.481   313   650 I gralloc : gralloc_unregister_buffer hnd=0xa73bc600, share_fd=38, share_attr_fd=39, magic=51647890, format=1, internal_format=1, byte_stride=960, flags=4, usage=0x10200, size=230400, width=240, height=240, internalWidth=240, internalHeight=240, stride=240, base=0xa88fa000, writeOwner=0, attr_base=0xffffffff, yuv_info=1, fd=-1, buf_idx=0, offset=0, min_pgsz=4096, phyaddr=0
05-23 15:33:52.499   313  2005 I SPRDAVCEncoder: H264EncStrmEncode[27844] 1ms, in {0xa88fa000-0x10070000, 240x240, 5}, out {0xa894e000-291, 1}, wh{0, 0}, xy{0, 0}
05-23 15:33:52.503   279   279 E HWComposer: getLayerReleaseFence: Invalid display
05-23 15:33:52.503   279   279 I chatty  : uid=1000(system) /system/bin/surfaceflinger identical 2 lines
05-23 15:33:52.503   279   279 E HWComposer: getLayerReleaseFence: Invalid display
05-23 15:33:52.510   313   650 I gralloc : Registering handle 0xa73bc600 coming from the same process
05-23 15:33:52.510   313   650 I gralloc : gralloc_unregister_buffer hnd=0xa73bc6c0, share_fd=44, share_attr_fd=45, magic=51647890, format=1, internal_format=1, byte_stride=960, flags=4, usage=0x10200, size=230400, width=240, height=240, internalWidth=240, internalHeight=240, stride=240, base=0xa8624000, writeOwner=0, attr_base=0xffffffff, yuv_info=1, fd=-1, buf_idx=0, offset=0, min_pgsz=4096, phyaddr=0
05-23 15:33:52.526   313  2005 I SPRDAVCEncoder: H264EncStrmEncode[27845] 0ms, in {0xa8624000-0x10070000, 240x240, 5}, out {0xa894e000-291, 1}, wh{0, 0}, xy{0, 0}
05-23 15:33:52.530   279   279 E HWComposer: getLayerReleaseFence: Invalid display
05-23 15:33:52.530   279   279 I chatty  : uid=1000(system) /system/bin/surfaceflinger identical 2 lines
05-23 15:33:52.530   279   279 E HWComposer: getLayerReleaseFence: Invalid display
05-23 15:33:52.536   313   650 I gralloc : Registering handle 0xa73bc6c0 coming from the same process
05-23 15:33:52.536   313   650 I gralloc : gralloc_unregister_buffer hnd=0xa73bc780, share_fd=40, share_attr_fd=41, magic=51647890, format=1, internal_format=1, byte_stride=960, flags=4, usage=0x10200, size=230400, width=240, height=240, internalWidth=240, internalHeight=240, stride=240, base=0xa88fa000, writeOwner=0, attr_base=0xffffffff, yuv_info=1, fd=-1, buf_idx=0, offset=0, min_pgsz=4096, phyaddr=0
05-23 15:33:52.555   313  2005 I SPRDAVCEncoder: H264EncStrmEncode[27846] 0ms, in {0xa88fa000-0x10070000, 240x240, 5}, out {0xa894e000-291, 1}, wh{0, 0}, xy{0, 0}
05-23 15:33:52.559   279   279 E HWComposer: getLayerReleaseFence: Invalid display
05-23 15:33:52.559   279   279 I chatty  : uid=1000(system) /system/bin/surfaceflinger identical 2 lines
05-23 15:33:52.559   279   279 E HWComposer: getLayerReleaseFence: Invalid display
05-23 15:33:52.566   313   650 I gralloc : Registering handle 0xa73bc780 coming from the same process
05-23 15:33:52.566   313   650 I gralloc : gralloc_unregister_buffer hnd=0xa73bc840, share_fd=42, share_attr_fd=43, magic=51647890, format=1, internal_format=1, byte_stride=960, flags=4, usage=0x10200, size=230400, width=240, height=240, internalWidth=240, internalHeight=240, stride=240, base=0xa8624000, writeOwner=0, attr_base=0xffffffff, yuv_info=1, fd=-1, buf_idx=0, offset=0, min_pgsz=4096, phyaddr=0
05-23 15:33:52.585   313  2005 I SPRDAVCEncoder: H264EncStrmEncode[27847] 1ms, in {0xa8624000-0x10070000, 240x240, 5}, out {0xa894e000-291, 1}, wh{0, 0}, xy{0, 0}
05-23 15:33:52.588   279   279 E HWComposer: getLayerReleaseFence: Invalid display
05-23 15:33:52.588   279   279 I chatty  : uid=1000(system) /system/bin/surfaceflinger identical 2 lines
05-23 15:33:52.588   279   279 E HWComposer: getLayerReleaseFence: Invalid display
05-23 15:33:52.595   313   650 I gralloc : Registering handle 0xa73bc840 coming from the same process
05-23 15:33:52.595   313   650 I gralloc : gralloc_unregister_buffer hnd=0xa73bc900, share_fd=36, share_attr_fd=37, magic=51647890, format=1, internal_format=1, byte_stride=960, flags=4, usage=0x10200, size=230400, width=240, height=240, internalWidth=240, internalHeight=240, stride=240, base=0xa88fa000, writeOwner=0, attr_base=0xffffffff, yuv_info=1, fd=-1, buf_idx=0, offset=0, min_pgsz=4096, phyaddr=0
05-23 15:33:52.611   313  2005 I SPRDAVCEncoder: H264EncStrmEncode[27848] 0ms, in {0xa88fa000-0x10070000, 240x240, 5}, out {0xa894e000-291, 1}, wh{0, 0}, xy{0, 0}
05-23 15:33:52.614   279   279 E HWComposer: getLayerReleaseFence: Invalid display
05-23 15:33:52.614   279   279 I chatty  : uid=1000(system) /system/bin/surfaceflinger identical 2 lines
05-23 15:33:52.614   279   279 E HWComposer: getLayerReleaseFence: Invalid display
05-23 15:33:52.622   313   650 I gralloc : Registering handle 0xa73bc900 coming from the same process
05-23 15:33:52.622   313   650 I gralloc : gralloc_unregister_buffer hnd=0xa73bc600, share_fd=38, share_attr_fd=39, magic=51647890, format=1, internal_format=1, byte_stride=960, flags=4, usage=0x10200, size=230400, width=240, height=240, internalWidth=240, internalHeight=240, stride=240, base=0xa8624000, writeOwner=0, attr_base=0xffffffff, yuv_info=1, fd=-1, buf_idx=0, offset=0, min_pgsz=4096, phyaddr=0
05-23 15:33:52.640   313  2005 I SPRDAVCEncoder: H264EncStrmEncode[27849] 0ms, in {0xa8624000-0x10070000, 240x240, 5}, out {0xa894e000-291, 1}, wh{0, 0}, xy{0, 0}
05-23 15:33:52.641   279   279 E HWComposer: getLayerReleaseFence: Invalid display
05-23 15:33:52.641   279   279 I chatty  : uid=1000(system) /system/bin/surfaceflinger identical 2 lines
05-23 15:33:52.641   279   279 E HWComposer: getLayerReleaseFence: Invalid display
05-23 15:33:52.647   313   843 I gralloc : Registering handle 0xa73bc600 coming from the same process
05-23 15:33:52.647   313   843 I gralloc : gralloc_unregister_buffer hnd=0xa73bc6c0, share_fd=44, share_attr_fd=45, magic=51647890, format=1, internal_format=1, byte_stride=960, flags=4, usage=0x10200, size=230400, width=240, height=240, internalWidth=240, internalHeight=240, stride=240, base=0xa88fa000, writeOwner=0, attr_base=0xffffffff, yuv_info=1, fd=-1, buf_idx=0, offset=0, min_pgsz=4096, phyaddr=0
05-23 15:33:52.667   313  2005 I SPRDAVCEncoder: H264EncStrmEncode[27850] 0ms, in {0xa88fa000-0x10070000, 240x240, 5}, out {0xa894e000-291, 1}, wh{0, 0}, xy{0, 0}
05-23 15:33:52.668   279   279 E HWComposer: getLayerReleaseFence: Invalid display
05-23 15:33:52.668   279   279 I chatty  : uid=1000(system) /system/bin/surfaceflinger identical 2 lines
05-23 15:33:52.668   279   279 E HWComposer: getLayerReleaseFence: Invalid display
05-23 15:33:52.673   313   650 I gralloc : Registering handle 0xa73bc6c0 coming from the same process
05-23 15:33:52.673   313   650 I gralloc : gralloc_unregister_buffer hnd=0xa73bc780, share_fd=40, share_attr_fd=41, magic=51647890, format=1, internal_format=1, byte_stride=960, flags=4, usage=0x10200, size=230400, width=240, height=240, internalWidth=240, internalHeight=240, stride=240, base=0xa8624000, writeOwner=0, attr_base=0xffffffff, yuv_info=1, fd=-1, buf_idx=0, offset=0, min_pgsz=4096, phyaddr=0
05-23 15:33:52.695   313  2005 I SPRDAVCEncoder: H264EncStrmEncode[27851] 0ms, in {0xa8624000-0x10070000, 240x240, 5}, out {0xa894e000-291, 1}, wh{0, 0}, xy{0, 0}
05-23 15:33:52.697   279   279 E HWComposer: getLayerReleaseFence: Invalid display
05-23 15:33:52.697   279   279 I chatty  : uid=1000(system) /system/bin/surfaceflinger identical 2 lines
05-23 15:33:52.697   279   279 E HWComposer: getLayerReleaseFence: Invalid display
05-23 15:33:52.702   313   843 I gralloc : Registering handle 0xa73bc780 coming from the same process
05-23 15:33:52.702   313   843 I gralloc : gralloc_unregister_buffer hnd=0xa73bc840, share_fd=42, share_attr_fd=43, magic=51647890, format=1, internal_format=1, byte_stride=960, flags=4, usage=0x10200, size=230400, width=240, height=240, internalWidth=240, internalHeight=240, stride=240, base=0xa88fa000, writeOwner=0, attr_base=0xffffffff, yuv_info=1, fd=-1, buf_idx=0, offset=0, min_pgsz=4096, phyaddr=0
05-23 15:33:52.718  1045  1099 I CPVoiceAgent: select: retrun 0
05-23 15:33:52.724   313  2005 I SPRDAVCEncoder: H264EncStrmEncode[27852] 0ms, in {0xa88fa000-0x10070000, 240x240, 5}, out {0xa894e000-291, 1}, wh{0, 0}, xy{0, 0}
05-23 15:33:52.725   279   279 E HWComposer: getLayerReleaseFence: Invalid display
05-23 15:33:52.725   279   279 I chatty  : uid=1000(system) /system/bin/surfaceflinger identical 2 lines
05-23 15:33:52.725   279   279 E HWComposer: getLayerReleaseFence: Invalid display
05-23 15:33:52.730   313   843 I gralloc : Registering handle 0xa73bc840 coming from the same process
05-23 15:33:52.730   313   843 I gralloc : gralloc_unregister_buffer hnd=0xa73bc900, share_fd=36, share_attr_fd=37, magic=51647890, format=1, internal_format=1, byte_stride=960, flags=4, usage=0x10200, size=230400, width=240, height=240, internalWidth=240, internalHeight=240, stride=240, base=0xa8624000, writeOwner=0, attr_base=0xffffffff, yuv_info=1, fd=-1, buf_idx=0, offset=0, min_pgsz=4096, phyaddr=0
05-23 15:33:52.753   313  2005 I SPRDAVCEncoder: H264EncStrmEncode[27853] 0ms, in {0xa8624000-0x10070000, 240x240, 5}, out {0xa894e000-291, 1}, wh{0, 0}, xy{0, 0}
05-23 15:33:52.754   279   279 E HWComposer: getLayerReleaseFence: Invalid display
05-23 15:33:52.754   279   279 I chatty  : uid=1000(system) /system/bin/surfaceflinger identical 2 lines
05-23 15:33:52.754   279   279 E HWComposer: getLayerReleaseFence: Invalid display
05-23 15:33:52.759   313   843 I gralloc : Registering handle 0xa73bc900 coming from the same process
05-23 15:33:52.759   313   843 I gralloc : gralloc_unregister_buffer hnd=0xa73bc600, share_fd=38, share_attr_fd=39, magic=51647890, format=1, internal_format=1, byte_stride=960, flags=4, usage=0x10200, size=230400, width=240, height=240, internalWidth=240, internalHeight=240, stride=240, base=0xa88fa000, writeOwner=0, attr_base=0xffffffff, yuv_info=1, fd=-1, buf_idx=0, offset=0, min_pgsz=4096, phyaddr=0
05-23 15:33:52.781   313  2005 I SPRDAVCEncoder: H264EncStrmEncode[27854] 0ms, in {0xa88fa000-0x10070000, 240x240, 5}, out {0xa894e000-291, 1}, wh{0, 0}, xy{0, 0}
05-23 15:33:52.782   279   279 E HWComposer: getLayerReleaseFence: Invalid display
05-23 15:33:52.782   279   279 I chatty  : uid=1000(system) /system/bin/surfaceflinger identical 2 lines
05-23 15:33:52.782   279   279 E HWComposer: getLayerReleaseFence: Invalid display
05-23 15:33:52.787   313   843 I gralloc : Registering handle 0xa73bc600 coming from the same process
05-23 15:33:52.787   313   843 I gralloc : gralloc_unregister_buffer hnd=0xa73bc6c0, share_fd=44, share_attr_fd=45, magic=51647890, format=1, internal_format=1, byte_stride=960, flags=4, usage=0x10200, size=230400, width=240, height=240, internalWidth=240, internalHeight=240, stride=240, base=0xa8624000, writeOwner=0, attr_base=0xffffffff, yuv_info=1, fd=-1, buf_idx=0, offset=0, min_pgsz=4096, phyaddr=0
05-23 15:33:52.810   313  2005 I SPRDAVCEncoder: H264EncStrmEncode[27855] 0ms, in {0xa8624000-0x10070000, 240x240, 5}, out {0xa894e000-291, 1}, wh{0, 0}, xy{0, 0}
05-23 15:33:52.813   279   279 E HWComposer: getLayerReleaseFence: Invalid display
05-23 15:33:52.813   279   279 I chatty  : uid=1000(system) /system/bin/surfaceflinger identical 2 lines
05-23 15:33:52.813   279   279 E HWComposer: getLayerReleaseFence: Invalid display
05-23 15:33:52.821   313   843 I gralloc : Registering handle 0xa73bc6c0 coming from the same process
05-23 15:33:52.821   313   843 I gralloc : gralloc_unregister_buffer hnd=0xa73bc780, share_fd=40, share_attr_fd=41, magic=51647890, format=1, internal_format=1, byte_stride=960, flags=4, usage=0x10200, size=230400, width=240, height=240, internalWidth=240, internalHeight=240, stride=240, base=0xa88fa000, writeOwner=0, attr_base=0xffffffff, yuv_info=1, fd=-1, buf_idx=0, offset=0, min_pgsz=4096, phyaddr=0
05-23 15:33:52.841   279   279 E HWComposer: getLayerReleaseFence: Invalid display
05-23 15:33:52.841   279   279 I chatty  : uid=1000(system) /system/bin/surfaceflinger identical 2 lines
05-23 15:33:52.841   279   279 E HWComposer: getLayerReleaseFence: Invalid display
05-23 15:33:52.844   313  2005 I SPRDAVCEncoder: H264EncStrmEncode[27856] 3ms, in {0xa88fa000-0x10070000, 240x240, 5}, out {0xa894e000-291, 1}, wh{0, 0}, xy{0, 0}
05-23 15:33:52.848   313   843 I gralloc : Registering handle 0xa73bc780 coming from the same process
05-23 15:33:52.849   313   843 I gralloc : gralloc_unregister_buffer hnd=0xa73bc840, share_fd=42, share_attr_fd=43, magic=51647890, format=1, internal_format=1, byte_stride=960, flags=4, usage=0x10200, size=230400, width=240, height=240, internalWidth=240, internalHeight=240, stride=240, base=0xa8624000, writeOwner=0, attr_base=0xffffffff, yuv_info=1, fd=-1, buf_idx=0, offset=0, min_pgsz=4096, phyaddr=0
05-23 15:33:52.869   279   279 E HWComposer: getLayerReleaseFence: Invalid display
