05-23 15:33:49.811   279   279 E HWComposer: getLayerReleaseFence: Invalid display
05-23 15:33:49.811   279   279 I chatty  : uid=1000(system) /system/bin/surfaceflinger identical 2 lines
05-23 15:33:49.811   279   279 E HWComposer: getLayerReleaseFence: Invalid display
05-23 15:33:49.817   313   650 I gralloc : Registering handle 0xa73bc840 coming from the same process
05-23 15:33:49.818   313   650 I gralloc : gralloc_unregister_buffer hnd=0xa73bc900, share_fd=36, share_attr_fd=37, magic=51647890, format=1, internal_format=1, byte_stride=960, flags=4, usage=0x10200, size=230400, width=240, height=240, internalWidth=240, internalHeight=240, stride=240, base=0xa8624000, writeOwner=0, attr_base=0xffffffff, yuv_info=1, fd=-1, buf_idx=0, offset=0, min_pgsz=4096, phyaddr=0
05-23 15:33:49.835   313  2005 I SPRDAVCEncoder: H264EncStrmEncode[27753] 0ms, in {0xa8624000-0x10070000, 240x240, 5}, out {0xa894e000-291, 1}, wh{0, 0}, xy{0, 0}
05-23 15:33:49.838   279   279 E HWComposer: getLayerReleaseFence: Invalid display
05-23 15:33:49.838   279   279 I chatty  : uid=1000(system) /system/bin/surfaceflinger identical 2 lines
05-23 15:33:49.838   279   279 E HWComposer: getLayerReleaseFence: Invalid display
05-23 15:33:49.845   313   650 I gralloc : Registering handle 0xa73bc900 coming from the same process
05-23 15:33:49.846   313   650 I gralloc : gralloc_unregister_buffer hnd=0xa73bc600, share_fd=38, share_attr_fd=39, magic=51647890, format=1, internal_format=1, byte_stride=960, flags=4, usage=0x10200, size=230400, width=240, height=240, internalWidth=240, internalHeight=240, stride=240, base=0xa88fa000, writeOwner=0, attr_base=0xffffffff, yuv_info=1, fd=-1, buf_idx=0, offset=0, min_pgsz=4096, phyaddr=0
05-23 15:33:49.857   799   900 I sysui_multi_action: [757,1093,758,4,793,1003,1094,605552640,1095,4]
05-23 15:33:49.870   279   279 E HWComposer: getLayerReleaseFence: Invalid display
05-23 15:33:49.870   279   279 I chatty  : uid=1000(system) /system/bin/surfaceflinger identical 2 lines
05-23 15:33:49.870   279   279 E HWComposer: getLayerReleaseFence: Invalid display
05-23 15:33:49.873   313  2005 I SPRDAVCEncoder: H264EncStrmEncode[27754] 2ms, in {0xa88fa000-0x10070000, 240x240, 5}, out {0xa894e000-291, 1}, wh{0, 0}, xy{0, 0}
05-23 15:33:49.877   313   650 I gralloc : Registering handle 0xa73bc600 coming from the same process
05-23 15:33:49.877   313   650 I gralloc : gralloc_unregister_buffer hnd=0xa73bc6c0, share_fd=44, share_attr_fd=45, magic=51647890, format=1, internal_format=1, byte_stride=960, flags=4, usage=0x10200, size=230400, width=240, height=240, internalWidth=240, internalHeight=240, stride=240, base=0xa8624000, writeOwner=0, attr_base=0xffffffff, yuv_info=1, fd=-1, buf_idx=0, offset=0, min_pgsz=4096, phyaddr=0
05-23 15:33:49.906   313  2005 I SPRDAVCEncoder: H264EncStrmEncode[27755] 0ms, in {0xa8624000-0x10070000, 240x240, 5}, out {0xa894e000-291, 1}, wh{0, 0}, xy{0, 0}
05-23 15:33:49.908   279   279 E HWComposer: getLayerReleaseFence: Invalid display
05-23 15:33:49.908   279   279 I chatty  : uid=1000(system) /system/bin/surfaceflinger identical 2 lines
05-23 15:33:49.908   279   279 E HWComposer: getLayerReleaseFence: Invalid display
05-23 15:33:49.915   313   843 I gralloc : Registering handle 0xa73bc6c0 coming from the same process
05-23 15:33:49.915   313   843 I gralloc : gralloc_unregister_buffer hnd=0xa73bc780, share_fd=40, share_attr_fd=41, magic=51647890, format=1, internal_format=1, byte_stride=960, flags=4, usage=0x10200, size=230400, width=240, height=240, internalWidth=240, internalHeight=240, stride=240, base=0xa88fa000, writeOwner=0, attr_base=0xffffffff, yuv_info=1, fd=-1, buf_idx=0, offset=0, min_pgsz=4096, phyaddr=0
05-23 15:33:49.941   313  2005 I SPRDAVCEncoder: H264EncStrmEncode[27756] 2ms, in {0xa88fa000-0x10070000, 240x240, 5}, out {0xa894e000-291, 1}, wh{0, 0}, xy{0, 0}
05-23 15:33:49.942   279   279 E HWComposer: getLayerReleaseFence: Invalid display
05-23 15:33:49.943   279   279 I chatty  : uid=1000(system) /system/bin/surfaceflinger identical 2 lines
05-23 15:33:49.943   279   279 E HWComposer: getLayerReleaseFence: Invalid display
05-23 15:33:49.949   313   843 I gralloc : Registering handle 0xa73bc780 coming from the same process
05-23 15:33:49.949   313   843 I gralloc : gralloc_unregister_buffer hnd=0xa73bc840, share_fd=42, share_attr_fd=43, magic=51647890, format=1, internal_format=1, byte_stride=960, flags=4, usage=0x10200, size=230400, width=240, height=240, internalWidth=240, internalHeight=240, stride=240, base=0xa8624000, writeOwner=0, attr_base=0xffffffff, yuv_info=1, fd=-1, buf_idx=0, offset=0, min_pgsz=4096, phyaddr=0
05-23 15:33:49.963   313  2005 I SPRDAVCEncoder: H264EncStrmEncode[27757] 0ms, in {0xa8624000-0x10070000, 240x240, 5}, out {0xa894e000-291, 1}, wh{0, 0}, xy{0, 0}
05-23 15:33:49.965   279   279 E HWComposer: getLayerReleaseFence: Invalid display
05-23 15:33:49.965   279   279 I chatty  : uid=1000(system) /system/bin/surfaceflinger identical 2 lines
05-23 15:33:49.965   279   279 E HWComposer: getLayerReleaseFence: Invalid display
05-23 15:33:49.971   313   843 I gralloc : Registering handle 0xa73bc840 coming from the same process
05-23 15:33:49.971   313   843 I gralloc : gralloc_unregister_buffer hnd=0xa73bc900, share_fd=36, share_attr_fd=37, magic=51647890, format=1, internal_format=1, byte_stride=960, flags=4, usage=0x10200, size=230400, width=240, height=240, internalWidth=240, internalHeight=240, stride=240, base=0xa88fa000, writeOwner=0, attr_base=0xffffffff, yuv_info=1, fd=-1, buf_idx=0, offset=0, min_pgsz=4096, phyaddr=0
05-23 15:33:49.992   279   279 E HWComposer: getLayerReleaseFence: Invalid display
05-23 15:33:49.992   279   279 I chatty  : uid=1000(system) /system/bin/surfaceflinger identical 2 lines
05-23 15:33:49.992   279   279 E HWComposer: getLayerReleaseFence: Invalid display
05-23 15:33:49.993   313  2005 I SPRDAVCEncoder: H264EncStrmEncode[27758] 3ms, in {0xa88fa000-0x10070000, 240x240, 5}, out {0xa894e000-291, 1}, wh{0, 0}, xy{0, 0}
05-23 15:33:49.999   313   650 I gralloc : Registering handle 0xa73bc900 coming from the same process
05-23 15:33:50.000   313   650 I gralloc : gralloc_unregister_buffer hnd=0xa73bc600, share_fd=38, share_attr_fd=39, magic=51647890, format=1, internal_format=1, byte_stride=960, flags=4, usage=0x10200, size=230400, width=240, height=240, internalWidth=240, internalHeight=240, stride=240, base=0xa8624000, writeOwner=0, attr_base=0xffffffff, yuv_info=1, fd=-1, buf_idx=0, offset=0, min_pgsz=4096, phyaddr=0
05-23 15:33:50.024   279   279 E HWComposer: getLayerReleaseFence: Invalid display
05-23 15:33:50.024   279   279 I chatty  : uid=1000(system) /system/bin/surfaceflinger identical 2 lines
05-23 15:33:50.024   279   279 E HWComposer: getLayerReleaseFence: Invalid display
05-23 15:33:50.028   313  2005 I SPRDAVCEncoder: H264EncStrmEncode[27759] 4ms, in {0xa8624000-0x10070000, 240x240, 5}, out {0xa894e000-291, 1}, wh{0, 0}, xy{0, 0}
05-23 15:33:50.033   313   650 I gralloc : Registering handle 0xa73bc600 coming from the same process
05-23 15:33:50.033   313   650 I gralloc : gralloc_unregister_buffer hnd=0xa73bc6c0, share_fd=44, share_attr_fd=45, magic=51647890, format=1, internal_format=1, byte_stride=960, flags=4, usage=0x10200, size=230400, width=240, height=240, internalWidth=240, internalHeight=240, stride=240, base=0xa88fa000, writeOwner=0, attr_base=0xffffffff, yuv_info=1, fd=-1, buf_idx=0, offset=0, min_pgsz=4096, phyaddr=0
05-23 15:33:50.054   279   279 E HWComposer: getLayerReleaseFence: Invalid display
05-23 15:33:50.054   279   279 I chatty  : uid=1000(system) /system/bin/surfaceflinger identical 2 lines
05-23 15:33:50.054   279   279 E HWComposer: getLayerReleaseFence: Invalid display
05-23 15:33:50.058   313  2005 I SPRDAVCEncoder: H264EncStrmEncode[27760] 4ms, in {0xa88fa000-0x10070000, 240x240, 5}, out {0xa894e000-291, 1}, wh{0, 0}, xy{0, 0}
05-23 15:33:50.063   313   650 I gralloc : Registering handle 0xa73bc6c0 coming from the same process
05-23 15:33:50.063   313   650 I gralloc : gralloc_unregister_buffer hnd=0xa73bc780, share_fd=40, share_attr_fd=41, magic=51647890, format=1, internal_format=1, byte_stride=960, flags=4, usage=0x10200, size=230400, width=240, height=240, internalWidth=240, internalHeight=240, stride=240, base=0xa8624000, writeOwner=0, attr_base=0xffffffff, yuv_info=1, fd=-1, buf_idx=0, offset=0, min_pgsz=4096, phyaddr=0
05-23 15:33:50.083   279   279 E HWComposer: getLayerReleaseFence: Invalid display
05-23 15:33:50.083   279   279 I chatty  : uid=1000(system) /system/bin/surfaceflinger identical 2 lines
05-23 15:33:50.083   279   279 E HWComposer: getLayerReleaseFence: Invalid display
05-23 15:33:50.084   313  2005 I SPRDAVCEncoder: H264EncStrmEncode[27761] 4ms, in {0xa8624000-0x10070000, 240x240, 5}, out {0xa894e000-291, 1}, wh{0, 0}, xy{0, 0}
05-23 15:33:50.093   313   650 I gralloc : Registering handle 0xa73bc780 coming from the same process
05-23 15:33:50.093   313   650 I gralloc : gralloc_unregister_buffer hnd=0xa73bc840, share_fd=42, share_attr_fd=43, magic=51647890, format=1, internal_format=1, byte_stride=960, flags=4, usage=0x10200, size=230400, width=240, height=240, internalWidth=240, internalHeight=240, stride=240, base=0xa88fa000, writeOwner=0, attr_base=0xffffffff, yuv_info=1, fd=-1, buf_idx=0, offset=0, min_pgsz=4096, phyaddr=0
05-23 15:33:50.108   313  2005 I SPRDAVCEncoder: H264EncStrmEncode[27762] 0ms, in {0xa88fa000-0x10070000, 240x240, 5}, out {0xa894e000-291, 1}, wh{0, 0}, xy{0, 0}
05-23 15:33:50.111   279   279 E HWComposer: getLayerReleaseFence: Invalid display
05-23 15:33:50.111   279   279 I chatty  : uid=1000(system) /system/bin/surfaceflinger identical 2 lines
05-23 15:33:50.111   279   279 E HWComposer: getLayerReleaseFence: Invalid display
05-23 15:33:50.117   313   650 I gralloc : Registering handle 0xa73bc840 coming from the same process
05-23 15:33:50.118   313   650 I gralloc : gralloc_unregister_buffer hnd=0xa73bc900, share_fd=36, share_attr_fd=37, magic=51647890, format=1, internal_format=1, byte_stride=960, flags=4, usage=0x10200, size=230400, width=240, height=240, internalWidth=240, internalHeight=240, stride=240, base=0xa8624000, writeOwner=0, attr_base=0xffffffff, yuv_info=1, fd=-1, buf_idx=0, offset=0, min_pgsz=4096, phyaddr=0
05-23 15:33:50.138   313  2005 I SPRDAVCEncoder: H264EncStrmEncode[27763] 0ms, in {0xa8624000-0x10070000, 240x240, 5}, out {0xa894e000-291, 1}, wh{0, 0}, xy{0, 0}
05-23 15:33:50.141   279   279 E HWComposer: getLayerReleaseFence: Invalid display
05-23 15:33:50.141   279   279 I chatty  : uid=1000(system) /system/bin/surfaceflinger identical 2 lines
05-23 15:33:50.141   279   279 E HWComposer: getLayerReleaseFence: Invalid display
05-23 15:33:50.147   313   650 I gralloc : Registering handle 0xa73bc900 coming from the same process
05-23 15:33:50.148   313   650 I gralloc : gralloc_unregister_buffer hnd=0xa73bc600, share_fd=38, share_attr_fd=39, magic=51647890, format=1, internal_format=1, byte_stride=960, flags=4, usage=0x10200, size=230400, width=240, height=240, internalWidth=240, internalHeight=240, stride=240, base=0xa88fa000, writeOwner=0, attr_base=0xffffffff, yuv_info=1, fd=-1, buf_idx=0, offset=0, min_pgsz=4096, phyaddr=0
05-23 15:33:50.162   313  2005 I SPRDAVCEncoder: H264EncStrmEncode[27764] 0ms, in {0xa88fa000-0x10070000, 240x240, 5}, out {0xa894e000-291, 1}, wh{0, 0}, xy{0, 0}
05-23 15:33:50.164   279   279 E HWComposer: getLayerReleaseFence: Invalid display
05-23 15:33:50.164   279   279 I chatty  : uid=1000(system) /system/bin/surfaceflinger identical 2 lines
05-23 15:33:50.164   279   279 E HWComposer: getLayerReleaseFence: Invalid display
05-23 15:33:50.170   313   843 I gralloc : Registering handle 0xa73bc600 coming from the same process
05-23 15:33:50.170   313   843 I gralloc : gralloc_unregister_buffer hnd=0xa73bc6c0, share_fd=44, share_attr_fd=45, magic=51647890, format=1, internal_format=1, byte_stride=960, flags=4, usage=0x10200, size=230400, width=240, height=240, internalWidth=240, internalHeight=240, stride=240, base=0xa8624000, writeOwner=0, attr_base=0xffffffff, yuv_info=1, fd=-1, buf_idx=0, offset=0, min_pgsz=4096, phyaddr=0
05-23 15:33:50.168 18170 18170 D ip_monitor-297: 192.168.0.1 dev wlan0 lladdr 34:f7:16:b6:7a:34 PROBE
05-23 15:33:50.192   313  2005 I SPRDAVCEncoder: H264EncStrmEncode[27765] 0ms, in {0xa8624000-0x10070000, 240x240, 5}, out {0xa894e000-291, 1}, wh{0, 0}, xy{0, 0}
05-23 15:33:50.195   279   279 E HWComposer: getLayerReleaseFence: Invalid display
05-23 15:33:50.195   279   279 I chatty  : uid=1000(system) /system/bin/surfaceflinger identical 2 lines
05-23 15:33:50.195   279   279 E HWComposer: getLayerReleaseFence: Invalid display
05-23 15:33:50.196 18171 18171 D ip_monitor-297: 192.168.0.1 dev wlan0 lladdr 34:f7:16:b6:7a:34 REACHABLE
05-23 15:33:50.202   313   843 I gralloc : Registering handle 0xa73bc6c0 coming from the same process
05-23 15:33:50.203   313   843 I gralloc : gralloc_unregister_buffer hnd=0xa73bc780, share_fd=40, share_attr_fd=41, magic=51647890, format=1, internal_format=1, byte_stride=960, flags=4, usage=0x10200, size=230400, width=240, height=240, internalWidth=240, internalHeight=240, stride=240, base=0xa88fa000, writeOwner=0, attr_base=0xffffffff, yuv_info=1, fd=-1, buf_idx=0, offset=0, min_pgsz=4096, phyaddr=0
05-23 15:33:50.221   313  2005 I SPRDAVCEncoder: H264EncStrmEncode[27766] 0ms, in {0xa88fa000-0x10070000, 240x240, 5}, out {0xa894e000-291, 1}, wh{0, 0}, xy{0, 0}
05-23 15:33:50.223   279   279 E HWComposer: getLayerReleaseFence: Invalid display
05-23 15:33:50.223   279   279 I chatty  : uid=1000(system) /system/bin/surfaceflinger identical 2 lines
05-23 15:33:50.223   279   279 E HWComposer: getLayerReleaseFence: Invalid display
05-23 15:33:50.230   313   843 I gralloc : Registering handle 0xa73bc780 coming from the same process
05-23 15:33:50.230   313   843 I gralloc : gralloc_unregister_buffer hnd=0xa73bc840, share_fd=42, share_attr_fd=43, magic=51647890, format=1, internal_format=1, byte_stride=960, flags=4, usage=0x10200, size=230400, width=240, height=240, internalWidth=240, internalHeight=240, stride=240, base=0xa8624000, writeOwner=0, attr_base=0xffffffff, yuv_info=1, fd=-1, buf_idx=0, offset=0, min_pgsz=4096, phyaddr=0
05-23 15:33:50.252   313  2005 I SPRDAVCEncoder: H264EncStrmEncode[27767] 0ms, in {0xa8624000-0x10070000, 240x240, 5}, out {0xa894e000-291, 1}, wh{0, 0}, xy{0, 0}
05-23 15:33:50.256   279   279 E HWComposer: getLayerReleaseFence: Invalid display
05-23 15:33:50.256   279   279 I chatty  : uid=1000(system) /system/bin/surfaceflinger identical 2 lines
05-23 15:33:50.256   279   279 E HWComposer: getLayerReleaseFence: Invalid display
05-23 15:33:50.264   313   843 I gralloc : Registering handle 0xa73bc840 coming from the same process
05-23 15:33:50.264   313   843 I gralloc : gralloc_unregister_buffer hnd=0xa73bc900, share_fd=36, share_attr_fd=37, magic=51647890, format=1, internal_format=1, byte_stride=960, flags=4, usage=0x10200, size=230400, width=240, height=240, internalWidth=240, internalHeight=240, stride=240, base=0xa88fa000, writeOwner=0, attr_base=0xffffffff, yuv_info=1, fd=-1, buf_idx=0, offset=0, min_pgsz=4096, phyaddr=0
05-23 15:33:50.283   313  2005 I SPRDAVCEncoder: H264EncStrmEncode[27768] 1ms, in {0xa88fa000-0x10070000, 240x240, 5}, out {0xa894e000-291, 1}, wh{0, 0}, xy{0, 0}
05-23 15:33:50.287   279   279 E HWComposer: getLayerReleaseFence: Invalid display
05-23 15:33:50.287   279   279 I chatty  : uid=1000(system) /system/bin/surfaceflinger identical 2 lines
05-23 15:33:50.287   279   279 E HWComposer: getLayerReleaseFence: Invalid display
05-23 15:33:50.294   313   843 I gralloc : Registering handle 0xa73bc900 coming from the same process
05-23 15:33:50.294   313   843 I gralloc : gralloc_unregister_buffer hnd=0xa73bc600, share_fd=38, share_attr_fd=39, magic=51647890, format=1, internal_format=1, byte_stride=960, flags=4, usage=0x10200, size=230400, width=240, height=240, internalWidth=240, internalHeight=240, stride=240, base=0xa8624000, writeOwner=0, attr_base=0xffffffff, yuv_info=1, fd=-1, buf_idx=0, offset=0, min_pgsz=4096, phyaddr=0
05-23 15:33:50.309   313  2005 I SPRDAVCEncoder: H264EncStrmEncode[27769] 0ms, in {0xa8624000-0x10070000, 240x240, 5}, out {0xa894e000-291, 1}, wh{0, 0}, xy{0, 0}
05-23 15:33:50.312   279   279 E HWComposer: getLayerReleaseFence: Invalid display
05-23 15:33:50.312   279   279 I chatty  : uid=1000(system) /system/bin/surfaceflinger identical 2 lines
05-23 15:33:50.312   279   279 E HWComposer: getLayerReleaseFence: Invalid display
05-23 15:33:50.318   313   843 I gralloc : Registering handle 0xa73bc600 coming from the same process
05-23 15:33:50.318   313   843 I gralloc : gralloc_unregister_buffer hnd=0xa73bc6c0, share_fd=44, share_attr_fd=45, magic=51647890, format=1, internal_format=1, byte_stride=960, flags=4, usage=0x10200, size=230400, width=240, height=240, internalWidth=240, internalHeight=240, stride=240, base=0xa88fa000, writeOwner=0, attr_base=0xffffffff, yuv_info=1, fd=-1, buf_idx=0, offset=0, min_pgsz=4096, phyaddr=0
05-23 15:33:50.340   313  2005 I SPRDAVCEncoder: H264EncStrmEncode[27770] 1ms, in {0xa88fa000-0x10070000, 240x240, 5}, out {0xa894e000-291, 1}, wh{0, 0}, xy{0, 0}
05-23 15:33:50.343   279   279 E HWComposer: getLayerReleaseFence: Invalid display
05-23 15:33:50.343   279   279 I chatty  : uid=1000(system) /system/bin/surfaceflinger identical 2 lines
05-23 15:33:50.343   279   279 E HWComposer: getLayerReleaseFence: Invalid display
05-23 15:33:50.351   313   843 I gralloc : Registering handle 0xa73bc6c0 coming from the same process
05-23 15:33:50.351   313   843 I gralloc : gralloc_unregister_buffer hnd=0xa73bc780, share_fd=40, share_attr_fd=41, magic=51647890, format=1, internal_format=1, byte_stride=960, flags=4, usage=0x10200, size=230400, width=240, height=240, internalWidth=240, internalHeight=240, stride=240, base=0xa8624000, writeOwner=0, attr_base=0xffffffff, yuv_info=1, fd=-1, buf_idx=0, offset=0, min_pgsz=4096, phyaddr=0
05-23 15:33:50.370   313  2005 I SPRDAVCEncoder: H264EncStrmEncode[27771] 0ms, in {0xa8624000-0x10070000, 240x240, 5}, out {0xa894e000-291, 1}, wh{0, 0}, xy{0, 0}
05-23 15:33:50.373   279   279 E HWComposer: getLayerReleaseFence: Invalid display
05-23 15:33:50.373   279   279 I chatty  : uid=1000(system) /system/bin/surfaceflinger identical 2 lines
05-23 15:33:50.373   279   279 E HWComposer: getLayerReleaseFence: Invalid display
05-23 15:33:50.381   313   843 I gralloc : Registering handle 0xa73bc780 coming from the same process
05-23 15:33:50.381   313   843 I gralloc : gralloc_unregister_buffer hnd=0xa73bc840, share_fd=42, share_attr_fd=43, magic=51647890, format=1, internal_format=1, byte_stride=960, flags=4, usage=0x10200, size=230400, width=240, height=240, internalWidth=240, internalHeight=240, stride=240, base=0xa88fa000, writeOwner=0, attr_base=0xffffffff, yuv_info=1, fd=-1, buf_idx=0, offset=0, min_pgsz=4096, phyaddr=0
05-23 15:33:50.410   313  2005 I SPRDAVCEncoder: H264EncStrmEncode[27772] 0ms, in {0xa88fa000-0x10070000, 240x240, 5}, out {0xa894e000-291, 1}, wh{0, 0}, xy{0, 0}
05-23 15:33:50.413   279   279 E HWComposer: getLayerReleaseFence: Invalid display
05-23 15:33:50.413   279   279 I chatty  : uid=1000(system) /system/bin/surfaceflinger identical 2 lines
05-23 15:33:50.413   279   279 E HWComposer: getLayerReleaseFence: Invalid display
05-23 15:33:50.421   313   843 I gralloc : Registering handle 0xa73bc840 coming from the same process
05-23 15:33:50.422   313   843 I gralloc : gralloc_unregister_buffer hnd=0xa73bc900, share_fd=36, share_attr_fd=37, magic=51647890, format=1, internal_format=1, byte_stride=960, flags=4, usage=0x10200, size=230400, width=240, height=240, internalWidth=240, internalHeight=240, stride=240, base=0xa8624000, writeOwner=0, attr_base=0xffffffff, yuv_info=1, fd=-1, buf_idx=0, offset=0, min_pgsz=4096, phyaddr=0
05-23 15:33:50.440   313  2005 I SPRDAVCEncoder: H264EncStrmEncode[27773] 1ms, in {0xa8624000-0x10070000, 240x240, 5}, out {0xa894e000-291, 1}, wh{0, 0}, xy{0, 0}
05-23 15:33:50.443   279   279 E HWComposer: getLayerReleaseFence: Invalid display
05-23 15:33:50.443   279   279 I chatty  : uid=1000(system) /system/bin/surfaceflinger identical 2 lines
05-23 15:33:50.444   279   279 E HWComposer: getLayerReleaseFence: Invalid display
05-23 15:33:50.451   313   843 I gralloc : Registering handle 0xa73bc900 coming from the same process
05-23 15:33:50.452   313   843 I gralloc : gralloc_unregister_buffer hnd=0xa73bc600, share_fd=38, share_attr_fd=39, magic=51647890, format=1, internal_format=1, byte_stride=960, flags=4, usage=0x10200, size=230400, width=240, height=240, internalWidth=240, internalHeight=240, stride=240, base=0xa88fa000, writeOwner=0, attr_base=0xffffffff, yuv_info=1, fd=-1, buf_idx=0, offset=0, min_pgsz=4096, phyaddr=0
05-23 15:33:50.465   313  2005 I SPRDAVCEncoder: H264EncStrmEncode[27774] 0ms, in {0xa88fa000-0x10070000, 240x240, 5}, out {0xa894e000-291, 1}, wh{0, 0}, xy{0, 0}
05-23 15:33:50.468   279   279 E HWComposer: getLayerReleaseFence: Invalid display
05-23 15:33:50.468   279   279 I chatty  : uid=1000(system) /system/bin/surfaceflinger identical 2 lines
05-23 15:33:50.468   279   279 E HWComposer: getLayerReleaseFence: Invalid display
05-23 15:33:50.476   313   843 I gralloc : Registering handle 0xa73bc600 coming from the same process
05-23 15:33:50.476   313   843 I gralloc : gralloc_unregister_buffer hnd=0xa73bc6c0, share_fd=44, share_attr_fd=45, magic=51647890, format=1, internal_format=1, byte_stride=960, flags=4, usage=0x10200, size=230400, width=240, height=240, internalWidth=240, internalHeight=240, stride=240, base=0xa8624000, writeOwner=0, attr_base=0xffffffff, yuv_info=1, fd=-1, buf_idx=0, offset=0, min_pgsz=4096, phyaddr=0
05-23 15:33:50.494   313  2005 I SPRDAVCEncoder: H264EncStrmEncode[27775] 1ms, in {0xa8624000-0x10070000, 240x240, 5}, out {0xa894e000-291, 1}, wh{0, 0}, xy{0, 0}
05-23 15:33:50.496   279   279 E HWComposer: getLayerReleaseFence: Invalid display
05-23 15:33:50.497   279   279 I chatty  : uid=1000(system) /system/bin/surfaceflinger identical 2 lines
05-23 15:33:50.497   279   279 E HWComposer: getLayerReleaseFence: Invalid display
05-23 15:33:50.504   313   843 I gralloc : Registering handle 0xa73bc6c0 coming from the same process
05-23 15:33:50.504   313   843 I gralloc : gralloc_unregister_buffer hnd=0xa73bc780, share_fd=40, share_attr_fd=41, magic=51647890, format=1, internal_format=1, byte_stride=960, flags=4, usage=0x10200, size=230400, width=240, height=240, internalWidth=240, internalHeight=240, stride=240, base=0xa88fa000, writeOwner=0, attr_base=0xffffffff, yuv_info=1, fd=-1, buf_idx=0, offset=0, min_pgsz=4096, phyaddr=0
05-23 15:33:50.524   313  2005 I SPRDAVCEncoder: H264EncStrmEncode[27776] 1ms, in {0xa88fa000-0x10070000, 240x240, 5}, out {0xa894e000-291, 1}, wh{0, 0}, xy{0, 0}
05-23 15:33:50.527   279   279 E HWComposer: getLayerReleaseFence: Invalid display
05-23 15:33:50.527   279   279 I chatty  : uid=1000(system) /system/bin/surfaceflinger identical 2 lines
05-23 15:33:50.527   279   279 E HWComposer: getLayerReleaseFence: Invalid display
05-23 15:33:50.535   313   843 I gralloc : Registering handle 0xa73bc780 coming from the same process
05-23 15:33:50.535   313   843 I gralloc : gralloc_unregister_buffer hnd=0xa73bc840, share_fd=42, share_attr_fd=43, magic=51647890, format=1, internal_format=1, byte_stride=960, flags=4, usage=0x10200, size=230400, width=240, height=240, internalWidth=240, internalHeight=240, stride=240, base=0xa8624000, writeOwner=0, attr_base=0xffffffff, yuv_info=1, fd=-1, buf_idx=0, offset=0, min_pgsz=4096, phyaddr=0
05-23 15:33:50.553   313  2005 I SPRDAVCEncoder: H264EncStrmEncode[27777] 1ms, in {0xa8624000-0x10070000, 240x240, 5}, out {0xa894e000-291, 1}, wh{0, 0}, xy{0, 0}
05-23 15:33:50.556   279   279 E HWComposer: getLayerReleaseFence: Invalid display
05-23 15:33:50.556   279   279 I chatty  : uid=1000(system) /system/bin/surfaceflinger identical 2 lines
05-23 15:33:50.556   279   279 E HWComposer: getLayerReleaseFence: Invalid display
05-23 15:33:50.564   313   843 I gralloc : Registering handle 0xa73bc840 coming from the same process
05-23 15:33:50.564   313   843 I gralloc : gralloc_unregister_buffer hnd=0xa73bc900, share_fd=36, share_attr_fd=37, magic=51647890, format=1, internal_format=1, byte_stride=960, flags=4, usage=0x10200, size=230400, width=240, height=240, internalWidth=240, internalHeight=240, stride=240, base=0xa88fa000, writeOwner=0, attr_base=0xffffffff, yuv_info=1, fd=-1, buf_idx=0, offset=0, min_pgsz=4096, phyaddr=0
05-23 15:33:50.582   313  2005 I SPRDAVCEncoder: H264EncStrmEncode[27778] 0ms, in {0xa88fa000-0x10070000, 240x240, 5}, out {0xa894e000-291, 1}, wh{0, 0}, xy{0, 0}
05-23 15:33:50.585   279   279 E HWComposer: getLayerReleaseFence: Invalid display
05-23 15:33:50.586   279   279 I chatty  : uid=1000(system) /system/bin/surfaceflinger identical 2 lines
05-23 15:33:50.586   279   279 E HWComposer: getLayerReleaseFence: Invalid display
05-23 15:33:50.593   313   843 I gralloc : Registering handle 0xa73bc900 coming from the same process
05-23 15:33:50.593   313   843 I gralloc : gralloc_unregister_buffer hnd=0xa73bc600, share_fd=38, share_attr_fd=39, magic=51647890, format=1, internal_format=1, byte_stride=960, flags=4, usage=0x10200, size=230400, width=240, height=240, internalWidth=240, internalHeight=240, stride=240, base=0xa8624000, writeOwner=0, attr_base=0xffffffff, yuv_info=1, fd=-1, buf_idx=0, offset=0, min_pgsz=4096, phyaddr=0
05-23 15:33:50.610   313  2005 I SPRDAVCEncoder: H264EncStrmEncode[27779] 0ms, in {0xa8624000-0x10070000, 240x240, 5}, out {0xa894e000-291, 1}, wh{0, 0}, xy{0, 0}
05-23 15:33:50.614   279   279 E HWComposer: getLayerReleaseFence: Invalid display
05-23 15:33:50.614   279   279 I chatty  : uid=1000(system) /system/bin/surfaceflinger identical 2 lines
05-23 15:33:50.614   279   279 E HWComposer: getLayerReleaseFence: Invalid display
05-23 15:33:50.622   313   843 I gralloc : Registering handle 0xa73bc600 coming from the same process
05-23 15:33:50.622   313   843 I gralloc : gralloc_unregister_buffer hnd=0xa73bc6c0, share_fd=44, share_attr_fd=45, magic=51647890, format=1, internal_format=1, byte_stride=960, flags=4, usage=0x10200, size=230400, width=240, height=240, internalWidth=240, internalHeight=240, stride=240, base=0xa88fa000, writeOwner=0, attr_base=0xffffffff, yuv_info=1, fd=-1, buf_idx=0, offset=0, min_pgsz=4096, phyaddr=0
05-23 15:33:50.638   313  2005 I SPRDAVCEncoder: H264EncStrmEncode[27780] 0ms, in {0xa88fa000-0x10070000, 240x240, 5}, out {0xa894e000-291, 1}, wh{0, 0}, xy{0, 0}
05-23 15:33:50.641   279   279 E HWComposer: getLayerReleaseFence: Invalid display
05-23 15:33:50.641   279   279 I chatty  : uid=1000(system) /system/bin/surfaceflinger identical 2 lines
05-23 15:33:50.641   279   279 E HWComposer: getLayerReleaseFence: Invalid display
05-23 15:33:50.648   313   843 I gralloc : Registering handle 0xa73bc6c0 coming from the same process
05-23 15:33:50.648   313   843 I gralloc : gralloc_unregister_buffer hnd=0xa73bc780, share_fd=40, share_attr_fd=41, magic=51647890, format=1, internal_format=1, byte_stride=960, flags=4, usage=0x10200, size=230400, width=240, height=240, internalWidth=240, internalHeight=240, stride=240, base=0xa8624000, writeOwner=0, attr_base=0xffffffff, yuv_info=1, fd=-1, buf_idx=0, offset=0, min_pgsz=4096, phyaddr=0
05-23 15:33:50.667   313  2005 I SPRDAVCEncoder: H264EncStrmEncode[27781] 0ms, in {0xa8624000-0x10070000, 240x240, 5}, out {0xa894e000-291, 1}, wh{0, 0}, xy{0, 0}
05-23 15:33:50.670   279   279 E HWComposer: getLayerReleaseFence: Invalid display
05-23 15:33:50.670   279   279 I chatty  : uid=1000(system) /system/bin/surfaceflinger identical 2 lines
05-23 15:33:50.670   279   279 E HWComposer: getLayerReleaseFence: Invalid display
05-23 15:33:50.677   313   843 I gralloc : Registering handle 0xa73bc780 coming from the same process
05-23 15:33:50.677   313   843 I gralloc : gralloc_unregister_buffer hnd=0xa73bc840, share_fd=42, share_attr_fd=43, magic=51647890, format=1, internal_format=1, byte_stride=960, flags=4, usage=0x10200, size=230400, width=240, height=240, internalWidth=240, internalHeight=240, stride=240, base=0xa88fa000, writeOwner=0, attr_base=0xffffffff, yuv_info=1, fd=-1, buf_idx=0, offset=0, min_pgsz=4096, phyaddr=0
05-23 15:33:50.696   313  2005 I SPRDAVCEncoder: H264EncStrmEncode[27782] 0ms, in {0xa88fa000-0x10070000, 240x240, 5}, out {0xa894e000-291, 1}, wh{0, 0}, xy{0, 0}
05-23 15:33:50.699   279   279 E HWComposer: getLayerReleaseFence: Invalid display
05-23 15:33:50.699   279   279 I chatty  : uid=1000(system) /system/bin/surfaceflinger identical 2 lines
05-23 15:33:50.699   279   279 E HWComposer: getLayerReleaseFence: Invalid display
05-23 15:33:50.706   313   843 I gralloc : Registering handle 0xa73bc840 coming from the same process
05-23 15:33:50.706   313   843 I gralloc : gralloc_unregister_buffer hnd=0xa73bc900, share_fd=36, share_attr_fd=37, magic=51647890, format=1, internal_format=1, byte_stride=960, flags=4, usage=0x10200, size=230400, width=240, height=240, internalWidth=240, internalHeight=240, stride=240, base=0xa8624000, writeOwner=0, attr_base=0xffffffff, yuv_info=1, fd=-1, buf_idx=0, offset=0, min_pgsz=4096, phyaddr=0
05-23 15:33:50.724   313  2005 I SPRDAVCEncoder: H264EncStrmEncode[27783] 1ms, in {0xa8624000-0x10070000, 240x240, 5}, out {0xa894e000-291, 1}, wh{0, 0}, xy{0, 0}
05-23 15:33:50.727   279   279 E HWComposer: getLayerReleaseFence: Invalid display
05-23 15:33:50.727   279   279 I chatty  : uid=1000(system) /system/bin/surfaceflinger identical 2 lines
05-23 15:33:50.727   279   279 E HWComposer: getLayerReleaseFence: Invalid display
05-23 15:33:50.734   313   843 I gralloc : Registering handle 0xa73bc900 coming from the same process
05-23 15:33:50.734   313   843 I gralloc : gralloc_unregister_buffer hnd=0xa73bc600, share_fd=38, share_attr_fd=39, magic=51647890, format=1, internal_format=1, byte_stride=960, flags=4, usage=0x10200, size=230400, width=240, height=240, internalWidth=240, internalHeight=240, stride=240, base=0xa88fa000, writeOwner=0, attr_base=0xffffffff, yuv_info=1, fd=-1, buf_idx=0, offset=0, min_pgsz=4096, phyaddr=0
05-23 15:33:50.752   313  2005 I SPRDAVCEncoder: H264EncStrmEncode[27784] 0ms, in {0xa88fa000-0x10070000, 240x240, 5}, out {0xa894e000-291, 1}, wh{0, 0}, xy{0, 0}
05-23 15:33:50.755   279   279 E HWComposer: getLayerReleaseFence: Invalid display
05-23 15:33:50.755   279   279 I chatty  : uid=1000(system) /system/bin/surfaceflinger identical 2 lines
05-23 15:33:50.755   279   279 E HWComposer: getLayerReleaseFence: Invalid display
05-23 15:33:50.763   313   843 I gralloc : Registering handle 0xa73bc600 coming from the same process
05-23 15:33:50.763   313   843 I gralloc : gralloc_unregister_buffer hnd=0xa73bc6c0, share_fd=44, share_attr_fd=45, magic=51647890, format=1, internal_format=1, byte_stride=960, flags=4, usage=0x10200, size=230400, width=240, height=240, internalWidth=240, internalHeight=240, stride=240, base=0xa8624000, writeOwner=0, attr_base=0xffffffff, yuv_info=1, fd=-1, buf_idx=0, offset=0, min_pgsz=4096, phyaddr=0
05-23 15:33:50.780   313  2005 I SPRDAVCEncoder: H264EncStrmEncode[27785] 0ms, in {0xa8624000-0x10070000, 240x240, 5}, out {0xa894e000-291, 1}, wh{0, 0}, xy{0, 0}
05-23 15:33:50.783   279   279 E HWComposer: getLayerReleaseFence: Invalid display
05-23 15:33:50.783   279   279 I chatty  : uid=1000(system) /system/bin/surfaceflinger identical 2 lines
05-23 15:33:50.783   279   279 E HWComposer: getLayerReleaseFence: Invalid display
05-23 15:33:50.791   313   843 I gralloc : Registering handle 0xa73bc6c0 coming from the same process
05-23 15:33:50.791   313   843 I gralloc : gralloc_unregister_buffer hnd=0xa73bc780, share_fd=40, share_attr_fd=41, magic=51647890, format=1, internal_format=1, byte_stride=960, flags=4, usage=0x10200, size=230400, width=240, height=240, internalWidth=240, internalHeight=240, stride=240, base=0xa88fa000, writeOwner=0, attr_base=0xffffffff, yuv_info=1, fd=-1, buf_idx=0, offset=0, min_pgsz=4096, phyaddr=0
05-23 15:33:50.809   313  2005 I SPRDAVCEncoder: H264EncStrmEncode[27786] 0ms, in {0xa88fa000-0x10070000, 240x240, 5}, out {0xa894e000-291, 1}, wh{0, 0}, xy{0, 0}
05-23 15:33:50.812   279   279 E HWComposer: getLayerReleaseFence: Invalid display
05-23 15:33:50.812   279   279 I chatty  : uid=1000(system) /system/bin/surfaceflinger identical 2 lines
05-23 15:33:50.812   279   279 E HWComposer: getLayerReleaseFence: Invalid display
05-23 15:33:50.819   313   843 I gralloc : Registering handle 0xa73bc780 coming from the same process
05-23 15:33:50.819   313   843 I gralloc : gralloc_unregister_buffer hnd=0xa73bc840, share_fd=42, share_attr_fd=43, magic=51647890, format=1, internal_format=1, byte_stride=960, flags=4, usage=0x10200, size=230400, width=240, height=240, internalWidth=240, internalHeight=240, stride=240, base=0xa8624000, writeOwner=0, attr_base=0xffffffff, yuv_info=1, fd=-1, buf_idx=0, offset=0, min_pgsz=4096, phyaddr=0
05-23 15:33:50.839   313  2005 I SPRDAVCEncoder: H264EncStrmEncode[27787] 0ms, in {0xa8624000-0x10070000, 240x240, 5}, out {0xa894e000-291, 1}, wh{0, 0}, xy{0, 0}
05-23 15:33:50.842   279   279 E HWComposer: getLayerReleaseFence: Invalid display
05-23 15:33:50.842   279   279 I chatty  : uid=1000(system) /system/bin/surfaceflinger identical 2 lines
05-23 15:33:50.842   279   279 E HWComposer: getLayerReleaseFence: Invalid display
05-23 15:33:50.849   313   843 I gralloc : Registering handle 0xa73bc840 coming from the same process
05-23 15:33:50.849   313   843 I gralloc : gralloc_unregister_buffer hnd=0xa73bc900, share_fd=36, share_attr_fd=37, magic=51647890, format=1, internal_format=1, byte_stride=960, flags=4, usage=0x10200, size=230400, width=240, height=240, internalWidth=240, internalHeight=240, stride=240, base=0xa88fa000, writeOwner=0, attr_base=0xffffffff, yuv_info=1, fd=-1, buf_idx=0, offset=0, min_pgsz=4096, phyaddr=0
05-23 15:33:50.871   313  2005 I SPRDAVCEncoder: H264EncStrmEncode[27788] 1ms, in {0xa88fa000-0x10070000, 240x240, 5}, out {0xa894e000-291, 1}, wh{0, 0}, xy{0, 0}
05-23 15:33:50.874   279   279 E HWComposer: getLayerReleaseFence: Invalid display
05-23 15:33:50.874   279   279 I chatty  : uid=1000(system) /system/bin/surfaceflinger identical 2 lines
05-23 15:33:50.874   279   279 E HWComposer: getLayerReleaseFence: Invalid display
05-23 15:33:50.882   313   843 I gralloc : Registering handle 0xa73bc900 coming from the same process
05-23 15:33:50.883   313   843 I gralloc : gralloc_unregister_buffer hnd=0xa73bc600, share_fd=38, share_attr_fd=39, magic=51647890, format=1, internal_format=1, byte_stride=960, flags=4, usage=0x10200, size=230400, width=240, height=240, internalWidth=240, internalHeight=240, stride=240, base=0xa8624000, writeOwner=0, attr_base=0xffffffff, yuv_info=1, fd=-1, buf_idx=0, offset=0, min_pgsz=4096, phyaddr=0
05-23 15:33:50.909   313  2005 I SPRDAVCEncoder: H264EncStrmEncode[27789] 1ms, in {0xa8624000-0x10070000, 240x240, 5}, out {0xa894e000-291, 1}, wh{0, 0}, xy{0, 0}
05-23 15:33:50.912   279   279 E HWComposer: getLayerReleaseFence: Invalid display
05-23 15:33:50.912   279   279 I chatty  : uid=1000(system) /system/bin/surfaceflinger identical 2 lines
05-23 15:33:50.912   279   279 E HWComposer: getLayerReleaseFence: Invalid display
05-23 15:33:50.920   313   843 I gralloc : Registering handle 0xa73bc600 coming from the same process
05-23 15:33:50.921   313   843 I gralloc : gralloc_unregister_buffer hnd=0xa73bc6c0, share_fd=44, share_attr_fd=45, magic=51647890, format=1, internal_format=1, byte_stride=960, flags=4, usage=0x10200, size=230400, width=240, height=240, internalWidth=240, internalHeight=240, stride=240, base=0xa88fa000, writeOwner=0, attr_base=0xffffffff, yuv_info=1, fd=-1, buf_idx=0, offset=0, min_pgsz=4096, phyaddr=0
05-23 15:33:50.942   313  2005 I SPRDAVCEncoder: H264EncStrmEncode[27790] 1ms, in {0xa88fa000-0x10070000, 240x240, 5}, out {0xa894e000-291, 1}, wh{0, 0}, xy{0, 0}
05-23 15:33:50.945   279   279 E HWComposer: getLayerReleaseFence: Invalid display
05-23 15:33:50.945   279   279 I chatty  : uid=1000(system) /system/bin/surfaceflinger identical 2 lines
05-23 15:33:50.945   279   279 E HWComposer: getLayerReleaseFence: Invalid display
05-23 15:33:50.953   313   843 I gralloc : Registering handle 0xa73bc6c0 coming from the same process
05-23 15:33:50.953   313   843 I gralloc : gralloc_unregister_buffer hnd=0xa73bc780, share_fd=40, share_attr_fd=41, magic=51647890, format=1, internal_format=1, byte_stride=960, flags=4, usage=0x10200, size=230400, width=240, height=240, internalWidth=240, internalHeight=240, stride=240, base=0xa8624000, writeOwner=0, attr_base=0xffffffff, yuv_info=1, fd=-1, buf_idx=0, offset=0, min_pgsz=4096, phyaddr=0
05-23 15:33:50.967   313  2005 I SPRDAVCEncoder: H264EncStrmEncode[27791] 1ms, in {0xa8624000-0x10070000, 240x240, 5}, out {0xa894e000-291, 1}, wh{0, 0}, xy{0, 0}
05-23 15:33:50.970   279   279 E HWComposer: getLayerReleaseFence: Invalid display
05-23 15:33:50.971   279   279 I chatty  : uid=1000(system) /system/bin/surfaceflinger identical 2 lines
05-23 15:33:50.971   279   279 E HWComposer: getLayerReleaseFence: Invalid display
05-23 15:33:50.977   313   843 I gralloc : Registering handle 0xa73bc780 coming from the same process
05-23 15:33:50.978   313   843 I gralloc : gralloc_unregister_buffer hnd=0xa73bc840, share_fd=42, share_attr_fd=43, magic=51647890, format=1, internal_format=1, byte_stride=960, flags=4, usage=0x10200, size=230400, width=240, height=240, internalWidth=240, internalHeight=240, stride=240, base=0xa88fa000, writeOwner=0, attr_base=0xffffffff, yuv_info=1, fd=-1, buf_idx=0, offset=0, min_pgsz=4096, phyaddr=0
05-23 15:33:50.993   323   471 D WCND    : is_cp2_alive_ok: open polling interface: /proc/mdbg/loopcheck, fd = 12
05-23 15:33:50.995   313  2005 I SPRDAVCEncoder: H264EncStrmEncode[27792] 1ms, in {0xa88fa000-0x10070000, 240x240, 5}, out {0xa894e000-291, 1}, wh{0, 0}, xy{0, 0}
05-23 15:33:50.998   279   279 E HWComposer: getLayerReleaseFence: Invalid display
05-23 15:33:50.998   279   279 I chatty  : uid=1000(system) /system/bin/surfaceflinger identical 2 lines
05-23 15:33:50.998   279   279 E HWComposer: getLayerReleaseFence: Invalid display
05-23 15:33:51.005   313   843 I gralloc : Registering handle 0xa73bc840 coming from the same process
05-23 15:33:51.005   313   843 I gralloc : gralloc_unregister_buffer hnd=0xa73bc900, share_fd=36, share_attr_fd=37, magic=51647890, format=1, internal_format=1, byte_stride=960, flags=4, usage=0x10200, size=230400, width=240, height=240, internalWidth=240, internalHeight=240, stride=240, base=0xa8624000, writeOwner=0, attr_base=0xffffffff, yuv_info=1, fd=-1, buf_idx=0, offset=0, min_pgsz=4096, phyaddr=0
05-23 15:33:51.024   313  2005 I SPRDAVCEncoder: H264EncStrmEncode[27793] 1ms, in {0xa8624000-0x10070000, 240x240, 5}, out {0xa894e000-291, 1}, wh{0, 0}, xy{0, 0}
05-23 15:33:51.027   279   279 E HWComposer: getLayerReleaseFence: Invalid display
05-23 15:33:51.027   279   279 I chatty  : uid=1000(system) /system/bin/surfaceflinger identical 2 lines
05-23 15:33:51.027   279   279 E HWComposer: getLayerReleaseFence: Invalid display
05-23 15:33:51.034   313   843 I gralloc : Registering handle 0xa73bc900 coming from the same process
05-23 15:33:51.035   313   843 I gralloc : gralloc_unregister_buffer hnd=0xa73bc600, share_fd=38, share_attr_fd=39, magic=51647890, format=1, internal_format=1, byte_stride=960, flags=4, usage=0x10200, size=230400, width=240, height=240, internalWidth=240, internalHeight=240, stride=240, base=0xa88fa000, writeOwner=0, attr_base=0xffffffff, yuv_info=1, fd=-1, buf_idx=0, offset=0, min_pgsz=4096, phyaddr=0
05-23 15:33:51.052   313  2005 I SPRDAVCEncoder: H264EncStrmEncode[27794] 0ms, in {0xa88fa000-0x10070000, 240x240, 5}, out {0xa894e000-291, 1}, wh{0, 0}, xy{0, 0}
05-23 15:33:51.055   279   279 E HWComposer: getLayerReleaseFence: Invalid display
05-23 15:33:51.056   279   279 I chatty  : uid=1000(system) /system/bin/surfaceflinger identical 2 lines
05-23 15:33:51.056   279   279 E HWComposer: getLayerReleaseFence: Invalid display
05-23 15:33:51.063   313   843 I gralloc : Registering handle 0xa73bc600 coming from the same process
05-23 15:33:51.063   313   843 I gralloc : gralloc_unregister_buffer hnd=0xa73bc6c0, share_fd=44, share_attr_fd=45, magic=51647890, format=1, internal_format=1, byte_stride=960, flags=4, usage=0x10200, size=230400, width=240, height=240, internalWidth=240, internalHeight=240, stride=240, base=0xa8624000, writeOwner=0, attr_base=0xffffffff, yuv_info=1, fd=-1, buf_idx=0, offset=0, min_pgsz=4096, phyaddr=0
05-23 15:33:51.082   313  2005 I SPRDAVCEncoder: H264EncStrmEncode[27795] 1ms, in {0xa8624000-0x10070000, 240x240, 5}, out {0xa894e000-291, 1}, wh{0, 0}, xy{0, 0}
05-23 15:33:51.085   279   279 E HWComposer: getLayerReleaseFence: Invalid display
05-23 15:33:51.085   279   279 I chatty  : uid=1000(system) /system/bin/surfaceflinger identical 2 lines
05-23 15:33:51.085   279   279 E HWComposer: getLayerReleaseFence: Invalid display
05-23 15:33:51.092   313   843 I gralloc : Registering handle 0xa73bc6c0 coming from the same process
05-23 15:33:51.093   313   843 I gralloc : gralloc_unregister_buffer hnd=0xa73bc780, share_fd=40, share_attr_fd=41, magic=51647890, format=1, internal_format=1, byte_stride=960, flags=4, usage=0x10200, size=230400, width=240, height=240, internalWidth=240, internalHeight=240, stride=240, base=0xa88fa000, writeOwner=0, attr_base=0xffffffff, yuv_info=1, fd=-1, buf_idx=0, offset=0, min_pgsz=4096, phyaddr=0
05-23 15:33:51.093   323   471 D WCND    : is_cp2_alive_ok: loop: /proc/mdbg/loopcheck is OK
05-23 15:33:51.114   313  2005 I SPRDAVCEncoder: H264EncStrmEncode[27796] 1ms, in {0xa88fa000-0x10070000, 240x240, 5}, out {0xa894e000-291, 1}, wh{0, 0}, xy{0, 0}
05-23 15:33:51.116   279   279 E HWComposer: getLayerReleaseFence: Invalid display
05-23 15:33:51.116   279   279 I chatty  : uid=1000(system) /system/bin/surfaceflinger identical 2 lines
05-23 15:33:51.116   279   279 E HWComposer: getLayerReleaseFence: Invalid display
05-23 15:33:51.123   313   843 I gralloc : Registering handle 0xa73bc780 coming from the same process
05-23 15:33:51.124   313   843 I gralloc : gralloc_unregister_buffer hnd=0xa73bc840, share_fd=42, share_attr_fd=43, magic=51647890, format=1, internal_format=1, byte_stride=960, flags=4, usage=0x10200, size=230400, width=240, height=240, internalWidth=240, internalHeight=240, stride=240, base=0xa8624000, writeOwner=0, attr_base=0xffffffff, yuv_info=1, fd=-1, buf_idx=0, offset=0, min_pgsz=4096, phyaddr=0
05-23 15:33:51.140   279   279 E HWComposer: getLayerReleaseFence: Invalid display
05-23 15:33:51.140   279   279 I chatty  : uid=1000(system) /system/bin/surfaceflinger identical 2 lines
05-23 15:33:51.140   279   279 E HWComposer: getLayerReleaseFence: Invalid display
05-23 15:33:51.141   313  2005 I SPRDAVCEncoder: H264EncStrmEncode[27797] 3ms, in {0xa8624000-0x10070000, 240x240, 5}, out {0xa894e000-291, 1}, wh{0, 0}, xy{0, 0}
05-23 15:33:51.149   313   843 I gralloc : Registering handle 0xa73bc840 coming from the same process
05-23 15:33:51.149   313   843 I gralloc : gralloc_unregister_buffer hnd=0xa73bc900, share_fd=36, share_attr_fd=37, magic=51647890, format=1, internal_format=1, byte_stride=960, flags=4, usage=0x10200, size=230400, width=240, height=240, internalWidth=240, internalHeight=240, stride=240, base=0xa88fa000, writeOwner=0, attr_base=0xffffffff, yuv_info=1, fd=-1, buf_idx=0, offset=0, min_pgsz=4096, phyaddr=0
05-23 15:33:51.167   313  2005 I SPRDAVCEncoder: H264EncStrmEncode[27798] 0ms, in {0xa88fa000-0x10070000, 240x240, 5}, out {0xa894e000-291, 1}, wh{0, 0}, xy{0, 0}
05-23 15:33:51.170   279   279 E HWComposer: getLayerReleaseFence: Invalid display
05-23 15:33:51.170   279   279 I chatty  : uid=1000(system) /system/bin/surfaceflinger identical 2 lines
05-23 15:33:51.170   279   279 E HWComposer: getLayerReleaseFence: Invalid display
05-23 15:33:51.177   313   843 I gralloc : Registering handle 0xa73bc900 coming from the same process
05-23 15:33:51.178   313   843 I gralloc : gralloc_unregister_buffer hnd=0xa73bc600, share_fd=38, share_attr_fd=39, magic=51647890, format=1, internal_format=1, byte_stride=960, flags=4, usage=0x10200, size=230400, width=240, height=240, internalWidth=240, internalHeight=240, stride=240, base=0xa8624000, writeOwner=0, attr_base=0xffffffff, yuv_info=1, fd=-1, buf_idx=0, offset=0, min_pgsz=4096, phyaddr=0
05-23 15:33:51.197   313  2005 I SPRDAVCEncoder: H264EncStrmEncode[27799] 0ms, in {0xa8624000-0x10070000, 240x240, 5}, out {0xa894e000-291, 1}, wh{0, 0}, xy{0, 0}
05-23 15:33:51.200   279   279 E HWComposer: getLayerReleaseFence: Invalid display
05-23 15:33:51.200   279   279 I chatty  : uid=1000(system) /system/bin/surfaceflinger identical 2 lines
05-23 15:33:51.200   279   279 E HWComposer: getLayerReleaseFence: Invalid display
05-23 15:33:51.207   313   843 I gralloc : Registering handle 0xa73bc600 coming from the same process
05-23 15:33:51.207   313   843 I gralloc : gralloc_unregister_buffer hnd=0xa73bc6c0, share_fd=44, share_attr_fd=45, magic=51647890, format=1, internal_format=1, byte_stride=960, flags=4, usage=0x10200, size=230400, width=240, height=240, internalWidth=240, internalHeight=240, stride=240, base=0xa88fa000, writeOwner=0, attr_base=0xffffffff, yuv_info=1, fd=-1, buf_idx=0, offset=0, min_pgsz=4096, phyaddr=0
05-23 15:33:51.216  1045  1099 I CPVoiceAgent: select: retrun 0
05-23 15:33:51.226   313  2005 I SPRDAVCEncoder: H264EncStrmEncode[27800] 1ms, in {0xa88fa000-0x10070000, 240x240, 5}, out {0xa894e000-291, 1}, wh{0, 0}, xy{0, 0}
05-23 15:33:51.230   279   279 E HWComposer: getLayerReleaseFence: Invalid display
05-23 15:33:51.230   279   279 I chatty  : uid=1000(system) /system/bin/surfaceflinger identical 2 lines
05-23 15:33:51.230   279   279 E HWComposer: getLayerReleaseFence: Invalid display
05-23 15:33:51.237   313   843 I gralloc : Registering handle 0xa73bc6c0 coming from the same process
05-23 15:33:51.237   313   843 I gralloc : gralloc_unregister_buffer hnd=0xa73bc780, share_fd=40, share_attr_fd=41, magic=51647890, format=1, internal_format=1, byte_stride=960, flags=4, usage=0x10200, size=230400, width=240, height=240, internalWidth=240, internalHeight=240, stride=240, base=0xa8624000, writeOwner=0, attr_base=0xffffffff, yuv_info=1, fd=-1, buf_idx=0, offset=0, min_pgsz=4096, phyaddr=0
05-23 15:33:51.253   313  2005 I SPRDAVCEncoder: H264EncStrmEncode[27801] 0ms, in {0xa8624000-0x10070000, 240x240, 5}, out {0xa894e000-291, 1}, wh{0, 0}, xy{0, 0}
05-23 15:33:51.256   279   279 E HWComposer: getLayerReleaseFence: Invalid display
05-23 15:33:51.256   279   279 I chatty  : uid=1000(system) /system/bin/surfaceflinger identical 2 lines
05-23 15:33:51.256   279   279 E HWComposer: getLayerReleaseFence: Invalid display
05-23 15:33:51.263   313   843 I gralloc : Registering handle 0xa73bc780 coming from the same process
05-23 15:33:51.264   313   843 I gralloc : gralloc_unregister_buffer hnd=0xa73bc840, share_fd=42, share_attr_fd=43, magic=51647890, format=1, internal_format=1, byte_stride=960, flags=4, usage=0x10200, size=230400, width=240, height=240, internalWidth=240, internalHeight=240, stride=240, base=0xa88fa000, writeOwner=0, attr_base=0xffffffff, yuv_info=1, fd=-1, buf_idx=0, offset=0, min_pgsz=4096, phyaddr=0
05-23 15:33:51.285   313  2005 I SPRDAVCEncoder: H264EncStrmEncode[27802] 3ms, in {0xa88fa000-0x10070000, 240x240, 5}, out {0xa894e000-291, 1}, wh{0, 0}, xy{0, 0}
05-23 15:33:51.286   279   279 E HWComposer: getLayerReleaseFence: Invalid display
05-23 15:33:51.287   279   279 I chatty  : uid=1000(system) /system/bin/surfaceflinger identical 2 lines
05-23 15:33:51.287   279   279 E HWComposer: getLayerReleaseFence: Invalid display
05-23 15:33:51.294   313   843 I gralloc : Registering handle 0xa73bc840 coming from the same process
05-23 15:33:51.294   313   843 I gralloc : gralloc_unregister_buffer hnd=0xa73bc900, share_fd=36, share_attr_fd=37, magic=51647890, format=1, internal_format=1, byte_stride=960, flags=4, usage=0x10200, size=230400, width=240, height=240, internalWidth=240, internalHeight=240, stride=240, base=0xa8624000, writeOwner=0, attr_base=0xffffffff, yuv_info=1, fd=-1, buf_idx=0, offset=0, min_pgsz=4096, phyaddr=0
05-23 15:33:51.311   313  2005 I SPRDAVCEncoder: H264EncStrmEncode[27803] 0ms, in {0xa8624000-0x10070000, 240x240, 5}, out {0xa894e000-291, 1}, wh{0, 0}, xy{0, 0}
05-23 15:33:51.314   279   279 E HWComposer: getLayerReleaseFence: Invalid display
05-23 15:33:51.314   279   279 I chatty  : uid=1000(system) /system/bin/surfaceflinger identical 2 lines
05-23 15:33:51.314   279   279 E HWComposer: getLayerReleaseFence: Invalid display
05-23 15:33:51.323   313   843 I gralloc : Registering handle 0xa73bc900 coming from the same process
05-23 15:33:51.323   313   843 I gralloc : gralloc_unregister_buffer hnd=0xa73bc600, share_fd=38, share_attr_fd=39, magic=51647890, format=1, internal_format=1, byte_stride=960, flags=4, usage=0x10200, size=230400, width=240, height=240, internalWidth=240, internalHeight=240, stride=240, base=0xa88fa000, writeOwner=0, attr_base=0xffffffff, yuv_info=1, fd=-1, buf_idx=0, offset=0, min_pgsz=4096, phyaddr=0
05-23 15:33:51.344   313  2005 I SPRDAVCEncoder: H264EncStrmEncode[27804] 1ms, in {0xa88fa000-0x10070000, 240x240, 5}, out {0xa894e000-291, 1}, wh{0, 0}, xy{0, 0}
05-23 15:33:51.348   279   279 E HWComposer: getLayerReleaseFence: Invalid display
05-23 15:33:51.348   279   279 I chatty  : uid=1000(system) /system/bin/surfaceflinger identical 2 lines
05-23 15:33:51.348   279   279 E HWComposer: getLayerReleaseFence: Invalid display
05-23 15:33:51.354   313   843 I gralloc : Registering handle 0xa73bc600 coming from the same process
