05-23 15:33:45.171   313   650 I gralloc : gralloc_unregister_buffer hnd=0xa73bc6c0, share_fd=44, share_attr_fd=45, magic=51647890, format=1, internal_format=1, byte_stride=960, flags=4, usage=0x10200, size=230400, width=240, height=240, internalWidth=240, internalHeight=240, stride=240, base=0xa8624000, writeOwner=0, attr_base=0xffffffff, yuv_info=1, fd=-1, buf_idx=0, offset=0, min_pgsz=4096, phyaddr=0
05-23 15:33:45.190   313  2005 I SPRDAVCEncoder: H264EncStrmEncode[27595] 0ms, in {0xa8624000-0x10070000, 240x240, 5}, out {0xa894e000-291, 1}, wh{0, 0}, xy{0, 0}
05-23 15:33:45.193   279   279 E HWComposer: getLayerReleaseFence: Invalid display
05-23 15:33:45.194   279   279 I chatty  : uid=1000(system) /system/bin/surfaceflinger identical 2 lines
05-23 15:33:45.194   279   279 E HWComposer: getLayerReleaseFence: Invalid display
05-23 15:33:45.201   313   650 I gralloc : Registering handle 0xa73bc6c0 coming from the same process
05-23 15:33:45.201   313   650 I gralloc : gralloc_unregister_buffer hnd=0xa73bc780, share_fd=40, share_attr_fd=41, magic=51647890, format=1, internal_format=1, byte_stride=960, flags=4, usage=0x10200, size=230400, width=240, height=240, internalWidth=240, internalHeight=240, stride=240, base=0xa88fa000, writeOwner=0, attr_base=0xffffffff, yuv_info=1, fd=-1, buf_idx=0, offset=0, min_pgsz=4096, phyaddr=0
05-23 15:33:45.211  1045  1099 I CPVoiceAgent: select: retrun 0
05-23 15:33:45.228   313  2005 I SPRDAVCEncoder: H264EncStrmEncode[27596] 0ms, in {0xa88fa000-0x10070000, 240x240, 5}, out {0xa894e000-291, 1}, wh{0, 0}, xy{0, 0}
05-23 15:33:45.230   279   279 E HWComposer: getLayerReleaseFence: Invalid display
05-23 15:33:45.231   279   279 I chatty  : uid=1000(system) /system/bin/surfaceflinger identical 2 lines
05-23 15:33:45.231   279   279 E HWComposer: getLayerReleaseFence: Invalid display
05-23 15:33:45.239   313   650 I gralloc : Registering handle 0xa73bc780 coming from the same process
05-23 15:33:45.239   313   650 I gralloc : gralloc_unregister_buffer hnd=0xa73bc840, share_fd=42, share_attr_fd=43, magic=51647890, format=1, internal_format=1, byte_stride=960, flags=4, usage=0x10200, size=230400, width=240, height=240, internalWidth=240, internalHeight=240, stride=240, base=0xa8624000, writeOwner=0, attr_base=0xffffffff, yuv_info=1, fd=-1, buf_idx=0, offset=0, min_pgsz=4096, phyaddr=0
05-23 15:33:45.260   313  2005 I SPRDAVCEncoder: H264EncStrmEncode[27597] 1ms, in {0xa8624000-0x10070000, 240x240, 5}, out {0xa894e000-291, 1}, wh{0, 0}, xy{0, 0}
05-23 15:33:45.264   279   279 E HWComposer: getLayerReleaseFence: Invalid display
05-23 15:33:45.264   279   279 I chatty  : uid=1000(system) /system/bin/surfaceflinger identical 2 lines
05-23 15:33:45.264   279   279 E HWComposer: getLayerReleaseFence: Invalid display
05-23 15:33:45.271   313   650 I gralloc : Registering handle 0xa73bc840 coming from the same process
05-23 15:33:45.272   313   650 I gralloc : gralloc_unregister_buffer hnd=0xa73bc900, share_fd=36, share_attr_fd=37, magic=51647890, format=1, internal_format=1, byte_stride=960, flags=4, usage=0x10200, size=230400, width=240, height=240, internalWidth=240, internalHeight=240, stride=240, base=0xa88fa000, writeOwner=0, attr_base=0xffffffff, yuv_info=1, fd=-1, buf_idx=0, offset=0, min_pgsz=4096, phyaddr=0
05-23 15:33:45.286   313  2005 I SPRDAVCEncoder: H264EncStrmEncode[27598] 0ms, in {0xa88fa000-0x10070000, 240x240, 5}, out {0xa894e000-291, 1}, wh{0, 0}, xy{0, 0}
05-23 15:33:45.289   279   279 E HWComposer: getLayerReleaseFence: Invalid display
05-23 15:33:45.289   279   279 I chatty  : uid=1000(system) /system/bin/surfaceflinger identical 2 lines
05-23 15:33:45.289   279   279 E HWComposer: getLayerReleaseFence: Invalid display
05-23 15:33:45.298   313   650 I gralloc : Registering handle 0xa73bc900 coming from the same process
05-23 15:33:45.298   313   650 I gralloc : gralloc_unregister_buffer hnd=0xa73bc600, share_fd=38, share_attr_fd=39, magic=51647890, format=1, internal_format=1, byte_stride=960, flags=4, usage=0x10200, size=230400, width=240, height=240, internalWidth=240, internalHeight=240, stride=240, base=0xa8624000, writeOwner=0, attr_base=0xffffffff, yuv_info=1, fd=-1, buf_idx=0, offset=0, min_pgsz=4096, phyaddr=0
05-23 15:33:45.315   313  2005 I SPRDAVCEncoder: H264EncStrmEncode[27599] 1ms, in {0xa8624000-0x10070000, 240x240, 5}, out {0xa894e000-291, 1}, wh{0, 0}, xy{0, 0}
05-23 15:33:45.317   279   279 E HWComposer: getLayerReleaseFence: Invalid display
05-23 15:33:45.317   279   279 I chatty  : uid=1000(system) /system/bin/surfaceflinger identical 2 lines
05-23 15:33:45.317   279   279 E HWComposer: getLayerReleaseFence: Invalid display
05-23 15:33:45.326   313   650 I gralloc : Registering handle 0xa73bc600 coming from the same process
05-23 15:33:45.327   313   650 I gralloc : gralloc_unregister_buffer hnd=0xa73bc6c0, share_fd=44, share_attr_fd=45, magic=51647890, format=1, internal_format=1, byte_stride=960, flags=4, usage=0x10200, size=230400, width=240, height=240, internalWidth=240, internalHeight=240, stride=240, base=0xa88fa000, writeOwner=0, attr_base=0xffffffff, yuv_info=1, fd=-1, buf_idx=0, offset=0, min_pgsz=4096, phyaddr=0
05-23 15:33:45.346   313  2005 I SPRDAVCEncoder: H264EncStrmEncode[27600] 1ms, in {0xa88fa000-0x10070000, 240x240, 5}, out {0xa894e000-14199, 0}, wh{0, 0}, xy{0, 0}
05-23 15:33:45.349   279   279 E HWComposer: getLayerReleaseFence: Invalid display
05-23 15:33:45.349   279   279 I chatty  : uid=1000(system) /system/bin/surfaceflinger identical 2 lines
05-23 15:33:45.349   279   279 E HWComposer: getLayerReleaseFence: Invalid display
05-23 15:33:45.358   313   650 I gralloc : Registering handle 0xa73bc6c0 coming from the same process
05-23 15:33:45.358   313   650 I gralloc : gralloc_unregister_buffer hnd=0xa73bc780, share_fd=40, share_attr_fd=41, magic=51647890, format=1, internal_format=1, byte_stride=960, flags=4, usage=0x10200, size=230400, width=240, height=240, internalWidth=240, internalHeight=240, stride=240, base=0xa8624000, writeOwner=0, attr_base=0xffffffff, yuv_info=1, fd=-1, buf_idx=0, offset=0, min_pgsz=4096, phyaddr=0
05-23 15:33:45.372   313  2005 I SPRDAVCEncoder: H264EncStrmEncode[27601] 0ms, in {0xa8624000-0x10070000, 240x240, 5}, out {0xa894e000-679, 1}, wh{0, 0}, xy{0, 0}
05-23 15:33:45.375   279   279 E HWComposer: getLayerReleaseFence: Invalid display
05-23 15:33:45.375   279   279 I chatty  : uid=1000(system) /system/bin/surfaceflinger identical 2 lines
05-23 15:33:45.375   279   279 E HWComposer: getLayerReleaseFence: Invalid display
05-23 15:33:45.382   313   650 I gralloc : Registering handle 0xa73bc780 coming from the same process
05-23 15:33:45.382   313   650 I gralloc : gralloc_unregister_buffer hnd=0xa73bc840, share_fd=42, share_attr_fd=43, magic=51647890, format=1, internal_format=1, byte_stride=960, flags=4, usage=0x10200, size=230400, width=240, height=240, internalWidth=240, internalHeight=240, stride=240, base=0xa88fa000, writeOwner=0, attr_base=0xffffffff, yuv_info=1, fd=-1, buf_idx=0, offset=0, min_pgsz=4096, phyaddr=0
05-23 15:33:45.404   313  2005 I SPRDAVCEncoder: H264EncStrmEncode[27602] 1ms, in {0xa88fa000-0x10070000, 240x240, 5}, out {0xa894e000-366, 1}, wh{0, 0}, xy{0, 0}
05-23 15:33:45.407   279   279 E HWComposer: getLayerReleaseFence: Invalid display
05-23 15:33:45.407   279   279 I chatty  : uid=1000(system) /system/bin/surfaceflinger identical 2 lines
05-23 15:33:45.407   279   279 E HWComposer: getLayerReleaseFence: Invalid display
05-23 15:33:45.413   313   650 I gralloc : Registering handle 0xa73bc840 coming from the same process
05-23 15:33:45.413   313   650 I gralloc : gralloc_unregister_buffer hnd=0xa73bc900, share_fd=36, share_attr_fd=37, magic=51647890, format=1, internal_format=1, byte_stride=960, flags=4, usage=0x10200, size=230400, width=240, height=240, internalWidth=240, internalHeight=240, stride=240, base=0xa8624000, writeOwner=0, attr_base=0xffffffff, yuv_info=1, fd=-1, buf_idx=0, offset=0, min_pgsz=4096, phyaddr=0
05-23 15:33:45.428   313  2005 I SPRDAVCEncoder: H264EncStrmEncode[27603] 0ms, in {0xa8624000-0x10070000, 240x240, 5}, out {0xa894e000-328, 1}, wh{0, 0}, xy{0, 0}
05-23 15:33:45.431   279   279 E HWComposer: getLayerReleaseFence: Invalid display
05-23 15:33:45.431   279   279 I chatty  : uid=1000(system) /system/bin/surfaceflinger identical 2 lines
05-23 15:33:45.431   279   279 E HWComposer: getLayerReleaseFence: Invalid display
05-23 15:33:45.439   313   650 I gralloc : Registering handle 0xa73bc900 coming from the same process
05-23 15:33:45.439   313   650 I gralloc : gralloc_unregister_buffer hnd=0xa73bc600, share_fd=38, share_attr_fd=39, magic=51647890, format=1, internal_format=1, byte_stride=960, flags=4, usage=0x10200, size=230400, width=240, height=240, internalWidth=240, internalHeight=240, stride=240, base=0xa88fa000, writeOwner=0, attr_base=0xffffffff, yuv_info=1, fd=-1, buf_idx=0, offset=0, min_pgsz=4096, phyaddr=0
05-23 15:33:45.458   313  2005 I SPRDAVCEncoder: H264EncStrmEncode[27604] 0ms, in {0xa88fa000-0x10070000, 240x240, 5}, out {0xa894e000-319, 1}, wh{0, 0}, xy{0, 0}
05-23 15:33:45.461   279   279 E HWComposer: getLayerReleaseFence: Invalid display
05-23 15:33:45.461   279   279 I chatty  : uid=1000(system) /system/bin/surfaceflinger identical 2 lines
05-23 15:33:45.461   279   279 E HWComposer: getLayerReleaseFence: Invalid display
05-23 15:33:45.469   313   650 I gralloc : Registering handle 0xa73bc600 coming from the same process
05-23 15:33:45.469   313   650 I gralloc : gralloc_unregister_buffer hnd=0xa73bc6c0, share_fd=44, share_attr_fd=45, magic=51647890, format=1, internal_format=1, byte_stride=960, flags=4, usage=0x10200, size=230400, width=240, height=240, internalWidth=240, internalHeight=240, stride=240, base=0xa8624000, writeOwner=0, attr_base=0xffffffff, yuv_info=1, fd=-1, buf_idx=0, offset=0, min_pgsz=4096, phyaddr=0
05-23 15:33:45.487   313  2005 I SPRDAVCEncoder: H264EncStrmEncode[27605] 0ms, in {0xa8624000-0x10070000, 240x240, 5}, out {0xa894e000-312, 1}, wh{0, 0}, xy{0, 0}
05-23 15:33:45.490   279   279 E HWComposer: getLayerReleaseFence: Invalid display
05-23 15:33:45.490   279   279 I chatty  : uid=1000(system) /system/bin/surfaceflinger identical 2 lines
05-23 15:33:45.490   279   279 E HWComposer: getLayerReleaseFence: Invalid display
05-23 15:33:45.497   313   650 I gralloc : Registering handle 0xa73bc6c0 coming from the same process
05-23 15:33:45.498   313   650 I gralloc : gralloc_unregister_buffer hnd=0xa73bc780, share_fd=40, share_attr_fd=41, magic=51647890, format=1, internal_format=1, byte_stride=960, flags=4, usage=0x10200, size=230400, width=240, height=240, internalWidth=240, internalHeight=240, stride=240, base=0xa88fa000, writeOwner=0, attr_base=0xffffffff, yuv_info=1, fd=-1, buf_idx=0, offset=0, min_pgsz=4096, phyaddr=0
05-23 15:33:45.514   313  2005 I SPRDAVCEncoder: H264EncStrmEncode[27606] 0ms, in {0xa88fa000-0x10070000, 240x240, 5}, out {0xa894e000-303, 1}, wh{0, 0}, xy{0, 0}
05-23 15:33:45.517   279   279 E HWComposer: getLayerReleaseFence: Invalid display
05-23 15:33:45.517   279   279 I chatty  : uid=1000(system) /system/bin/surfaceflinger identical 2 lines
05-23 15:33:45.517   279   279 E HWComposer: getLayerReleaseFence: Invalid display
05-23 15:33:45.525   313   650 I gralloc : Registering handle 0xa73bc780 coming from the same process
05-23 15:33:45.525   313   650 I gralloc : gralloc_unregister_buffer hnd=0xa73bc840, share_fd=42, share_attr_fd=43, magic=51647890, format=1, internal_format=1, byte_stride=960, flags=4, usage=0x10200, size=230400, width=240, height=240, internalWidth=240, internalHeight=240, stride=240, base=0xa8624000, writeOwner=0, attr_base=0xffffffff, yuv_info=1, fd=-1, buf_idx=0, offset=0, min_pgsz=4096, phyaddr=0
05-23 15:33:45.543   313  2005 I SPRDAVCEncoder: H264EncStrmEncode[27607] 0ms, in {0xa8624000-0x10070000, 240x240, 5}, out {0xa894e000-302, 1}, wh{0, 0}, xy{0, 0}
05-23 15:33:45.546   279   279 E HWComposer: getLayerReleaseFence: Invalid display
05-23 15:33:45.546   279   279 I chatty  : uid=1000(system) /system/bin/surfaceflinger identical 2 lines
05-23 15:33:45.546   279   279 E HWComposer: getLayerReleaseFence: Invalid display
05-23 15:33:45.553   313   650 I gralloc : Registering handle 0xa73bc840 coming from the same process
05-23 15:33:45.554   313   650 I gralloc : gralloc_unregister_buffer hnd=0xa73bc900, share_fd=36, share_attr_fd=37, magic=51647890, format=1, internal_format=1, byte_stride=960, flags=4, usage=0x10200, size=230400, width=240, height=240, internalWidth=240, internalHeight=240, stride=240, base=0xa88fa000, writeOwner=0, attr_base=0xffffffff, yuv_info=1, fd=-1, buf_idx=0, offset=0, min_pgsz=4096, phyaddr=0
05-23 15:33:45.572   313  2005 I SPRDAVCEncoder: H264EncStrmEncode[27608] 0ms, in {0xa88fa000-0x10070000, 240x240, 5}, out {0xa894e000-299, 1}, wh{0, 0}, xy{0, 0}
05-23 15:33:45.576   279   279 E HWComposer: getLayerReleaseFence: Invalid display
05-23 15:33:45.576   279   279 I chatty  : uid=1000(system) /system/bin/surfaceflinger identical 2 lines
05-23 15:33:45.577   279   279 E HWComposer: getLayerReleaseFence: Invalid display
05-23 15:33:45.583   313   650 I gralloc : Registering handle 0xa73bc900 coming from the same process
05-23 15:33:45.584   313   650 I gralloc : gralloc_unregister_buffer hnd=0xa73bc600, share_fd=38, share_attr_fd=39, magic=51647890, format=1, internal_format=1, byte_stride=960, flags=4, usage=0x10200, size=230400, width=240, height=240, internalWidth=240, internalHeight=240, stride=240, base=0xa8624000, writeOwner=0, attr_base=0xffffffff, yuv_info=1, fd=-1, buf_idx=0, offset=0, min_pgsz=4096, phyaddr=0
05-23 15:33:45.601   313  2005 I SPRDAVCEncoder: H264EncStrmEncode[27609] 0ms, in {0xa8624000-0x10070000, 240x240, 5}, out {0xa894e000-299, 1}, wh{0, 0}, xy{0, 0}
05-23 15:33:45.605   279   279 E HWComposer: getLayerReleaseFence: Invalid display
05-23 15:33:45.605   279   279 I chatty  : uid=1000(system) /system/bin/surfaceflinger identical 2 lines
05-23 15:33:45.605   279   279 E HWComposer: getLayerReleaseFence: Invalid display
05-23 15:33:45.612   313   650 I gralloc : Registering handle 0xa73bc600 coming from the same process
05-23 15:33:45.612   313   650 I gralloc : gralloc_unregister_buffer hnd=0xa73bc6c0, share_fd=44, share_attr_fd=45, magic=51647890, format=1, internal_format=1, byte_stride=960, flags=4, usage=0x10200, size=230400, width=240, height=240, internalWidth=240, internalHeight=240, stride=240, base=0xa88fa000, writeOwner=0, attr_base=0xffffffff, yuv_info=1, fd=-1, buf_idx=0, offset=0, min_pgsz=4096, phyaddr=0
05-23 15:33:45.629   313  2005 I SPRDAVCEncoder: H264EncStrmEncode[27610] 0ms, in {0xa88fa000-0x10070000, 240x240, 5}, out {0xa894e000-301, 1}, wh{0, 0}, xy{0, 0}
05-23 15:33:45.632   279   279 E HWComposer: getLayerReleaseFence: Invalid display
05-23 15:33:45.632   279   279 I chatty  : uid=1000(system) /system/bin/surfaceflinger identical 2 lines
05-23 15:33:45.632   279   279 E HWComposer: getLayerReleaseFence: Invalid display
05-23 15:33:45.640   313   650 I gralloc : Registering handle 0xa73bc6c0 coming from the same process
05-23 15:33:45.640   313   650 I gralloc : gralloc_unregister_buffer hnd=0xa73bc780, share_fd=40, share_attr_fd=41, magic=51647890, format=1, internal_format=1, byte_stride=960, flags=4, usage=0x10200, size=230400, width=240, height=240, internalWidth=240, internalHeight=240, stride=240, base=0xa8624000, writeOwner=0, attr_base=0xffffffff, yuv_info=1, fd=-1, buf_idx=0, offset=0, min_pgsz=4096, phyaddr=0
05-23 15:33:45.658   313  2005 I SPRDAVCEncoder: H264EncStrmEncode[27611] 0ms, in {0xa8624000-0x10070000, 240x240, 5}, out {0xa894e000-293, 1}, wh{0, 0}, xy{0, 0}
05-23 15:33:45.661   279   279 E HWComposer: getLayerReleaseFence: Invalid display
05-23 15:33:45.661   279   279 I chatty  : uid=1000(system) /system/bin/surfaceflinger identical 2 lines
05-23 15:33:45.661   279   279 E HWComposer: getLayerReleaseFence: Invalid display
05-23 15:33:45.669   313   650 I gralloc : Registering handle 0xa73bc780 coming from the same process
05-23 15:33:45.670   313   650 I gralloc : gralloc_unregister_buffer hnd=0xa73bc840, share_fd=42, share_attr_fd=43, magic=51647890, format=1, internal_format=1, byte_stride=960, flags=4, usage=0x10200, size=230400, width=240, height=240, internalWidth=240, internalHeight=240, stride=240, base=0xa88fa000, writeOwner=0, attr_base=0xffffffff, yuv_info=1, fd=-1, buf_idx=0, offset=0, min_pgsz=4096, phyaddr=0
05-23 15:33:45.686   313  2005 I SPRDAVCEncoder: H264EncStrmEncode[27612] 0ms, in {0xa88fa000-0x10070000, 240x240, 5}, out {0xa894e000-300, 1}, wh{0, 0}, xy{0, 0}
05-23 15:33:45.689   279   279 E HWComposer: getLayerReleaseFence: Invalid display
05-23 15:33:45.689   279   279 I chatty  : uid=1000(system) /system/bin/surfaceflinger identical 2 lines
05-23 15:33:45.689   279   279 E HWComposer: getLayerReleaseFence: Invalid display
05-23 15:33:45.697   313   650 I gralloc : Registering handle 0xa73bc840 coming from the same process
05-23 15:33:45.698   313   650 I gralloc : gralloc_unregister_buffer hnd=0xa73bc900, share_fd=36, share_attr_fd=37, magic=51647890, format=1, internal_format=1, byte_stride=960, flags=4, usage=0x10200, size=230400, width=240, height=240, internalWidth=240, internalHeight=240, stride=240, base=0xa8624000, writeOwner=0, attr_base=0xffffffff, yuv_info=1, fd=-1, buf_idx=0, offset=0, min_pgsz=4096, phyaddr=0
05-23 15:33:45.716   313  2005 I SPRDAVCEncoder: H264EncStrmEncode[27613] 0ms, in {0xa8624000-0x10070000, 240x240, 5}, out {0xa894e000-300, 1}, wh{0, 0}, xy{0, 0}
05-23 15:33:45.719   279   279 E HWComposer: getLayerReleaseFence: Invalid display
05-23 15:33:45.720   279   279 I chatty  : uid=1000(system) /system/bin/surfaceflinger identical 2 lines
05-23 15:33:45.720   279   279 E HWComposer: getLayerReleaseFence: Invalid display
05-23 15:33:45.727   313   650 I gralloc : Registering handle 0xa73bc900 coming from the same process
05-23 15:33:45.727   313   650 I gralloc : gralloc_unregister_buffer hnd=0xa73bc600, share_fd=38, share_attr_fd=39, magic=51647890, format=1, internal_format=1, byte_stride=960, flags=4, usage=0x10200, size=230400, width=240, height=240, internalWidth=240, internalHeight=240, stride=240, base=0xa88fa000, writeOwner=0, attr_base=0xffffffff, yuv_info=1, fd=-1, buf_idx=0, offset=0, min_pgsz=4096, phyaddr=0
05-23 15:33:45.746   313  2005 I SPRDAVCEncoder: H264EncStrmEncode[27614] 0ms, in {0xa88fa000-0x10070000, 240x240, 5}, out {0xa894e000-299, 1}, wh{0, 0}, xy{0, 0}
05-23 15:33:45.749   279   279 E HWComposer: getLayerReleaseFence: Invalid display
05-23 15:33:45.749   279   279 I chatty  : uid=1000(system) /system/bin/surfaceflinger identical 2 lines
05-23 15:33:45.749   279   279 E HWComposer: getLayerReleaseFence: Invalid display
05-23 15:33:45.757   313   650 I gralloc : Registering handle 0xa73bc600 coming from the same process
05-23 15:33:45.757   313   650 I gralloc : gralloc_unregister_buffer hnd=0xa73bc6c0, share_fd=44, share_attr_fd=45, magic=51647890, format=1, internal_format=1, byte_stride=960, flags=4, usage=0x10200, size=230400, width=240, height=240, internalWidth=240, internalHeight=240, stride=240, base=0xa8624000, writeOwner=0, attr_base=0xffffffff, yuv_info=1, fd=-1, buf_idx=0, offset=0, min_pgsz=4096, phyaddr=0
05-23 15:33:45.772   313  2005 I SPRDAVCEncoder: H264EncStrmEncode[27615] 1ms, in {0xa8624000-0x10070000, 240x240, 5}, out {0xa894e000-298, 1}, wh{0, 0}, xy{0, 0}
05-23 15:33:45.775   279   279 E HWComposer: getLayerReleaseFence: Invalid display
05-23 15:33:45.775   279   279 I chatty  : uid=1000(system) /system/bin/surfaceflinger identical 2 lines
05-23 15:33:45.775   279   279 E HWComposer: getLayerReleaseFence: Invalid display
05-23 15:33:45.782   313   650 I gralloc : Registering handle 0xa73bc6c0 coming from the same process
05-23 15:33:45.782   313   650 I gralloc : gralloc_unregister_buffer hnd=0xa73bc780, share_fd=40, share_attr_fd=41, magic=51647890, format=1, internal_format=1, byte_stride=960, flags=4, usage=0x10200, size=230400, width=240, height=240, internalWidth=240, internalHeight=240, stride=240, base=0xa88fa000, writeOwner=0, attr_base=0xffffffff, yuv_info=1, fd=-1, buf_idx=0, offset=0, min_pgsz=4096, phyaddr=0
05-23 15:33:45.806   279   279 E HWComposer: getLayerReleaseFence: Invalid display
05-23 15:33:45.806   279   279 I chatty  : uid=1000(system) /system/bin/surfaceflinger identical 2 lines
05-23 15:33:45.806   279   279 E HWComposer: getLayerReleaseFence: Invalid display
05-23 15:33:45.810   313  2005 I SPRDAVCEncoder: H264EncStrmEncode[27616] 7ms, in {0xa88fa000-0x10070000, 240x240, 5}, out {0xa894e000-299, 1}, wh{0, 0}, xy{0, 0}
05-23 15:33:45.813   313   650 I gralloc : Registering handle 0xa73bc780 coming from the same process
05-23 15:33:45.814   313   650 I gralloc : gralloc_unregister_buffer hnd=0xa73bc840, share_fd=42, share_attr_fd=43, magic=51647890, format=1, internal_format=1, byte_stride=960, flags=4, usage=0x10200, size=230400, width=240, height=240, internalWidth=240, internalHeight=240, stride=240, base=0xa8624000, writeOwner=0, attr_base=0xffffffff, yuv_info=1, fd=-1, buf_idx=0, offset=0, min_pgsz=4096, phyaddr=0
05-23 15:33:45.830   279   279 E HWComposer: getLayerReleaseFence: Invalid display
05-23 15:33:45.830   279   279 I chatty  : uid=1000(system) /system/bin/surfaceflinger identical 2 lines
05-23 15:33:45.830   279   279 E HWComposer: getLayerReleaseFence: Invalid display
05-23 15:33:45.833   313  2005 I SPRDAVCEncoder: H264EncStrmEncode[27617] 3ms, in {0xa8624000-0x10070000, 240x240, 5}, out {0xa894e000-299, 1}, wh{0, 0}, xy{0, 0}
05-23 15:33:45.836   313   650 I gralloc : Registering handle 0xa73bc840 coming from the same process
05-23 15:33:45.836   313   650 I gralloc : gralloc_unregister_buffer hnd=0xa73bc900, share_fd=36, share_attr_fd=37, magic=51647890, format=1, internal_format=1, byte_stride=960, flags=4, usage=0x10200, size=230400, width=240, height=240, internalWidth=240, internalHeight=240, stride=240, base=0xa88fa000, writeOwner=0, attr_base=0xffffffff, yuv_info=1, fd=-1, buf_idx=0, offset=0, min_pgsz=4096, phyaddr=0
05-23 15:33:45.857   279   279 E HWComposer: getLayerReleaseFence: Invalid display
05-23 15:33:45.857   279   279 I chatty  : uid=1000(system) /system/bin/surfaceflinger identical 2 lines
05-23 15:33:45.857   279   279 E HWComposer: getLayerReleaseFence: Invalid display
05-23 15:33:45.860   313  2005 I SPRDAVCEncoder: H264EncStrmEncode[27618] 2ms, in {0xa88fa000-0x10070000, 240x240, 5}, out {0xa894e000-299, 1}, wh{0, 0}, xy{0, 0}
05-23 15:33:45.864   313   650 I gralloc : Registering handle 0xa73bc900 coming from the same process
05-23 15:33:45.864   313   650 I gralloc : gralloc_unregister_buffer hnd=0xa73bc600, share_fd=38, share_attr_fd=39, magic=51647890, format=1, internal_format=1, byte_stride=960, flags=4, usage=0x10200, size=230400, width=240, height=240, internalWidth=240, internalHeight=240, stride=240, base=0xa8624000, writeOwner=0, attr_base=0xffffffff, yuv_info=1, fd=-1, buf_idx=0, offset=0, min_pgsz=4096, phyaddr=0
05-23 15:33:45.888   279   279 E HWComposer: getLayerReleaseFence: Invalid display
05-23 15:33:45.888   279   279 I chatty  : uid=1000(system) /system/bin/surfaceflinger identical 2 lines
05-23 15:33:45.888   279   279 E HWComposer: getLayerReleaseFence: Invalid display
05-23 15:33:45.889   323   471 D WCND    : is_cp2_alive_ok: open polling interface: /proc/mdbg/loopcheck, fd = 12
05-23 15:33:45.890   313  2005 I SPRDAVCEncoder: H264EncStrmEncode[27619] 4ms, in {0xa8624000-0x10070000, 240x240, 5}, out {0xa894e000-299, 1}, wh{0, 0}, xy{0, 0}
05-23 15:33:45.897   313   843 I gralloc : Registering handle 0xa73bc600 coming from the same process
05-23 15:33:45.897   313   843 I gralloc : gralloc_unregister_buffer hnd=0xa73bc6c0, share_fd=44, share_attr_fd=45, magic=51647890, format=1, internal_format=1, byte_stride=960, flags=4, usage=0x10200, size=230400, width=240, height=240, internalWidth=240, internalHeight=240, stride=240, base=0xa88fa000, writeOwner=0, attr_base=0xffffffff, yuv_info=1, fd=-1, buf_idx=0, offset=0, min_pgsz=4096, phyaddr=0
05-23 15:33:45.925   279   279 E HWComposer: getLayerReleaseFence: Invalid display
05-23 15:33:45.926   279   279 I chatty  : uid=1000(system) /system/bin/surfaceflinger identical 2 lines
05-23 15:33:45.926   279   279 E HWComposer: getLayerReleaseFence: Invalid display
05-23 15:33:45.926   313  2005 I SPRDAVCEncoder: H264EncStrmEncode[27620] 3ms, in {0xa88fa000-0x10070000, 240x240, 5}, out {0xa894e000-300, 1}, wh{0, 0}, xy{0, 0}
05-23 15:33:45.934   313   650 I gralloc : Registering handle 0xa73bc6c0 coming from the same process
05-23 15:33:45.935   313   650 I gralloc : gralloc_unregister_buffer hnd=0xa73bc780, share_fd=40, share_attr_fd=41, magic=51647890, format=1, internal_format=1, byte_stride=960, flags=4, usage=0x10200, size=230400, width=240, height=240, internalWidth=240, internalHeight=240, stride=240, base=0xa8624000, writeOwner=0, attr_base=0xffffffff, yuv_info=1, fd=-1, buf_idx=0, offset=0, min_pgsz=4096, phyaddr=0
05-23 15:33:45.961   313  2005 I SPRDAVCEncoder: H264EncStrmEncode[27621] 0ms, in {0xa8624000-0x10070000, 240x240, 5}, out {0xa894e000-298, 1}, wh{0, 0}, xy{0, 0}
05-23 15:33:45.964   279   279 E HWComposer: getLayerReleaseFence: Invalid display
05-23 15:33:45.964   279   279 I chatty  : uid=1000(system) /system/bin/surfaceflinger identical 2 lines
05-23 15:33:45.964   279   279 E HWComposer: getLayerReleaseFence: Invalid display
05-23 15:33:45.971   313   650 I gralloc : Registering handle 0xa73bc780 coming from the same process
05-23 15:33:45.971   313   650 I gralloc : gralloc_unregister_buffer hnd=0xa73bc840, share_fd=42, share_attr_fd=43, magic=51647890, format=1, internal_format=1, byte_stride=960, flags=4, usage=0x10200, size=230400, width=240, height=240, internalWidth=240, internalHeight=240, stride=240, base=0xa88fa000, writeOwner=0, attr_base=0xffffffff, yuv_info=1, fd=-1, buf_idx=0, offset=0, min_pgsz=4096, phyaddr=0
05-23 15:33:45.990   323   471 D WCND    : is_cp2_alive_ok: loop: /proc/mdbg/loopcheck is OK
05-23 15:33:45.994   313  2005 I SPRDAVCEncoder: H264EncStrmEncode[27622] 0ms, in {0xa88fa000-0x10070000, 240x240, 5}, out {0xa894e000-291, 1}, wh{0, 0}, xy{0, 0}
05-23 15:33:45.997   279   279 E HWComposer: getLayerReleaseFence: Invalid display
05-23 15:33:45.997   279   279 I chatty  : uid=1000(system) /system/bin/surfaceflinger identical 2 lines
05-23 15:33:45.997   279   279 E HWComposer: getLayerReleaseFence: Invalid display
05-23 15:33:46.002   313   650 I gralloc : Registering handle 0xa73bc840 coming from the same process
05-23 15:33:46.002   313   650 I gralloc : gralloc_unregister_buffer hnd=0xa73bc900, share_fd=36, share_attr_fd=37, magic=51647890, format=1, internal_format=1, byte_stride=960, flags=4, usage=0x10200, size=230400, width=240, height=240, internalWidth=240, internalHeight=240, stride=240, base=0xa8624000, writeOwner=0, attr_base=0xffffffff, yuv_info=1, fd=-1, buf_idx=0, offset=0, min_pgsz=4096, phyaddr=0
05-23 15:33:46.011   598   739 D WifiNetworkMonitor: EVENT_WIFI_RSSI_CHANGED
05-23 15:33:46.011   598   739 E WifiNetworkMonitor: Not any Obervers!!!
05-23 15:33:46.028   313  2005 I SPRDAVCEncoder: H264EncStrmEncode[27623] 0ms, in {0xa8624000-0x10070000, 240x240, 5}, out {0xa894e000-291, 1}, wh{0, 0}, xy{0, 0}
05-23 15:33:46.031   279   279 E HWComposer: getLayerReleaseFence: Invalid display
05-23 15:33:46.031   279   279 I chatty  : uid=1000(system) /system/bin/surfaceflinger identical 2 lines
05-23 15:33:46.031   279   279 E HWComposer: getLayerReleaseFence: Invalid display
05-23 15:33:46.038   313   650 I gralloc : Registering handle 0xa73bc900 coming from the same process
05-23 15:33:46.038   313   650 I gralloc : gralloc_unregister_buffer hnd=0xa73bc600, share_fd=38, share_attr_fd=39, magic=51647890, format=1, internal_format=1, byte_stride=960, flags=4, usage=0x10200, size=230400, width=240, height=240, internalWidth=240, internalHeight=240, stride=240, base=0xa88fa000, writeOwner=0, attr_base=0xffffffff, yuv_info=1, fd=-1, buf_idx=0, offset=0, min_pgsz=4096, phyaddr=0
05-23 15:33:46.057   313  2005 I SPRDAVCEncoder: H264EncStrmEncode[27624] 1ms, in {0xa88fa000-0x10070000, 240x240, 5}, out {0xa894e000-291, 1}, wh{0, 0}, xy{0, 0}
05-23 15:33:46.060   279   279 E HWComposer: getLayerReleaseFence: Invalid display
05-23 15:33:46.060   279   279 I chatty  : uid=1000(system) /system/bin/surfaceflinger identical 2 lines
05-23 15:33:46.060   279   279 E HWComposer: getLayerReleaseFence: Invalid display
05-23 15:33:46.068   313   650 I gralloc : Registering handle 0xa73bc600 coming from the same process
05-23 15:33:46.068   313   650 I gralloc : gralloc_unregister_buffer hnd=0xa73bc6c0, share_fd=44, share_attr_fd=45, magic=51647890, format=1, internal_format=1, byte_stride=960, flags=4, usage=0x10200, size=230400, width=240, height=240, internalWidth=240, internalHeight=240, stride=240, base=0xa8624000, writeOwner=0, attr_base=0xffffffff, yuv_info=1, fd=-1, buf_idx=0, offset=0, min_pgsz=4096, phyaddr=0
05-23 15:33:46.088   313  2005 I SPRDAVCEncoder: H264EncStrmEncode[27625] 0ms, in {0xa8624000-0x10070000, 240x240, 5}, out {0xa894e000-291, 1}, wh{0, 0}, xy{0, 0}
05-23 15:33:46.091   279   279 E HWComposer: getLayerReleaseFence: Invalid display
05-23 15:33:46.092   279   279 I chatty  : uid=1000(system) /system/bin/surfaceflinger identical 2 lines
05-23 15:33:46.092   279   279 E HWComposer: getLayerReleaseFence: Invalid display
05-23 15:33:46.098   313   650 I gralloc : Registering handle 0xa73bc6c0 coming from the same process
05-23 15:33:46.098   313   650 I gralloc : gralloc_unregister_buffer hnd=0xa73bc780, share_fd=40, share_attr_fd=41, magic=51647890, format=1, internal_format=1, byte_stride=960, flags=4, usage=0x10200, size=230400, width=240, height=240, internalWidth=240, internalHeight=240, stride=240, base=0xa88fa000, writeOwner=0, attr_base=0xffffffff, yuv_info=1, fd=-1, buf_idx=0, offset=0, min_pgsz=4096, phyaddr=0
05-23 15:33:46.116   279   279 E HWComposer: getLayerReleaseFence: Invalid display
05-23 15:33:46.116   279   279 I chatty  : uid=1000(system) /system/bin/surfaceflinger identical 2 lines
05-23 15:33:46.116   279   279 E HWComposer: getLayerReleaseFence: Invalid display
05-23 15:33:46.118   313  2005 I SPRDAVCEncoder: H264EncStrmEncode[27626] 1ms, in {0xa88fa000-0x10070000, 240x240, 5}, out {0xa894e000-291, 1}, wh{0, 0}, xy{0, 0}
05-23 15:33:46.124   313   843 I gralloc : Registering handle 0xa73bc780 coming from the same process
05-23 15:33:46.124   313   843 I gralloc : gralloc_unregister_buffer hnd=0xa73bc840, share_fd=42, share_attr_fd=43, magic=51647890, format=1, internal_format=1, byte_stride=960, flags=4, usage=0x10200, size=230400, width=240, height=240, internalWidth=240, internalHeight=240, stride=240, base=0xa8624000, writeOwner=0, attr_base=0xffffffff, yuv_info=1, fd=-1, buf_idx=0, offset=0, min_pgsz=4096, phyaddr=0
05-23 15:33:46.144   313  2005 I SPRDAVCEncoder: H264EncStrmEncode[27627] 1ms, in {0xa8624000-0x10070000, 240x240, 5}, out {0xa894e000-291, 1}, wh{0, 0}, xy{0, 0}
05-23 15:33:46.147   279   279 E HWComposer: getLayerReleaseFence: Invalid display
05-23 15:33:46.147   279   279 I chatty  : uid=1000(system) /system/bin/surfaceflinger identical 2 lines
05-23 15:33:46.147   279   279 E HWComposer: getLayerReleaseFence: Invalid display
05-23 15:33:46.156   313   843 I gralloc : Registering handle 0xa73bc840 coming from the same process
05-23 15:33:46.156   313   843 I gralloc : gralloc_unregister_buffer hnd=0xa73bc900, share_fd=36, share_attr_fd=37, magic=51647890, format=1, internal_format=1, byte_stride=960, flags=4, usage=0x10200, size=230400, width=240, height=240, internalWidth=240, internalHeight=240, stride=240, base=0xa88fa000, writeOwner=0, attr_base=0xffffffff, yuv_info=1, fd=-1, buf_idx=0, offset=0, min_pgsz=4096, phyaddr=0
05-23 15:33:46.179   313  2005 I SPRDAVCEncoder: H264EncStrmEncode[27628] 1ms, in {0xa88fa000-0x10070000, 240x240, 5}, out {0xa894e000-291, 1}, wh{0, 0}, xy{0, 0}
05-23 15:33:46.181   279   279 E HWComposer: getLayerReleaseFence: Invalid display
05-23 15:33:46.181   279   279 I chatty  : uid=1000(system) /system/bin/surfaceflinger identical 2 lines
05-23 15:33:46.181   279   279 E HWComposer: getLayerReleaseFence: Invalid display
05-23 15:33:46.189   313   843 I gralloc : Registering handle 0xa73bc900 coming from the same process
05-23 15:33:46.189   313   843 I gralloc : gralloc_unregister_buffer hnd=0xa73bc600, share_fd=38, share_attr_fd=39, magic=51647890, format=1, internal_format=1, byte_stride=960, flags=4, usage=0x10200, size=230400, width=240, height=240, internalWidth=240, internalHeight=240, stride=240, base=0xa8624000, writeOwner=0, attr_base=0xffffffff, yuv_info=1, fd=-1, buf_idx=0, offset=0, min_pgsz=4096, phyaddr=0
05-23 15:33:46.217   313  2005 I SPRDAVCEncoder: H264EncStrmEncode[27629] 1ms, in {0xa8624000-0x10070000, 240x240, 5}, out {0xa894e000-291, 1}, wh{0, 0}, xy{0, 0}
05-23 15:33:46.220   279   279 E HWComposer: getLayerReleaseFence: Invalid display
05-23 15:33:46.220   279   279 I chatty  : uid=1000(system) /system/bin/surfaceflinger identical 2 lines
05-23 15:33:46.220   279   279 E HWComposer: getLayerReleaseFence: Invalid display
05-23 15:33:46.228   313   843 I gralloc : Registering handle 0xa73bc600 coming from the same process
05-23 15:33:46.228   313   843 I gralloc : gralloc_unregister_buffer hnd=0xa73bc6c0, share_fd=44, share_attr_fd=45, magic=51647890, format=1, internal_format=1, byte_stride=960, flags=4, usage=0x10200, size=230400, width=240, height=240, internalWidth=240, internalHeight=240, stride=240, base=0xa88fa000, writeOwner=0, attr_base=0xffffffff, yuv_info=1, fd=-1, buf_idx=0, offset=0, min_pgsz=4096, phyaddr=0
05-23 15:33:46.249   313  2005 I SPRDAVCEncoder: H264EncStrmEncode[27630] 0ms, in {0xa88fa000-0x10070000, 240x240, 5}, out {0xa894e000-291, 1}, wh{0, 0}, xy{0, 0}
05-23 15:33:46.252   279   279 E HWComposer: getLayerReleaseFence: Invalid display
05-23 15:33:46.252   279   279 I chatty  : uid=1000(system) /system/bin/surfaceflinger identical 2 lines
05-23 15:33:46.252   279   279 E HWComposer: getLayerReleaseFence: Invalid display
05-23 15:33:46.259   313   843 I gralloc : Registering handle 0xa73bc6c0 coming from the same process
05-23 15:33:46.259   313   843 I gralloc : gralloc_unregister_buffer hnd=0xa73bc780, share_fd=40, share_attr_fd=41, magic=51647890, format=1, internal_format=1, byte_stride=960, flags=4, usage=0x10200, size=230400, width=240, height=240, internalWidth=240, internalHeight=240, stride=240, base=0xa8624000, writeOwner=0, attr_base=0xffffffff, yuv_info=1, fd=-1, buf_idx=0, offset=0, min_pgsz=4096, phyaddr=0
05-23 15:33:46.287   313  2005 I SPRDAVCEncoder: H264EncStrmEncode[27631] 0ms, in {0xa8624000-0x10070000, 240x240, 5}, out {0xa894e000-291, 1}, wh{0, 0}, xy{0, 0}
05-23 15:33:46.291   279   279 E HWComposer: getLayerReleaseFence: Invalid display
05-23 15:33:46.291   279   279 I chatty  : uid=1000(system) /system/bin/surfaceflinger identical 2 lines
05-23 15:33:46.291   279   279 E HWComposer: getLayerReleaseFence: Invalid display
05-23 15:33:46.298   313   843 I gralloc : Registering handle 0xa73bc780 coming from the same process
05-23 15:33:46.299   313   843 I gralloc : gralloc_unregister_buffer hnd=0xa73bc840, share_fd=42, share_attr_fd=43, magic=51647890, format=1, internal_format=1, byte_stride=960, flags=4, usage=0x10200, size=230400, width=240, height=240, internalWidth=240, internalHeight=240, stride=240, base=0xa88fa000, writeOwner=0, attr_base=0xffffffff, yuv_info=1, fd=-1, buf_idx=0, offset=0, min_pgsz=4096, phyaddr=0
05-23 15:33:46.315   313  2005 I SPRDAVCEncoder: H264EncStrmEncode[27632] 0ms, in {0xa88fa000-0x10070000, 240x240, 5}, out {0xa894e000-291, 1}, wh{0, 0}, xy{0, 0}
05-23 15:33:46.319   279   279 E HWComposer: getLayerReleaseFence: Invalid display
05-23 15:33:46.319   279   279 I chatty  : uid=1000(system) /system/bin/surfaceflinger identical 2 lines
05-23 15:33:46.319   279   279 E HWComposer: getLayerReleaseFence: Invalid display
05-23 15:33:46.327   313   843 I gralloc : Registering handle 0xa73bc840 coming from the same process
05-23 15:33:46.328   313   843 I gralloc : gralloc_unregister_buffer hnd=0xa73bc900, share_fd=36, share_attr_fd=37, magic=51647890, format=1, internal_format=1, byte_stride=960, flags=4, usage=0x10200, size=230400, width=240, height=240, internalWidth=240, internalHeight=240, stride=240, base=0xa8624000, writeOwner=0, attr_base=0xffffffff, yuv_info=1, fd=-1, buf_idx=0, offset=0, min_pgsz=4096, phyaddr=0
05-23 15:33:46.346   313  2005 I SPRDAVCEncoder: H264EncStrmEncode[27633] 0ms, in {0xa8624000-0x10070000, 240x240, 5}, out {0xa894e000-291, 1}, wh{0, 0}, xy{0, 0}
05-23 15:33:46.349   279   279 E HWComposer: getLayerReleaseFence: Invalid display
05-23 15:33:46.350   279   279 I chatty  : uid=1000(system) /system/bin/surfaceflinger identical 2 lines
05-23 15:33:46.350   279   279 E HWComposer: getLayerReleaseFence: Invalid display
05-23 15:33:46.357   313   843 I gralloc : Registering handle 0xa73bc900 coming from the same process
05-23 15:33:46.357   313   843 I gralloc : gralloc_unregister_buffer hnd=0xa73bc600, share_fd=38, share_attr_fd=39, magic=51647890, format=1, internal_format=1, byte_stride=960, flags=4, usage=0x10200, size=230400, width=240, height=240, internalWidth=240, internalHeight=240, stride=240, base=0xa88fa000, writeOwner=0, attr_base=0xffffffff, yuv_info=1, fd=-1, buf_idx=0, offset=0, min_pgsz=4096, phyaddr=0
05-23 15:33:46.375   313  2005 I SPRDAVCEncoder: H264EncStrmEncode[27634] 1ms, in {0xa88fa000-0x10070000, 240x240, 5}, out {0xa894e000-291, 1}, wh{0, 0}, xy{0, 0}
05-23 15:33:46.379   279   279 E HWComposer: getLayerReleaseFence: Invalid display
05-23 15:33:46.379   279   279 I chatty  : uid=1000(system) /system/bin/surfaceflinger identical 2 lines
05-23 15:33:46.379   279   279 E HWComposer: getLayerReleaseFence: Invalid display
05-23 15:33:46.387   313   843 I gralloc : Registering handle 0xa73bc600 coming from the same process
05-23 15:33:46.387   313   843 I gralloc : gralloc_unregister_buffer hnd=0xa73bc6c0, share_fd=44, share_attr_fd=45, magic=51647890, format=1, internal_format=1, byte_stride=960, flags=4, usage=0x10200, size=230400, width=240, height=240, internalWidth=240, internalHeight=240, stride=240, base=0xa8624000, writeOwner=0, attr_base=0xffffffff, yuv_info=1, fd=-1, buf_idx=0, offset=0, min_pgsz=4096, phyaddr=0
05-23 15:33:46.402   313  2005 I SPRDAVCEncoder: H264EncStrmEncode[27635] 1ms, in {0xa8624000-0x10070000, 240x240, 5}, out {0xa894e000-291, 1}, wh{0, 0}, xy{0, 0}
05-23 15:33:46.405   279   279 E HWComposer: getLayerReleaseFence: Invalid display
05-23 15:33:46.405   279   279 I chatty  : uid=1000(system) /system/bin/surfaceflinger identical 2 lines
05-23 15:33:46.405   279   279 E HWComposer: getLayerReleaseFence: Invalid display
05-23 15:33:46.412   313   843 I gralloc : Registering handle 0xa73bc6c0 coming from the same process
05-23 15:33:46.412   313   843 I gralloc : gralloc_unregister_buffer hnd=0xa73bc780, share_fd=40, share_attr_fd=41, magic=51647890, format=1, internal_format=1, byte_stride=960, flags=4, usage=0x10200, size=230400, width=240, height=240, internalWidth=240, internalHeight=240, stride=240, base=0xa88fa000, writeOwner=0, attr_base=0xffffffff, yuv_info=1, fd=-1, buf_idx=0, offset=0, min_pgsz=4096, phyaddr=0
05-23 15:33:46.431   313  2005 I SPRDAVCEncoder: H264EncStrmEncode[27636] 1ms, in {0xa88fa000-0x10070000, 240x240, 5}, out {0xa894e000-291, 1}, wh{0, 0}, xy{0, 0}
05-23 15:33:46.433   279   279 E HWComposer: getLayerReleaseFence: Invalid display
05-23 15:33:46.434   279   279 I chatty  : uid=1000(system) /system/bin/surfaceflinger identical 2 lines
05-23 15:33:46.434   279   279 E HWComposer: getLayerReleaseFence: Invalid display
05-23 15:33:46.440   313   843 I gralloc : Registering handle 0xa73bc780 coming from the same process
05-23 15:33:46.441   313   843 I gralloc : gralloc_unregister_buffer hnd=0xa73bc840, share_fd=42, share_attr_fd=43, magic=51647890, format=1, internal_format=1, byte_stride=960, flags=4, usage=0x10200, size=230400, width=240, height=240, internalWidth=240, internalHeight=240, stride=240, base=0xa8624000, writeOwner=0, attr_base=0xffffffff, yuv_info=1, fd=-1, buf_idx=0, offset=0, min_pgsz=4096, phyaddr=0
05-23 15:33:46.459   313  2005 I SPRDAVCEncoder: H264EncStrmEncode[27637] 0ms, in {0xa8624000-0x10070000, 240x240, 5}, out {0xa894e000-291, 1}, wh{0, 0}, xy{0, 0}
05-23 15:33:46.462   279   279 E HWComposer: getLayerReleaseFence: Invalid display
05-23 15:33:46.462   279   279 I chatty  : uid=1000(system) /system/bin/surfaceflinger identical 2 lines
05-23 15:33:46.462   279   279 E HWComposer: getLayerReleaseFence: Invalid display
05-23 15:33:46.469   313   843 I gralloc : Registering handle 0xa73bc840 coming from the same process
05-23 15:33:46.469   313   843 I gralloc : gralloc_unregister_buffer hnd=0xa73bc900, share_fd=36, share_attr_fd=37, magic=51647890, format=1, internal_format=1, byte_stride=960, flags=4, usage=0x10200, size=230400, width=240, height=240, internalWidth=240, internalHeight=240, stride=240, base=0xa88fa000, writeOwner=0, attr_base=0xffffffff, yuv_info=1, fd=-1, buf_idx=0, offset=0, min_pgsz=4096, phyaddr=0
05-23 15:33:46.488   313  2005 I SPRDAVCEncoder: H264EncStrmEncode[27638] 0ms, in {0xa88fa000-0x10070000, 240x240, 5}, out {0xa894e000-291, 1}, wh{0, 0}, xy{0, 0}
05-23 15:33:46.492   279   279 E HWComposer: getLayerReleaseFence: Invalid display
05-23 15:33:46.492   279   279 I chatty  : uid=1000(system) /system/bin/surfaceflinger identical 2 lines
05-23 15:33:46.492   279   279 E HWComposer: getLayerReleaseFence: Invalid display
05-23 15:33:46.499   313   843 I gralloc : Registering handle 0xa73bc900 coming from the same process
05-23 15:33:46.499   313   843 I gralloc : gralloc_unregister_buffer hnd=0xa73bc600, share_fd=38, share_attr_fd=39, magic=51647890, format=1, internal_format=1, byte_stride=960, flags=4, usage=0x10200, size=230400, width=240, height=240, internalWidth=240, internalHeight=240, stride=240, base=0xa8624000, writeOwner=0, attr_base=0xffffffff, yuv_info=1, fd=-1, buf_idx=0, offset=0, min_pgsz=4096, phyaddr=0
05-23 15:33:46.516   313  2005 I SPRDAVCEncoder: H264EncStrmEncode[27639] 0ms, in {0xa8624000-0x10070000, 240x240, 5}, out {0xa894e000-291, 1}, wh{0, 0}, xy{0, 0}
05-23 15:33:46.519   279   279 E HWComposer: getLayerReleaseFence: Invalid display
05-23 15:33:46.519   279   279 I chatty  : uid=1000(system) /system/bin/surfaceflinger identical 2 lines
05-23 15:33:46.519   279   279 E HWComposer: getLayerReleaseFence: Invalid display
05-23 15:33:46.527   313   843 I gralloc : Registering handle 0xa73bc600 coming from the same process
05-23 15:33:46.527   313   843 I gralloc : gralloc_unregister_buffer hnd=0xa73bc6c0, share_fd=44, share_attr_fd=45, magic=51647890, format=1, internal_format=1, byte_stride=960, flags=4, usage=0x10200, size=230400, width=240, height=240, internalWidth=240, internalHeight=240, stride=240, base=0xa88fa000, writeOwner=0, attr_base=0xffffffff, yuv_info=1, fd=-1, buf_idx=0, offset=0, min_pgsz=4096, phyaddr=0
05-23 15:33:46.546   313  2005 I SPRDAVCEncoder: H264EncStrmEncode[27640] 0ms, in {0xa88fa000-0x10070000, 240x240, 5}, out {0xa894e000-291, 1}, wh{0, 0}, xy{0, 0}
05-23 15:33:46.549   279   279 E HWComposer: getLayerReleaseFence: Invalid display
05-23 15:33:46.549   279   279 I chatty  : uid=1000(system) /system/bin/surfaceflinger identical 2 lines
05-23 15:33:46.549   279   279 E HWComposer: getLayerReleaseFence: Invalid display
05-23 15:33:46.557   313   843 I gralloc : Registering handle 0xa73bc6c0 coming from the same process
05-23 15:33:46.557   313   843 I gralloc : gralloc_unregister_buffer hnd=0xa73bc780, share_fd=40, share_attr_fd=41, magic=51647890, format=1, internal_format=1, byte_stride=960, flags=4, usage=0x10200, size=230400, width=240, height=240, internalWidth=240, internalHeight=240, stride=240, base=0xa8624000, writeOwner=0, attr_base=0xffffffff, yuv_info=1, fd=-1, buf_idx=0, offset=0, min_pgsz=4096, phyaddr=0
05-23 15:33:46.576   313  2005 I SPRDAVCEncoder: H264EncStrmEncode[27641] 1ms, in {0xa8624000-0x10070000, 240x240, 5}, out {0xa894e000-291, 1}, wh{0, 0}, xy{0, 0}
05-23 15:33:46.579   279   279 E HWComposer: getLayerReleaseFence: Invalid display
05-23 15:33:46.579   279   279 I chatty  : uid=1000(system) /system/bin/surfaceflinger identical 2 lines
05-23 15:33:46.579   279   279 E HWComposer: getLayerReleaseFence: Invalid display
05-23 15:33:46.586   313   843 I gralloc : Registering handle 0xa73bc780 coming from the same process
05-23 15:33:46.587   313   843 I gralloc : gralloc_unregister_buffer hnd=0xa73bc840, share_fd=42, share_attr_fd=43, magic=51647890, format=1, internal_format=1, byte_stride=960, flags=4, usage=0x10200, size=230400, width=240, height=240, internalWidth=240, internalHeight=240, stride=240, base=0xa88fa000, writeOwner=0, attr_base=0xffffffff, yuv_info=1, fd=-1, buf_idx=0, offset=0, min_pgsz=4096, phyaddr=0
05-23 15:33:46.602   313  2005 I SPRDAVCEncoder: H264EncStrmEncode[27642] 0ms, in {0xa88fa000-0x10070000, 240x240, 5}, out {0xa894e000-291, 1}, wh{0, 0}, xy{0, 0}
05-23 15:33:46.606   279   279 E HWComposer: getLayerReleaseFence: Invalid display
05-23 15:33:46.606   279   279 I chatty  : uid=1000(system) /system/bin/surfaceflinger identical 2 lines
05-23 15:33:46.606   279   279 E HWComposer: getLayerReleaseFence: Invalid display
05-23 15:33:46.612   313   843 I gralloc : Registering handle 0xa73bc840 coming from the same process
05-23 15:33:46.612   313   843 I gralloc : gralloc_unregister_buffer hnd=0xa73bc900, share_fd=36, share_attr_fd=37, magic=51647890, format=1, internal_format=1, byte_stride=960, flags=4, usage=0x10200, size=230400, width=240, height=240, internalWidth=240, internalHeight=240, stride=240, base=0xa8624000, writeOwner=0, attr_base=0xffffffff, yuv_info=1, fd=-1, buf_idx=0, offset=0, min_pgsz=4096, phyaddr=0
05-23 15:33:46.633   313  2005 I SPRDAVCEncoder: H264EncStrmEncode[27643] 0ms, in {0xa8624000-0x10070000, 240x240, 5}, out {0xa894e000-291, 1}, wh{0, 0}, xy{0, 0}
05-23 15:33:46.636   279   279 E HWComposer: getLayerReleaseFence: Invalid display
05-23 15:33:46.636   279   279 I chatty  : uid=1000(system) /system/bin/surfaceflinger identical 2 lines
05-23 15:33:46.637   279   279 E HWComposer: getLayerReleaseFence: Invalid display
05-23 15:33:46.642   313   843 I gralloc : Registering handle 0xa73bc900 coming from the same process
05-23 15:33:46.643   313   843 I gralloc : gralloc_unregister_buffer hnd=0xa73bc600, share_fd=38, share_attr_fd=39, magic=51647890, format=1, internal_format=1, byte_stride=960, flags=4, usage=0x10200, size=230400, width=240, height=240, internalWidth=240, internalHeight=240, stride=240, base=0xa88fa000, writeOwner=0, attr_base=0xffffffff, yuv_info=1, fd=-1, buf_idx=0, offset=0, min_pgsz=4096, phyaddr=0
05-23 15:33:46.660   313  2005 I SPRDAVCEncoder: H264EncStrmEncode[27644] 1ms, in {0xa88fa000-0x10070000, 240x240, 5}, out {0xa894e000-291, 1}, wh{0, 0}, xy{0, 0}
05-23 15:33:46.663   279   279 E HWComposer: getLayerReleaseFence: Invalid display
05-23 15:33:46.663   279   279 I chatty  : uid=1000(system) /system/bin/surfaceflinger identical 2 lines
05-23 15:33:46.663   279   279 E HWComposer: getLayerReleaseFence: Invalid display
05-23 15:33:46.670   313   843 I gralloc : Registering handle 0xa73bc600 coming from the same process
05-23 15:33:46.670   313   843 I gralloc : gralloc_unregister_buffer hnd=0xa73bc6c0, share_fd=44, share_attr_fd=45, magic=51647890, format=1, internal_format=1, byte_stride=960, flags=4, usage=0x10200, size=230400, width=240, height=240, internalWidth=240, internalHeight=240, stride=240, base=0xa8624000, writeOwner=0, attr_base=0xffffffff, yuv_info=1, fd=-1, buf_idx=0, offset=0, min_pgsz=4096, phyaddr=0
05-23 15:33:46.688   313  2005 I SPRDAVCEncoder: H264EncStrmEncode[27645] 0ms, in {0xa8624000-0x10070000, 240x240, 5}, out {0xa894e000-291, 1}, wh{0, 0}, xy{0, 0}
05-23 15:33:46.691   279   279 E HWComposer: getLayerReleaseFence: Invalid display
05-23 15:33:46.691   279   279 I chatty  : uid=1000(system) /system/bin/surfaceflinger identical 2 lines
05-23 15:33:46.691   279   279 E HWComposer: getLayerReleaseFence: Invalid display
05-23 15:33:46.699   313   843 I gralloc : Registering handle 0xa73bc6c0 coming from the same process
05-23 15:33:46.699   313   843 I gralloc : gralloc_unregister_buffer hnd=0xa73bc780, share_fd=40, share_attr_fd=41, magic=51647890, format=1, internal_format=1, byte_stride=960, flags=4, usage=0x10200, size=230400, width=240, height=240, internalWidth=240, internalHeight=240, stride=240, base=0xa88fa000, writeOwner=0, attr_base=0xffffffff, yuv_info=1, fd=-1, buf_idx=0, offset=0, min_pgsz=4096, phyaddr=0
05-23 15:33:46.712  1045  1099 I CPVoiceAgent: select: retrun 0
05-23 15:33:46.724   313  2005 I SPRDAVCEncoder: H264EncStrmEncode[27646] 1ms, in {0xa88fa000-0x10070000, 240x240, 5}, out {0xa894e000-291, 1}, wh{0, 0}, xy{0, 0}
05-23 15:33:46.727   279   279 E HWComposer: getLayerReleaseFence: Invalid display
05-23 15:33:46.727   279   279 I chatty  : uid=1000(system) /system/bin/surfaceflinger identical 2 lines
05-23 15:33:46.727   279   279 E HWComposer: getLayerReleaseFence: Invalid display
05-23 15:33:46.733   313   843 I gralloc : Registering handle 0xa73bc780 coming from the same process
05-23 15:33:46.734   313   843 I gralloc : gralloc_unregister_buffer hnd=0xa73bc840, share_fd=42, share_attr_fd=43, magic=51647890, format=1, internal_format=1, byte_stride=960, flags=4, usage=0x10200, size=230400, width=240, height=240, internalWidth=240, internalHeight=240, stride=240, base=0xa8624000, writeOwner=0, attr_base=0xffffffff, yuv_info=1, fd=-1, buf_idx=0, offset=0, min_pgsz=4096, phyaddr=0
